Archive member included to satisfy reference by file (symbol)

C:/Users/denis/.pico-sdk/toolchain/14_2_Rel1/bin/../lib/gcc/arm-none-eabi/14.2.1/thumb/v6-m/nofp\libgcc.a(_dvmd_tls.o)
                              CMakeFiles/MonitorAmbiental.dir/C_/Users/denis/.pico-sdk/sdk/2.2.0/src/rp2_common/pico_divider/divider_hardware.S.obj (__aeabi_idiv0)
C:/Users/denis/.pico-sdk/toolchain/14_2_Rel1/bin/../lib/gcc/arm-none-eabi/14.2.1/thumb/v6-m/nofp\libg.a(libc_a-atoi.o)
                              CMakeFiles/MonitorAmbiental.dir/C_/Users/denis/.pico-sdk/sdk/2.2.0/lib/lwip/src/core/netif.c.obj (atoi)
C:/Users/denis/.pico-sdk/toolchain/14_2_Rel1/bin/../lib/gcc/arm-none-eabi/14.2.1/thumb/v6-m/nofp\libg.a(libc_a-calloc.o)
                              CMakeFiles/MonitorAmbiental.dir/C_/Users/denis/.pico-sdk/sdk/2.2.0/src/rp2_common/pico_malloc/malloc.c.obj (calloc)
C:/Users/denis/.pico-sdk/toolchain/14_2_Rel1/bin/../lib/gcc/arm-none-eabi/14.2.1/thumb/v6-m/nofp\libg.a(libc_a-callocr.o)
                              C:/Users/denis/.pico-sdk/toolchain/14_2_Rel1/bin/../lib/gcc/arm-none-eabi/14.2.1/thumb/v6-m/nofp\libg.a(libc_a-calloc.o) (_calloc_r)
C:/Users/denis/.pico-sdk/toolchain/14_2_Rel1/bin/../lib/gcc/arm-none-eabi/14.2.1/thumb/v6-m/nofp\libg.a(libc_a-malloc.o)
                              CMakeFiles/MonitorAmbiental.dir/C_/Users/denis/.pico-sdk/sdk/2.2.0/src/rp2_common/pico_malloc/malloc.c.obj (malloc)
C:/Users/denis/.pico-sdk/toolchain/14_2_Rel1/bin/../lib/gcc/arm-none-eabi/14.2.1/thumb/v6-m/nofp\libg.a(libc_a-mallocr.o)
                              C:/Users/denis/.pico-sdk/toolchain/14_2_Rel1/bin/../lib/gcc/arm-none-eabi/14.2.1/thumb/v6-m/nofp\libg.a(libc_a-callocr.o) (_malloc_r)
C:/Users/denis/.pico-sdk/toolchain/14_2_Rel1/bin/../lib/gcc/arm-none-eabi/14.2.1/thumb/v6-m/nofp\libg.a(libc_a-mlock.o)
                              C:/Users/denis/.pico-sdk/toolchain/14_2_Rel1/bin/../lib/gcc/arm-none-eabi/14.2.1/thumb/v6-m/nofp\libg.a(libc_a-mallocr.o) (__malloc_lock)
C:/Users/denis/.pico-sdk/toolchain/14_2_Rel1/bin/../lib/gcc/arm-none-eabi/14.2.1/thumb/v6-m/nofp\libg.a(libc_a-realloc.o)
                              CMakeFiles/MonitorAmbiental.dir/C_/Users/denis/.pico-sdk/sdk/2.2.0/src/rp2_common/pico_malloc/malloc.c.obj (realloc)
C:/Users/denis/.pico-sdk/toolchain/14_2_Rel1/bin/../lib/gcc/arm-none-eabi/14.2.1/thumb/v6-m/nofp\libg.a(libc_a-reallocr.o)
                              C:/Users/denis/.pico-sdk/toolchain/14_2_Rel1/bin/../lib/gcc/arm-none-eabi/14.2.1/thumb/v6-m/nofp\libg.a(libc_a-realloc.o) (_realloc_r)
C:/Users/denis/.pico-sdk/toolchain/14_2_Rel1/bin/../lib/gcc/arm-none-eabi/14.2.1/thumb/v6-m/nofp\libg.a(libc_a-strtol.o)
                              C:/Users/denis/.pico-sdk/toolchain/14_2_Rel1/bin/../lib/gcc/arm-none-eabi/14.2.1/thumb/v6-m/nofp\libg.a(libc_a-atoi.o) (_strtol_r)
C:/Users/denis/.pico-sdk/toolchain/14_2_Rel1/bin/../lib/gcc/arm-none-eabi/14.2.1/thumb/v6-m/nofp\libg.a(libc_a-ctype_.o)
                              CMakeFiles/MonitorAmbiental.dir/C_/Users/denis/.pico-sdk/sdk/2.2.0/lib/lwip/src/core/dns.c.obj (_ctype_)
C:/Users/denis/.pico-sdk/toolchain/14_2_Rel1/bin/../lib/gcc/arm-none-eabi/14.2.1/thumb/v6-m/nofp\libg.a(libc_a-fflush.o)
                              CMakeFiles/MonitorAmbiental.dir/MonitorAmbiental.c.obj (fflush)
C:/Users/denis/.pico-sdk/toolchain/14_2_Rel1/bin/../lib/gcc/arm-none-eabi/14.2.1/thumb/v6-m/nofp\libg.a(libc_a-findfp.o)
                              C:/Users/denis/.pico-sdk/toolchain/14_2_Rel1/bin/../lib/gcc/arm-none-eabi/14.2.1/thumb/v6-m/nofp\libg.a(libc_a-fflush.o) (__sglue)
C:/Users/denis/.pico-sdk/toolchain/14_2_Rel1/bin/../lib/gcc/arm-none-eabi/14.2.1/thumb/v6-m/nofp\libg.a(libc_a-fwalk.o)
                              C:/Users/denis/.pico-sdk/toolchain/14_2_Rel1/bin/../lib/gcc/arm-none-eabi/14.2.1/thumb/v6-m/nofp\libg.a(libc_a-fflush.o) (_fwalk_sglue)
C:/Users/denis/.pico-sdk/toolchain/14_2_Rel1/bin/../lib/gcc/arm-none-eabi/14.2.1/thumb/v6-m/nofp\libg.a(libc_a-stdio.o)
                              C:/Users/denis/.pico-sdk/toolchain/14_2_Rel1/bin/../lib/gcc/arm-none-eabi/14.2.1/thumb/v6-m/nofp\libg.a(libc_a-findfp.o) (__sread)
C:/Users/denis/.pico-sdk/toolchain/14_2_Rel1/bin/../lib/gcc/arm-none-eabi/14.2.1/thumb/v6-m/nofp\libg.a(libc_a-memcmp.o)
                              CMakeFiles/MonitorAmbiental.dir/C_/Users/denis/.pico-sdk/sdk/2.2.0/src/rp2_common/pico_atomic/atomic.c.obj (memcmp)
C:/Users/denis/.pico-sdk/toolchain/14_2_Rel1/bin/../lib/gcc/arm-none-eabi/14.2.1/thumb/v6-m/nofp\libg.a(libc_a-memmove.o)
                              CMakeFiles/MonitorAmbiental.dir/C_/Users/denis/.pico-sdk/sdk/2.2.0/lib/lwip/src/core/def.c.obj (memmove)
C:/Users/denis/.pico-sdk/toolchain/14_2_Rel1/bin/../lib/gcc/arm-none-eabi/14.2.1/thumb/v6-m/nofp\libg.a(libc_a-strncmp.o)
                              CMakeFiles/MonitorAmbiental.dir/web_server.c.obj (strncmp)
[...]
Memory Configuration

Name             Origin             Length             Attributes
FLASH            0x10000000         0x00200000         xr
RAM              0x20000000         0x00040000         xrw
SCRATCH_X        0x20040000         0x00001000         xrw
SCRATCH_Y        0x20041000         0x00001000         xrw
*default*        0x00000000         0xffffffff

Linker script and memory map

LOAD C:/Users/denis/.pico-sdk/toolchain/14_2_Rel1/bin/../lib/gcc/arm-none-eabi/14.2.1/thumb/v6-m/nofp/crti.o
LOAD C:/Users/denis/.pico-sdk/toolchain/14_2_Rel1/bin/../lib/gcc/arm-none-eabi/14.2.1/thumb/v6-m/nofp/crtbegin.o
LOAD C:/Users/denis/.pico-sdk/toolchain/14_2_Rel1/bin/../lib/gcc/arm-none-eabi/14.2.1/thumb/v6-m/nofp/crt0.o

.flash_begin    0x10000000        0x0
                0x10000000                        __flash_binary_start = .

.boot2          0x10000000      0x100
                0x10000000                        __boot2_start__ = .
 *(.boot2)
 .boot2         0x10000000      0x100 pico-sdk/src/rp2040/boot_stage2/CMakeFiles/bs2_default_library.dir/./bs2_default_padded_checksummed.S.obj
                0x10000100                        __boot2_end__ = .
                0x00000001                        ASSERT (((__boot2_end__ - __boot2_start__) == 0x100), ERROR: Pico second stage bootloader must be 256 bytes in size)

.text           0x10000100    0x19524
                0x10000100                        __logical_binary_start = .
 *(.vectors)
 .vectors       0x10000100       0xd4 CMakeFiles/MonitorAmbiental.dir/C_/Users/denis/.pico-sdk/sdk/2.2.0/src/rp2_common/pico_crt0/crt0.S.obj
                0x10000100                __VECTOR_TABLE
                0x10000100                __vectors
                0x100001c0                isr_irq13
                0x100001c0                isr_irq27
                0x100001c0                isr_irq31
                0x100001c0                isr_irq12
                0x100001c0                isr_irq5
                0x100001c0                isr_irq11
                0x100001c0                isr_irq3
                0x100001c0                isr_irq23
                0x100001c0                __unhandled_user_irq
                0x100001c0                isr_irq26
                0x100001c0                isr_irq28
                0x100001c0                isr_irq19
                0x100001c0                isr_irq0
                0x100001c0                isr_irq6
                0x100001c0                isr_irq29
                0x100001c0                isr_irq16
                0x100001c0                isr_irq22
                0x100001c0                isr_irq18
                0x100001c0                isr_irq17
                0x100001c0                isr_irq14
                0x100001c0                __vectors_end
                0x100001c0                __default_isrs_start
                0x100001c0                isr_irq2
                0x100001c0                isr_irq10
                0x100001c0                isr_irq8
                0x100001c0                isr_irq24
                0x100001c0                isr_irq1
                0x100001c0                isr_irq7
                0x100001c0                isr_irq21
                0x100001c0                isr_irq20
                0x100001c0                isr_irq15
                0x100001c0                isr_irq25
                0x100001c0                isr_irq4
                0x100001c0                isr_irq30
                0x100001c0                isr_irq9
                0x100001c6                unhandled_user_irq_num_in_r0
                0x100001c8                isr_invalid
                0x100001ca                isr_nmi
                0x100001cc                isr_hardfault
                0x100001ce                isr_svcall
                0x100001d0                isr_pendsv
                0x100001d2                isr_systick
                0x100001d4                __default_isrs_end
 *(.binary_info_header)
 .binary_info_header
                0x100001d4       0x14 CMakeFiles/MonitorAmbiental.dir/C_/Users/denis/.pico-sdk/sdk/2.2.0/src/rp2_common/pico_crt0/crt0.S.obj
                0x100001e8                        __binary_info_header_end = .
 *(.embedded_block)
                0x100001e8                        __embedded_block_end = .
 *(.reset)
 .reset         0x100001e8       0x9c CMakeFiles/MonitorAmbiental.dir/C_/Users/denis/.pico-sdk/sdk/2.2.0/src/rp2_common/pico_crt0/crt0.S.obj
                0x100001e8                _entry_point
 *(.init)
 .init          0x10000284        0x4 C:/Users/denis/.pico-sdk/toolchain/14_2_Rel1/bin/../lib/gcc/arm-none-eabi/14.2.1/thumb/v6-m/nofp/crti.o
                0x10000284                _init
 *(EXCLUDE_FILE(*libm.a: *libc.a:*lib_a-mem*.o *libgcc.a:) .text*)
 .text.register_tm_clones
                0x10000288       0x28 C:/Users/denis/.pico-sdk/toolchain/14_2_Rel1/bin/../lib/gcc/arm-none-eabi/14.2.1/thumb/v6-m/nofp/crtbegin.o
 .text.frame_dummy
                0x100002b0       0x24 C:/Users/denis/.pico-sdk/toolchain/14_2_Rel1/bin/../lib/gcc/arm-none-eabi/14.2.1/thumb/v6-m/nofp/crtbegin.o
 .text.i2c_scan
                0x100002d4       0xac CMakeFiles/MonitorAmbiental.dir/MonitorAmbiental.c.obj
                0x100002d4                i2c_scan
 .text.startup.main
                0x10000380      0xae8 CMakeFiles/MonitorAmbiental.dir/MonitorAmbiental.c.obj
                0x10000380                main
 .text.ssd1306_clear
                0x10000e68       0x10 CMakeFiles/MonitorAmbiental.dir/ssd1306.c.obj
                0x10000e68                ssd1306_clear
 .text.ssd1306_show
                0x10000e78       0xc8 CMakeFiles/MonitorAmbiental.dir/ssd1306.c.obj
                0x10000e78                ssd1306_show
 .text.ssd1306_init
                0x10000f40      0x238 CMakeFiles/MonitorAmbiental.dir/ssd1306.c.obj
                0x10000f40                ssd1306_init
 .text.ssd1306_draw_char
                0x10001178      0x2fc CMakeFiles/MonitorAmbiental.dir/ssd1306.c.obj
                0x10001178                ssd1306_draw_char
 .text.ssd1306_draw_string
                0x10001474       0x28 CMakeFiles/MonitorAmbiental.dir/ssd1306.c.obj
                0x10001474                ssd1306_draw_string
 .text.bh1750_init
                0x1000149c       0x74 CMakeFiles/MonitorAmbiental.dir/bh1750.c.obj
                0x1000149c                bh1750_init
 .text.bh1750_read_light
                0x10001510       0x3c CMakeFiles/MonitorAmbiental.dir/bh1750.c.obj
                0x10001510                bh1750_read_light
 .text.aht10_init
                0x1000154c       0x68 CMakeFiles/MonitorAmbiental.dir/aht10.c.obj
                0x1000154c                aht10_init
 .text.aht10_read_temperature_humidity
                0x100015b4       0xb4 CMakeFiles/MonitorAmbiental.dir/aht10.c.obj
                0x100015b4                aht10_read_temperature_humidity
 .text.led_matrix_init
                0x10001668      0x134 CMakeFiles/MonitorAmbiental.dir/led_matrix.c.obj
                0x10001668                led_matrix_init
 .text.led_matrix_set_intensity
                0x1000179c       0x80 CMakeFiles/MonitorAmbiental.dir/led_matrix.c.obj
                0x1000179c                led_matrix_set_intensity
 .text.led_matrix_clear
                0x1000181c       0x40 CMakeFiles/MonitorAmbiental.dir/led_matrix.c.obj
                0x1000181c                led_matrix_clear
 .text.led_matrix_get_intensity_from_lux
                0x1000185c       0x3c CMakeFiles/MonitorAmbiental.dir/led_matrix.c.obj
                0x1000185c                led_matrix_get_intensity_from_lux
 .text.sensor_data_init
                0x10001898       0x20 CMakeFiles/MonitorAmbiental.dir/sensor_data.c.obj
                0x10001898                sensor_data_init
 .text.sensor_data_get
                0x100018b8       0x14 CMakeFiles/MonitorAmbiental.dir/sensor_data.c.obj
                0x100018b8                sensor_data_get
 .text.sensor_data_set_luminosity
                0x100018cc       0x2c CMakeFiles/MonitorAmbiental.dir/sensor_data.c.obj
                0x100018cc                sensor_data_set_luminosity
 .text.sensor_data_set_temp_humidity
                0x100018f8       0x30 CMakeFiles/MonitorAmbiental.dir/sensor_data.c.obj
                0x100018f8                sensor_data_set_temp_humidity
 .text.wifi_manager_init
                0x10001928       0x88 CMakeFiles/MonitorAmbiental.dir/wifi_manager.c.obj
                0x10001928                wifi_manager_init
 .text.wifi_manager_connect
                0x100019b0      0x118 CMakeFiles/MonitorAmbiental.dir/wifi_manager.c.obj
                0x100019b0                wifi_manager_connect
 .text.wifi_manager_get_ip
                0x10001ac8        0x8 CMakeFiles/MonitorAmbiental.dir/wifi_manager.c.obj
                0x10001ac8                wifi_manager_get_ip
 .text.wifi_manager_poll
                0x10001ad0        0x4 CMakeFiles/MonitorAmbiental.dir/wifi_manager.c.obj
                0x10001ad0                wifi_manager_poll
 .text.tcp_accept_callback
                0x10001ad4       0x34 CMakeFiles/MonitorAmbiental.dir/web_server.c.obj
 .text.tcp_recv_callback
                0x10001b08      0x1d4 CMakeFiles/MonitorAmbiental.dir/web_server.c.obj
 .text.web_server_init
                0x10001cdc       0xb4 CMakeFiles/MonitorAmbiental.dir/web_server.c.obj
                0x10001cdc                web_server_init
 .text.gpio_set_function
                0x10001d90       0x34 CMakeFiles/MonitorAmbiental.dir/C_/Users/denis/.pico-sdk/sdk/2.2.0/src/rp2_common/hardware_gpio/gpio.c.obj
                0x10001d90                gpio_set_function
 .text.gpio_set_pulls
                0x10001dc4       0x28 CMakeFiles/MonitorAmbiental.dir/C_/Users/denis/.pico-sdk/sdk/2.2.0/src/rp2_common/hardware_gpio/gpio.c.obj
                0x10001dc4                gpio_set_pulls
 .text.gpio_set_input_hysteresis_enabled
                0x10001dec       0x28 CMakeFiles/MonitorAmbiental.dir/C_/Users/denis/.pico-sdk/sdk/2.2.0/src/rp2_common/hardware_gpio/gpio.c.obj
                0x10001dec                gpio_set_input_hysteresis_enabled
 .text.gpio_set_irq_enabled
                0x10001e14       0x58 CMakeFiles/MonitorAmbiental.dir/C_/Users/denis/.pico-sdk/sdk/2.2.0/src/rp2_common/hardware_gpio/gpio.c.obj
                0x10001e14                gpio_set_irq_enabled
 .text.gpio_add_raw_irq_handler_with_order_priority_masked
                0x10001e6c       0x44 CMakeFiles/MonitorAmbiental.dir/C_/Users/denis/.pico-sdk/sdk/2.2.0/src/rp2_common/hardware_gpio/gpio.c.obj
                0x10001e6c                gpio_add_raw_irq_handler_with_order_priority_masked
 .text.gpio_remove_raw_irq_handler_masked
                0x10001eb0       0x20 CMakeFiles/MonitorAmbiental.dir/C_/Users/denis/.pico-sdk/sdk/2.2.0/src/rp2_common/hardware_gpio/gpio.c.obj
                0x10001eb0                gpio_remove_raw_irq_handler_masked
 .text.gpio_init
                0x10001ed0       0x40 CMakeFiles/MonitorAmbiental.dir/C_/Users/denis/.pico-sdk/sdk/2.2.0/src/rp2_common/hardware_gpio/gpio.c.obj
                0x10001ed0                gpio_init
 .text.rp2040_chip_version
                0x10001f10        0xc CMakeFiles/MonitorAmbiental.dir/C_/Users/denis/.pico-sdk/sdk/2.2.0/src/rp2040/pico_platform/platform.c.obj
                0x10001f10                rp2040_chip_version
 .text.panic    0x10001f1c       0x30 CMakeFiles/MonitorAmbiental.dir/C_/Users/denis/.pico-sdk/sdk/2.2.0/src/rp2_common/pico_platform_panic/panic.c.obj
                0x10001f1c                panic
 .text.hw_claim_lock
                0x10001f4c       0x18 CMakeFiles/MonitorAmbiental.dir/C_/Users/denis/.pico-sdk/sdk/2.2.0/src/common/hardware_claim/claim.c.obj
                0x10001f4c                hw_claim_lock
 .text.hw_claim_unlock
                0x10001f64       0x14 CMakeFiles/MonitorAmbiental.dir/C_/Users/denis/.pico-sdk/sdk/2.2.0/src/common/hardware_claim/claim.c.obj
                0x10001f64                hw_claim_unlock
 .text.hw_claim_or_assert
                0x10001f78       0x44 CMakeFiles/MonitorAmbiental.dir/C_/Users/denis/.pico-sdk/sdk/2.2.0/src/common/hardware_claim/claim.c.obj
                0x10001f78                hw_claim_or_assert
 .text.hw_claim_unused_from_range
                0x10001fbc       0x88 CMakeFiles/MonitorAmbiental.dir/C_/Users/denis/.pico-sdk/sdk/2.2.0/src/common/hardware_claim/claim.c.obj
                0x10001fbc                hw_claim_unused_from_range
 .text.hw_claim_clear
                0x10002044       0x38 CMakeFiles/MonitorAmbiental.dir/C_/Users/denis/.pico-sdk/sdk/2.2.0/src/common/hardware_claim/claim.c.obj
                0x10002044                hw_claim_clear
 .text.next_striped_spin_lock_num
                0x1000207c       0x18 CMakeFiles/MonitorAmbiental.dir/C_/Users/denis/.pico-sdk/sdk/2.2.0/src/rp2_common/hardware_sync/sync.c.obj
                0x1000207c                next_striped_spin_lock_num
 .text.spin_lock_claim_unused
                0x10002094       0x24 CMakeFiles/MonitorAmbiental.dir/C_/Users/denis/.pico-sdk/sdk/2.2.0/src/rp2_common/hardware_sync/sync.c.obj
                0x10002094                spin_lock_claim_unused
 .text.spin_locks_reset
                0x100020b8       0x1c CMakeFiles/MonitorAmbiental.dir/C_/Users/denis/.pico-sdk/sdk/2.2.0/src/rp2_common/hardware_sync_spin_lock/sync_spin_lock.c.obj
                0x100020b8                spin_locks_reset
 .text.runtime_init_per_core_irq_priorities
                0x100020d4       0x24 CMakeFiles/MonitorAmbiental.dir/C_/Users/denis/.pico-sdk/sdk/2.2.0/src/rp2_common/hardware_irq/irq.c.obj
                0x100020d4                runtime_init_per_core_irq_priorities
 .text.irq_set_enabled
                0x100020f8       0x24 CMakeFiles/MonitorAmbiental.dir/C_/Users/denis/.pico-sdk/sdk/2.2.0/src/rp2_common/hardware_irq/irq.c.obj
                0x100020f8                irq_set_enabled
 .text.irq_is_enabled
                0x1000211c       0x18 CMakeFiles/MonitorAmbiental.dir/C_/Users/denis/.pico-sdk/sdk/2.2.0/src/rp2_common/hardware_irq/irq.c.obj
                0x1000211c                irq_is_enabled
 .text.irq_set_pending
                0x10002134       0x10 CMakeFiles/MonitorAmbiental.dir/C_/Users/denis/.pico-sdk/sdk/2.2.0/src/rp2_common/hardware_irq/irq.c.obj
                0x10002134                irq_set_pending
 .text.irq_has_shared_handler
                0x10002144       0x24 CMakeFiles/MonitorAmbiental.dir/C_/Users/denis/.pico-sdk/sdk/2.2.0/src/rp2_common/hardware_irq/irq.c.obj
                0x10002144                irq_has_shared_handler
 .text.irq_set_exclusive_handler
                0x10002168       0x54 CMakeFiles/MonitorAmbiental.dir/C_/Users/denis/.pico-sdk/sdk/2.2.0/src/rp2_common/hardware_irq/irq.c.obj
                0x10002168                irq_set_exclusive_handler
 .text.irq_add_shared_handler
                0x100021bc      0x1f4 CMakeFiles/MonitorAmbiental.dir/C_/Users/denis/.pico-sdk/sdk/2.2.0/src/rp2_common/hardware_irq/irq.c.obj
                0x100021bc                irq_add_shared_handler
 .text.irq_remove_handler
                0x100023b0      0x1d4 CMakeFiles/MonitorAmbiental.dir/C_/Users/denis/.pico-sdk/sdk/2.2.0/src/rp2_common/hardware_irq/irq.c.obj
                0x100023b0                irq_remove_handler
 .text.irq_set_priority
                0x10002584       0x28 CMakeFiles/MonitorAmbiental.dir/C_/Users/denis/.pico-sdk/sdk/2.2.0/src/rp2_common/hardware_irq/irq.c.obj
                0x10002584                irq_set_priority
 .text.irq_add_tail_to_free_list
                0x100025ac       0xb4 CMakeFiles/MonitorAmbiental.dir/C_/Users/denis/.pico-sdk/sdk/2.2.0/src/rp2_common/hardware_irq/irq.c.obj
                0x100025ac                irq_add_tail_to_free_list
 .text.user_irq_unclaim
                0x10002660       0x14 CMakeFiles/MonitorAmbiental.dir/C_/Users/denis/.pico-sdk/sdk/2.2.0/src/rp2_common/hardware_irq/irq.c.obj
                0x10002660                user_irq_unclaim
 .text.user_irq_claim_unused
                0x10002674       0x2c CMakeFiles/MonitorAmbiental.dir/C_/Users/denis/.pico-sdk/sdk/2.2.0/src/rp2_common/hardware_irq/irq.c.obj
                0x10002674                user_irq_claim_unused
 .text.sem_init
                0x100026a0       0x20 CMakeFiles/MonitorAmbiental.dir/C_/Users/denis/.pico-sdk/sdk/2.2.0/src/common/pico_sync/sem.c.obj
                0x100026a0                sem_init
 .text.lock_init
                0x100026c0       0x10 CMakeFiles/MonitorAmbiental.dir/C_/Users/denis/.pico-sdk/sdk/2.2.0/src/common/pico_sync/lock_core.c.obj
                0x100026c0                lock_init
 .text.runtime_init_mutex
                0x100026d0       0x50 CMakeFiles/MonitorAmbiental.dir/C_/Users/denis/.pico-sdk/sdk/2.2.0/src/common/pico_sync/mutex.c.obj
                0x100026d0                runtime_init_mutex
 .text.mutex_init
                0x10002720       0x1c CMakeFiles/MonitorAmbiental.dir/C_/Users/denis/.pico-sdk/sdk/2.2.0/src/common/pico_sync/mutex.c.obj
                0x10002720                mutex_init
 .text.recursive_mutex_init
                0x1000273c       0x1c CMakeFiles/MonitorAmbiental.dir/C_/Users/denis/.pico-sdk/sdk/2.2.0/src/common/pico_sync/mutex.c.obj
                0x1000273c                recursive_mutex_init
 .text.critical_section_init
                0x10002758       0x1c CMakeFiles/MonitorAmbiental.dir/C_/Users/denis/.pico-sdk/sdk/2.2.0/src/common/pico_sync/critical_section.c.obj
                0x10002758                critical_section_init
 .text.critical_section_init_with_lock_num
                0x10002774       0x14 CMakeFiles/MonitorAmbiental.dir/C_/Users/denis/.pico-sdk/sdk/2.2.0/src/common/pico_sync/critical_section.c.obj
                0x10002774                critical_section_init_with_lock_num
 .text.sleep_until_callback
                0x10002788       0x30 CMakeFiles/MonitorAmbiental.dir/C_/Users/denis/.pico-sdk/sdk/2.2.0/src/common/pico_time/time.c.obj
 .text.alarm_pool_irq_handler
                0x100027b8      0x300 CMakeFiles/MonitorAmbiental.dir/C_/Users/denis/.pico-sdk/sdk/2.2.0/src/common/pico_time/time.c.obj
 .text.runtime_init_default_alarm_pool
                0x10002ab8       0xdc CMakeFiles/MonitorAmbiental.dir/C_/Users/denis/.pico-sdk/sdk/2.2.0/src/common/pico_time/time.c.obj
                0x10002ab8                runtime_init_default_alarm_pool
 .text.alarm_pool_get_default
                0x10002b94        0x8 CMakeFiles/MonitorAmbiental.dir/C_/Users/denis/.pico-sdk/sdk/2.2.0/src/common/pico_time/time.c.obj
                0x10002b94                alarm_pool_get_default
 .text.alarm_pool_add_alarm_at
                0x10002b9c       0xd0 CMakeFiles/MonitorAmbiental.dir/C_/Users/denis/.pico-sdk/sdk/2.2.0/src/common/pico_time/time.c.obj
                0x10002b9c                alarm_pool_add_alarm_at
 .text.alarm_pool_add_alarm_at_force_in_context
                0x10002c6c       0xb0 CMakeFiles/MonitorAmbiental.dir/C_/Users/denis/.pico-sdk/sdk/2.2.0/src/common/pico_time/time.c.obj
                0x10002c6c                alarm_pool_add_alarm_at_force_in_context
 .text.alarm_pool_cancel_alarm
                0x10002d1c       0x74 CMakeFiles/MonitorAmbiental.dir/C_/Users/denis/.pico-sdk/sdk/2.2.0/src/common/pico_time/time.c.obj
                0x10002d1c                alarm_pool_cancel_alarm
 .text.alarm_pool_core_num
                0x10002d90        0x4 CMakeFiles/MonitorAmbiental.dir/C_/Users/denis/.pico-sdk/sdk/2.2.0/src/common/pico_time/time.c.obj
                0x10002d90                alarm_pool_core_num
 .text.sleep_until
                0x10002d94       0xd0 CMakeFiles/MonitorAmbiental.dir/C_/Users/denis/.pico-sdk/sdk/2.2.0/src/common/pico_time/time.c.obj
                0x10002d94                sleep_until
 .text.sleep_ms
                0x10002e64       0xfc CMakeFiles/MonitorAmbiental.dir/C_/Users/denis/.pico-sdk/sdk/2.2.0/src/common/pico_time/time.c.obj
                0x10002e64                sleep_ms
 .text.best_effort_wfe_or_timeout
                0x10002f60      0x10c CMakeFiles/MonitorAmbiental.dir/C_/Users/denis/.pico-sdk/sdk/2.2.0/src/common/pico_time/time.c.obj
                0x10002f60                best_effort_wfe_or_timeout
 .text.timer_hardware_alarm_claim
                0x1000306c       0x14 CMakeFiles/MonitorAmbiental.dir/C_/Users/denis/.pico-sdk/sdk/2.2.0/src/rp2_common/hardware_timer/timer.c.obj
                0x1000306c                timer_hardware_alarm_claim
 .text.timer_time_us_64
                0x10003080       0x10 CMakeFiles/MonitorAmbiental.dir/C_/Users/denis/.pico-sdk/sdk/2.2.0/src/rp2_common/hardware_timer/timer.c.obj
                0x10003080                timer_time_us_64
 .text.time_us_64
                0x10003090       0x14 CMakeFiles/MonitorAmbiental.dir/C_/Users/denis/.pico-sdk/sdk/2.2.0/src/rp2_common/hardware_timer/timer.c.obj
                0x10003090                time_us_64
 .text.busy_wait_us
                0x100030a4       0x68 CMakeFiles/MonitorAmbiental.dir/C_/Users/denis/.pico-sdk/sdk/2.2.0/src/rp2_common/hardware_timer/timer.c.obj
                0x100030a4                busy_wait_us
 .text.busy_wait_until
                0x1000310c       0x20 CMakeFiles/MonitorAmbiental.dir/C_/Users/denis/.pico-sdk/sdk/2.2.0/src/rp2_common/hardware_timer/timer.c.obj
                0x1000310c                busy_wait_until
 .text.uart_init
                0x1000312c      0x120 CMakeFiles/MonitorAmbiental.dir/C_/Users/denis/.pico-sdk/sdk/2.2.0/src/rp2_common/hardware_uart/uart.c.obj
                0x1000312c                uart_init
 .text.clock_configure_int_divider
                0x1000324c       0xf4 CMakeFiles/MonitorAmbiental.dir/C_/Users/denis/.pico-sdk/sdk/2.2.0/src/rp2_common/hardware_clocks/clocks.c.obj
                0x1000324c                clock_configure_int_divider
 .text.clock_configure_undivided
                0x10003340       0xe8 CMakeFiles/MonitorAmbiental.dir/C_/Users/denis/.pico-sdk/sdk/2.2.0/src/rp2_common/hardware_clocks/clocks.c.obj
                0x10003340                clock_configure_undivided
 .text.clock_get_hz
                0x10003428        0xc CMakeFiles/MonitorAmbiental.dir/C_/Users/denis/.pico-sdk/sdk/2.2.0/src/rp2_common/hardware_clocks/clocks.c.obj
                0x10003428                clock_get_hz
 .text.pll_init
                0x10003434       0xa4 CMakeFiles/MonitorAmbiental.dir/C_/Users/denis/.pico-sdk/sdk/2.2.0/src/rp2_common/hardware_pll/pll.c.obj
                0x10003434                pll_init
 .text.watchdog_reboot
                0x100034d8       0x9c CMakeFiles/MonitorAmbiental.dir/C_/Users/denis/.pico-sdk/sdk/2.2.0/src/rp2_common/hardware_watchdog/watchdog.c.obj
                0x100034d8                watchdog_reboot
 .text.tick_start
                0x10003574       0x10 CMakeFiles/MonitorAmbiental.dir/C_/Users/denis/.pico-sdk/sdk/2.2.0/src/rp2_common/hardware_ticks/ticks.c.obj
                0x10003574                tick_start
 .text.rom_func_lookup
                0x10003584       0x10 CMakeFiles/MonitorAmbiental.dir/C_/Users/denis/.pico-sdk/sdk/2.2.0/src/rp2_common/pico_bootrom/bootrom.c.obj
                0x10003584                rom_func_lookup
 .text.rom_data_lookup
                0x10003594       0x10 CMakeFiles/MonitorAmbiental.dir/C_/Users/denis/.pico-sdk/sdk/2.2.0/src/rp2_common/pico_bootrom/bootrom.c.obj
                0x10003594                rom_data_lookup
 .text.rom_funcs_lookup
                0x100035a4       0x44 CMakeFiles/MonitorAmbiental.dir/C_/Users/denis/.pico-sdk/sdk/2.2.0/src/rp2_common/pico_bootrom/bootrom.c.obj
                0x100035a4                rom_funcs_lookup
 .text.rom_reset_usb_boot_extra
                0x100035e8       0x24 CMakeFiles/MonitorAmbiental.dir/C_/Users/denis/.pico-sdk/sdk/2.2.0/src/rp2_common/pico_bootrom/bootrom.c.obj
                0x100035e8                rom_reset_usb_boot_extra
 .text.xosc_init
                0x1000360c       0x28 CMakeFiles/MonitorAmbiental.dir/C_/Users/denis/.pico-sdk/sdk/2.2.0/src/rp2_common/hardware_xosc/xosc.c.obj
                0x1000360c                xosc_init
 .text.first_per_core_initializer
                0x10003634        0x4 CMakeFiles/MonitorAmbiental.dir/C_/Users/denis/.pico-sdk/sdk/2.2.0/src/rp2_common/pico_runtime/runtime.c.obj
 .text.hard_assertion_failure
                0x10003638        0xc CMakeFiles/MonitorAmbiental.dir/C_/Users/denis/.pico-sdk/sdk/2.2.0/src/rp2_common/pico_runtime/runtime.c.obj
                0x10003638                hard_assertion_failure
 .text.runtime_run_initializers
                0x10003644       0x28 CMakeFiles/MonitorAmbiental.dir/C_/Users/denis/.pico-sdk/sdk/2.2.0/src/rp2_common/pico_runtime/runtime.c.obj
                0x10003644                runtime_run_initializers
 .text.runtime_init_early_resets
                0x1000366c       0x2c CMakeFiles/MonitorAmbiental.dir/C_/Users/denis/.pico-sdk/sdk/2.2.0/src/rp2_common/pico_runtime_init/runtime_init.c.obj
                0x1000366c                runtime_init_early_resets
 .text.runtime_init_usb_power_down
                0x10003698       0x1c CMakeFiles/MonitorAmbiental.dir/C_/Users/denis/.pico-sdk/sdk/2.2.0/src/rp2_common/pico_runtime_init/runtime_init.c.obj
                0x10003698                runtime_init_usb_power_down
 .text.runtime_init_post_clock_resets
                0x100036b4       0x20 CMakeFiles/MonitorAmbiental.dir/C_/Users/denis/.pico-sdk/sdk/2.2.0/src/rp2_common/pico_runtime_init/runtime_init.c.obj
                0x100036b4                runtime_init_post_clock_resets
 .text.runtime_init_rp2040_gpio_ie_disable
                0x100036d4       0x14 CMakeFiles/MonitorAmbiental.dir/C_/Users/denis/.pico-sdk/sdk/2.2.0/src/rp2_common/pico_runtime_init/runtime_init.c.obj
                0x100036d4                runtime_init_rp2040_gpio_ie_disable
 .text.runtime_init_spin_locks_reset
                0x100036e8        0x8 CMakeFiles/MonitorAmbiental.dir/C_/Users/denis/.pico-sdk/sdk/2.2.0/src/rp2_common/pico_runtime_init/runtime_init.c.obj
                0x100036e8                runtime_init_spin_locks_reset
 .text.runtime_init_install_ram_vector_table
                0x100036f0       0xb4 CMakeFiles/MonitorAmbiental.dir/C_/Users/denis/.pico-sdk/sdk/2.2.0/src/rp2_common/pico_runtime_init/runtime_init.c.obj
                0x100036f0                runtime_init_install_ram_vector_table
 .text.runtime_init_clocks
                0x100037a4       0xd8 CMakeFiles/MonitorAmbiental.dir/C_/Users/denis/.pico-sdk/sdk/2.2.0/src/rp2_common/pico_runtime_init/runtime_init_clocks.c.obj
                0x100037a4                runtime_init_clocks
 .text          0x1000387c       0x10 CMakeFiles/MonitorAmbiental.dir/C_/Users/denis/.pico-sdk/sdk/2.2.0/src/rp2_common/pico_bit_ops/bit_ops_aeabi.S.obj
 .text.ctzsi    0x1000388c        0xc CMakeFiles/MonitorAmbiental.dir/C_/Users/denis/.pico-sdk/sdk/2.2.0/src/rp2_common/pico_bit_ops/bit_ops_aeabi.S.obj
                0x1000388c                __wrap___ctzsi2
 .text.__wrap___aeabi_idiv
                0x10003898       0x50 CMakeFiles/MonitorAmbiental.dir/C_/Users/denis/.pico-sdk/sdk/2.2.0/src/rp2_common/pico_divider/divider_hardware.S.obj
                0x10003898                __wrap___aeabi_idivmod
                0x10003898                divmod_s32s32
                0x10003898                div_s32s32
                0x10003898                __wrap___aeabi_idiv
                0x100038a0                divmod_s32s32_unsafe
                0x100038cc                divmod_s32s32_savestate
 .text.__wrap___aeabi_uidiv
                0x100038e8       0x4c CMakeFiles/MonitorAmbiental.dir/C_/Users/denis/.pico-sdk/sdk/2.2.0/src/rp2_common/pico_divider/divider_hardware.S.obj
                0x100038e8                __wrap___aeabi_uidiv
                0x100038e8                __wrap___aeabi_uidivmod
                0x100038e8                div_u32u32
                0x100038e8                divmod_u32u32
                0x100038f0                divmod_u32u32_unsafe
                0x10003918                divmod_u32u32_savestate
 .text.__wrap___aeabi_ldiv
                0x10003934      0x424 CMakeFiles/MonitorAmbiental.dir/C_/Users/denis/.pico-sdk/sdk/2.2.0/src/rp2_common/pico_divider/divider_hardware.S.obj
                0x10003934                div_s64s64
                0x10003934                divmod_s64s64
                0x10003934                __wrap___aeabi_ldivmod
                0x10003964                divmod_u64u64
                0x10003964                div_u64u64
                0x10003964                __wrap___aeabi_uldivmod
                0x10003974                divmod_u64u64_savestate
                0x10003994                divmod_s64s64_unsafe
                0x10003a1c                divmod_u64u64_unsafe
 .text.__wrap___aeabi_darithmetic
                0x10003d58       0x60 CMakeFiles/MonitorAmbiental.dir/C_/Users/denis/.pico-sdk/sdk/2.2.0/src/rp2_common/pico_double/double_aeabi_rp2040.S.obj
                0x10003d58                __wrap___aeabi_drsub
                0x10003d5e                __wrap___aeabi_dsub
                0x10003d68                __wrap___aeabi_dadd
                0x10003d72                __wrap___aeabi_ddiv
                0x10003da6                __wrap___aeabi_dmul
 .text.__wrap___aeabi_cdcmple
                0x10003db8       0x6c CMakeFiles/MonitorAmbiental.dir/C_/Users/denis/.pico-sdk/sdk/2.2.0/src/rp2_common/pico_double/double_aeabi_rp2040.S.obj
                0x10003db8                __wrap___aeabi_cdrcmple
                0x10003dc8                __wrap___aeabi_cdcmpeq
                0x10003dc8                __wrap___aeabi_cdcmple
 .text.__wrap___aeabi_dcmplt
                0x10003e24        0xc CMakeFiles/MonitorAmbiental.dir/C_/Users/denis/.pico-sdk/sdk/2.2.0/src/rp2_common/pico_double/double_aeabi_rp2040.S.obj
                0x10003e24                __wrap___aeabi_dcmplt
 .text.__wrap___aeabi_dcmple
                0x10003e30       0x10 CMakeFiles/MonitorAmbiental.dir/C_/Users/denis/.pico-sdk/sdk/2.2.0/src/rp2_common/pico_double/double_aeabi_rp2040.S.obj
                0x10003e30                __wrap___aeabi_dcmple
 .text.__wrap___aeabi_dcmpge
                0x10003e40       0x10 CMakeFiles/MonitorAmbiental.dir/C_/Users/denis/.pico-sdk/sdk/2.2.0/src/rp2_common/pico_double/double_aeabi_rp2040.S.obj
                0x10003e40                __wrap___aeabi_dcmpge
 .text.__wrap___aeabi_dcmpgt
                0x10003e50        0xa CMakeFiles/MonitorAmbiental.dir/C_/Users/denis/.pico-sdk/sdk/2.2.0/src/rp2_common/pico_double/double_aeabi_rp2040.S.obj
                0x10003e50                __wrap___aeabi_dcmpgt
 .text.__wrap___aeabi_dcmpun
                0x10003e5a       0x18 CMakeFiles/MonitorAmbiental.dir/C_/Users/denis/.pico-sdk/sdk/2.2.0/src/rp2_common/pico_double/double_aeabi_rp2040.S.obj
                0x10003e5a                __wrap___aeabi_dcmpun
 *fill*         0x10003e72        0x2 
 .text.__wrap___aeabi_i2d
                0x10003e74       0x38 CMakeFiles/MonitorAmbiental.dir/C_/Users/denis/.pico-sdk/sdk/2.2.0/src/rp2_common/pico_double/double_aeabi_rp2040.S.obj
                0x10003e74                uint2double
                0x10003e74                __wrap___aeabi_ui2d
                0x10003e7c                int2double
                0x10003e7c                __wrap___aeabi_i2d
 .text.__wrap___aeabi_d2iz
                0x10003eac       0x48 CMakeFiles/MonitorAmbiental.dir/C_/Users/denis/.pico-sdk/sdk/2.2.0/src/rp2_common/pico_double/double_aeabi_rp2040.S.obj
                0x10003eac                double2int_z
                0x10003eac                __wrap___aeabi_d2iz
 .text.__wrap___aeabi_d2uiz
                0x10003ef4       0x10 CMakeFiles/MonitorAmbiental.dir/C_/Users/denis/.pico-sdk/sdk/2.2.0/src/rp2_common/pico_double/double_aeabi_rp2040.S.obj
                0x10003ef4                double2uint
                0x10003ef4                __wrap___aeabi_d2uiz
                0x10003ef4                double2uint_z
 .text.missing_double_func_shim
                0x10003f04        0xc CMakeFiles/MonitorAmbiental.dir/C_/Users/denis/.pico-sdk/sdk/2.2.0/src/rp2_common/pico_double/double_init_rom_rp2040.c.obj
 .text.__aeabi_double_init
                0x10003f10       0xa0 CMakeFiles/MonitorAmbiental.dir/C_/Users/denis/.pico-sdk/sdk/2.2.0/src/rp2_common/pico_double/double_init_rom_rp2040.c.obj
                0x10003f10                __aeabi_double_init
 .text.double_table_shim_on_use_helper
                0x10003fb0       0x2c CMakeFiles/MonitorAmbiental.dir/C_/Users/denis/.pico-sdk/sdk/2.2.0/src/rp2_common/pico_double/double_v1_rom_shim_rp2040.S.obj
                0x10003fb0                double_table_shim_on_use_helper
 .text.__aeabi_lmul
                0x10003fdc       0x32 CMakeFiles/MonitorAmbiental.dir/C_/Users/denis/.pico-sdk/sdk/2.2.0/src/rp2_common/pico_int64_ops/pico_int64_ops_aeabi.S.obj
                0x10003fdc                __wrap___aeabi_lmul
 *fill*         0x1000400e        0x2 
 .text.__wrap___aeabi_farithmetic
                0x10004010       0x48 CMakeFiles/MonitorAmbiental.dir/C_/Users/denis/.pico-sdk/sdk/2.2.0/src/rp2_common/pico_float/float_aeabi_rp2040.S.obj
                0x10004010                __wrap___aeabi_frsub
                0x10004016                __wrap___aeabi_fsub
                0x1000401c                __wrap___aeabi_fadd
                0x10004022                __wrap___aeabi_fdiv
                0x1000404a                __wrap___aeabi_fmul
 .text.__wrap___aeabi_cfcmple
                0x10004058       0x50 CMakeFiles/MonitorAmbiental.dir/C_/Users/denis/.pico-sdk/sdk/2.2.0/src/rp2_common/pico_float/float_aeabi_rp2040.S.obj
                0x10004058                __wrap___aeabi_cfrcmple
                0x10004064                __wrap___aeabi_cfcmple
                0x10004064                __wrap___aeabi_cfcmpeq
 .text.__wrap___aeabi_fcmplt
                0x100040a8        0xc CMakeFiles/MonitorAmbiental.dir/C_/Users/denis/.pico-sdk/sdk/2.2.0/src/rp2_common/pico_float/float_aeabi_rp2040.S.obj
                0x100040a8                __wrap___aeabi_fcmplt
 .text.__wrap___aeabi_ui2f
                0x100040b4        0xa CMakeFiles/MonitorAmbiental.dir/C_/Users/denis/.pico-sdk/sdk/2.2.0/src/rp2_common/pico_float/float_aeabi_rp2040.S.obj
                0x100040b4                __wrap___aeabi_ui2f
                0x100040b4                uint2float
 *fill*         0x100040be        0x2 
 .text.__wrap___aeabi_i2f
                0x100040c0       0x44 CMakeFiles/MonitorAmbiental.dir/C_/Users/denis/.pico-sdk/sdk/2.2.0/src/rp2_common/pico_float/float_aeabi_rp2040.S.obj
                0x100040c0                __wrap___aeabi_i2f
                0x100040c0                int2float
 .text.__wrap___aeabi_f2uiz
                0x10004104        0xc CMakeFiles/MonitorAmbiental.dir/C_/Users/denis/.pico-sdk/sdk/2.2.0/src/rp2_common/pico_float/float_aeabi_rp2040.S.obj
                0x10004104                float2uint_z
                0x10004104                __wrap___aeabi_f2uiz
                0x10004104                float2uint
 .text.__wrap___aeabi_f2d
                0x10004110        0xc CMakeFiles/MonitorAmbiental.dir/C_/Users/denis/.pico-sdk/sdk/2.2.0/src/rp2_common/pico_float/float_aeabi_rp2040.S.obj
                0x10004110                __wrap___aeabi_f2d
 .text.missing_float_func_shim
                0x1000411c        0xc CMakeFiles/MonitorAmbiental.dir/C_/Users/denis/.pico-sdk/sdk/2.2.0/src/rp2_common/pico_float/float_init_rom_rp2040.c.obj
 .text.__aeabi_float_init
                0x10004128       0x5c CMakeFiles/MonitorAmbiental.dir/C_/Users/denis/.pico-sdk/sdk/2.2.0/src/rp2_common/pico_float/float_init_rom_rp2040.c.obj
                0x10004128                __aeabi_float_init
 .text          0x10004184       0x10 CMakeFiles/MonitorAmbiental.dir/C_/Users/denis/.pico-sdk/sdk/2.2.0/src/rp2_common/pico_mem_ops/mem_ops_aeabi.S.obj
                0x10004184                __aeabi_mem_init
 .text.memset   0x10004194        0xc CMakeFiles/MonitorAmbiental.dir/C_/Users/denis/.pico-sdk/sdk/2.2.0/src/rp2_common/pico_mem_ops/mem_ops_aeabi.S.obj
                0x10004194                __wrap_memset
 .text.memcpy   0x100041a0        0xc CMakeFiles/MonitorAmbiental.dir/C_/Users/denis/.pico-sdk/sdk/2.2.0/src/rp2_common/pico_mem_ops/mem_ops_aeabi.S.obj
                0x100041a0                __wrap_memcpy
                0x100041a0                __wrap___aeabi_memcpy
 .text._out_buffer
                0x100041ac        0x8 CMakeFiles/MonitorAmbiental.dir/C_/Users/denis/.pico-sdk/sdk/2.2.0/src/rp2_common/pico_printf/printf.c.obj
 .text._out_null
                0x100041b4        0x4 CMakeFiles/MonitorAmbiental.dir/C_/Users/denis/.pico-sdk/sdk/2.2.0/src/rp2_common/pico_printf/printf.c.obj
 .text._out_rev
                0x100041b8       0xac CMakeFiles/MonitorAmbiental.dir/C_/Users/denis/.pico-sdk/sdk/2.2.0/src/rp2_common/pico_printf/printf.c.obj
 .text._ntoa_format
                0x10004264      0x1cc CMakeFiles/MonitorAmbiental.dir/C_/Users/denis/.pico-sdk/sdk/2.2.0/src/rp2_common/pico_printf/printf.c.obj
 .text._out_char
                0x10004430       0x10 CMakeFiles/MonitorAmbiental.dir/C_/Users/denis/.pico-sdk/sdk/2.2.0/src/rp2_common/pico_printf/printf.c.obj
 .text._out_fct
                0x10004440       0x10 CMakeFiles/MonitorAmbiental.dir/C_/Users/denis/.pico-sdk/sdk/2.2.0/src/rp2_common/pico_printf/printf.c.obj
 .text._ftoa    0x10004450      0x4a8 CMakeFiles/MonitorAmbiental.dir/C_/Users/denis/.pico-sdk/sdk/2.2.0/src/rp2_common/pico_printf/printf.c.obj
 .text._etoa    0x100048f8      0x57c CMakeFiles/MonitorAmbiental.dir/C_/Users/denis/.pico-sdk/sdk/2.2.0/src/rp2_common/pico_printf/printf.c.obj
 .text._vsnprintf
                0x10004e74      0xbe0 CMakeFiles/MonitorAmbiental.dir/C_/Users/denis/.pico-sdk/sdk/2.2.0/src/rp2_common/pico_printf/printf.c.obj
 .text.__wrap_snprintf
                0x10005a54       0x28 CMakeFiles/MonitorAmbiental.dir/C_/Users/denis/.pico-sdk/sdk/2.2.0/src/rp2_common/pico_printf/printf.c.obj
                0x10005a54                __wrap_snprintf
 .text.vfctprintf
                0x10005a7c       0x24 CMakeFiles/MonitorAmbiental.dir/C_/Users/denis/.pico-sdk/sdk/2.2.0/src/rp2_common/pico_printf/printf.c.obj
                0x10005a7c                vfctprintf
 .text.weak_raw_vprintf
                0x10005aa0       0x30 CMakeFiles/MonitorAmbiental.dir/C_/Users/denis/.pico-sdk/sdk/2.2.0/src/rp2_common/pico_printf/printf.c.obj
                0x10005aa0                weak_raw_vprintf
 .text._exit    0x10005ad0        0x4 CMakeFiles/MonitorAmbiental.dir/C_/Users/denis/.pico-sdk/sdk/2.2.0/src/rp2_common/pico_clib_interface/newlib_interface.c.obj
                0x10005ad0                _exit
 .text._sbrk    0x10005ad4       0x34 CMakeFiles/MonitorAmbiental.dir/C_/Users/denis/.pico-sdk/sdk/2.2.0/src/rp2_common/pico_clib_interface/newlib_interface.c.obj
                0x10005ad4                _sbrk
 .text._read    0x10005b08       0x24 CMakeFiles/MonitorAmbiental.dir/C_/Users/denis/.pico-sdk/sdk/2.2.0/src/rp2_common/pico_clib_interface/newlib_interface.c.obj
                0x10005b08                _read
 .text._write   0x10005b2c       0x24 CMakeFiles/MonitorAmbiental.dir/C_/Users/denis/.pico-sdk/sdk/2.2.0/src/rp2_common/pico_clib_interface/newlib_interface.c.obj
                0x10005b2c                _write
 .text._close   0x10005b50        0x8 CMakeFiles/MonitorAmbiental.dir/C_/Users/denis/.pico-sdk/sdk/2.2.0/src/rp2_common/pico_clib_interface/newlib_interface.c.obj
                0x10005b50                _close
 .text._lseek   0x10005b58        0x8 CMakeFiles/MonitorAmbiental.dir/C_/Users/denis/.pico-sdk/sdk/2.2.0/src/rp2_common/pico_clib_interface/newlib_interface.c.obj
                0x10005b58                _lseek
 .text.exit     0x10005b60        0x8 CMakeFiles/MonitorAmbiental.dir/C_/Users/denis/.pico-sdk/sdk/2.2.0/src/rp2_common/pico_clib_interface/newlib_interface.c.obj
                0x10005b60                exit
 .text.runtime_init
                0x10005b68       0x2c CMakeFiles/MonitorAmbiental.dir/C_/Users/denis/.pico-sdk/sdk/2.2.0/src/rp2_common/pico_clib_interface/newlib_interface.c.obj
                0x10005b68                runtime_init
 .text.stdio_out_chars_no_crlf
                0x10005b94       0x10 CMakeFiles/MonitorAmbiental.dir/C_/Users/denis/.pico-sdk/sdk/2.2.0/src/rp2_common/pico_stdio/stdio.c.obj
 .text.stdio_out_chars_crlf
                0x10005ba4       0xb0 CMakeFiles/MonitorAmbiental.dir/C_/Users/denis/.pico-sdk/sdk/2.2.0/src/rp2_common/pico_stdio/stdio.c.obj
 .text.stdio_buffered_printer
                0x10005c54       0x64 CMakeFiles/MonitorAmbiental.dir/C_/Users/denis/.pico-sdk/sdk/2.2.0/src/rp2_common/pico_stdio/stdio.c.obj
 .text.stdio_put_string
                0x10005cb8       0xfc CMakeFiles/MonitorAmbiental.dir/C_/Users/denis/.pico-sdk/sdk/2.2.0/src/rp2_common/pico_stdio/stdio.c.obj
                0x10005cb8                stdio_put_string
 .text.stdio_get_until
                0x10005db4       0x84 CMakeFiles/MonitorAmbiental.dir/C_/Users/denis/.pico-sdk/sdk/2.2.0/src/rp2_common/pico_stdio/stdio.c.obj
                0x10005db4                stdio_get_until
 .text.stdio_set_driver_enabled
                0x10005e38       0x30 CMakeFiles/MonitorAmbiental.dir/C_/Users/denis/.pico-sdk/sdk/2.2.0/src/rp2_common/pico_stdio/stdio.c.obj
                0x10005e38                stdio_set_driver_enabled
 .text.stdio_init_all
                0x10005e68       0x10 CMakeFiles/MonitorAmbiental.dir/C_/Users/denis/.pico-sdk/sdk/2.2.0/src/rp2_common/pico_stdio/stdio.c.obj
                0x10005e68                stdio_init_all
 .text.__wrap_putchar
                0x10005e78       0x94 CMakeFiles/MonitorAmbiental.dir/C_/Users/denis/.pico-sdk/sdk/2.2.0/src/rp2_common/pico_stdio/stdio.c.obj
                0x10005e78                __wrap_putchar
                0x10005e78                stdio_putchar
 .text.__wrap_puts
                0x10005f0c       0x3c CMakeFiles/MonitorAmbiental.dir/C_/Users/denis/.pico-sdk/sdk/2.2.0/src/rp2_common/pico_stdio/stdio.c.obj
                0x10005f0c                stdio_puts
                0x10005f0c                __wrap_puts
 .text.__wrap_vprintf
                0x10005f48       0xcc CMakeFiles/MonitorAmbiental.dir/C_/Users/denis/.pico-sdk/sdk/2.2.0/src/rp2_common/pico_stdio/stdio.c.obj
                0x10005f48                stdio_vprintf
                0x10005f48                __wrap_vprintf
 .text.__wrap_printf
                0x10006014       0x18 CMakeFiles/MonitorAmbiental.dir/C_/Users/denis/.pico-sdk/sdk/2.2.0/src/rp2_common/pico_stdio/stdio.c.obj
                0x10006014                __wrap_printf
                0x10006014                stdio_printf
 .text.stdio_uart_out_chars
                0x1000602c       0x4c CMakeFiles/MonitorAmbiental.dir/C_/Users/denis/.pico-sdk/sdk/2.2.0/src/rp2_common/pico_stdio_uart/stdio_uart.c.obj
 .text.stdio_uart_in_chars
                0x10006078       0x90 CMakeFiles/MonitorAmbiental.dir/C_/Users/denis/.pico-sdk/sdk/2.2.0/src/rp2_common/pico_stdio_uart/stdio_uart.c.obj
                0x10006078                stdio_uart_in_chars
 .text.on_uart_rx
                0x10006108       0x28 CMakeFiles/MonitorAmbiental.dir/C_/Users/denis/.pico-sdk/sdk/2.2.0/src/rp2_common/pico_stdio_uart/stdio_uart.c.obj
 .text.stdio_uart_out_flush
                0x10006130       0x14 CMakeFiles/MonitorAmbiental.dir/C_/Users/denis/.pico-sdk/sdk/2.2.0/src/rp2_common/pico_stdio_uart/stdio_uart.c.obj
 .text.stdio_uart_set_chars_available_callback
                0x10006144       0x84 CMakeFiles/MonitorAmbiental.dir/C_/Users/denis/.pico-sdk/sdk/2.2.0/src/rp2_common/pico_stdio_uart/stdio_uart.c.obj
 .text.stdio_uart_init
                0x100061c8       0x50 CMakeFiles/MonitorAmbiental.dir/C_/Users/denis/.pico-sdk/sdk/2.2.0/src/rp2_common/pico_stdio_uart/stdio_uart.c.obj
                0x100061c8                stdio_uart_init
 .text.resetd_init
                0x10006218        0x4 CMakeFiles/MonitorAmbiental.dir/C_/Users/denis/.pico-sdk/sdk/2.2.0/src/rp2_common/pico_stdio_usb/reset_interface.c.obj
 .text.resetd_reset
                0x1000621c        0xc CMakeFiles/MonitorAmbiental.dir/C_/Users/denis/.pico-sdk/sdk/2.2.0/src/rp2_common/pico_stdio_usb/reset_interface.c.obj
 .text.resetd_open
                0x10006228       0x28 CMakeFiles/MonitorAmbiental.dir/C_/Users/denis/.pico-sdk/sdk/2.2.0/src/rp2_common/pico_stdio_usb/reset_interface.c.obj
 .text.resetd_xfer_cb
                0x10006250        0x4 CMakeFiles/MonitorAmbiental.dir/C_/Users/denis/.pico-sdk/sdk/2.2.0/src/rp2_common/pico_stdio_usb/reset_interface.c.obj
 .text.resetd_control_xfer_cb
                0x10006254       0x54 CMakeFiles/MonitorAmbiental.dir/C_/Users/denis/.pico-sdk/sdk/2.2.0/src/rp2_common/pico_stdio_usb/reset_interface.c.obj
 .text.tud_descriptor_bos_cb
                0x100062a8        0x8 CMakeFiles/MonitorAmbiental.dir/C_/Users/denis/.pico-sdk/sdk/2.2.0/src/rp2_common/pico_stdio_usb/reset_interface.c.obj
                0x100062a8                tud_descriptor_bos_cb
 .text.tud_vendor_control_xfer_cb
                0x100062b0       0x34 CMakeFiles/MonitorAmbiental.dir/C_/Users/denis/.pico-sdk/sdk/2.2.0/src/rp2_common/pico_stdio_usb/reset_interface.c.obj
                0x100062b0                tud_vendor_control_xfer_cb
 .text.usbd_app_driver_get_cb
                0x100062e4        0xc CMakeFiles/MonitorAmbiental.dir/C_/Users/denis/.pico-sdk/sdk/2.2.0/src/rp2_common/pico_stdio_usb/reset_interface.c.obj
                0x100062e4                usbd_app_driver_get_cb
 .text.tud_cdc_line_coding_cb
                0x100062f0       0x2c CMakeFiles/MonitorAmbiental.dir/C_/Users/denis/.pico-sdk/sdk/2.2.0/src/rp2_common/pico_stdio_usb/reset_interface.c.obj
                0x100062f0                tud_cdc_line_coding_cb
 .text.stdio_usb_set_chars_available_callback
                0x1000631c       0x14 CMakeFiles/MonitorAmbiental.dir/C_/Users/denis/.pico-sdk/sdk/2.2.0/src/rp2_common/pico_stdio_usb/stdio_usb.c.obj
                0x1000631c                stdio_usb_set_chars_available_callback
 .text.usb_irq  0x10006330       0x10 CMakeFiles/MonitorAmbiental.dir/C_/Users/denis/.pico-sdk/sdk/2.2.0/src/rp2_common/pico_stdio_usb/stdio_usb.c.obj
 .text.timer_task
                0x10006340       0x64 CMakeFiles/MonitorAmbiental.dir/C_/Users/denis/.pico-sdk/sdk/2.2.0/src/rp2_common/pico_stdio_usb/stdio_usb.c.obj
 .text.stdio_usb_in_chars
                0x100063a4       0x8c CMakeFiles/MonitorAmbiental.dir/C_/Users/denis/.pico-sdk/sdk/2.2.0/src/rp2_common/pico_stdio_usb/stdio_usb.c.obj
                0x100063a4                stdio_usb_in_chars
 .text.stdio_usb_out_flush
                0x10006430       0x4c CMakeFiles/MonitorAmbiental.dir/C_/Users/denis/.pico-sdk/sdk/2.2.0/src/rp2_common/pico_stdio_usb/stdio_usb.c.obj
 .text.stdio_usb_out_chars
                0x1000647c      0x100 CMakeFiles/MonitorAmbiental.dir/C_/Users/denis/.pico-sdk/sdk/2.2.0/src/rp2_common/pico_stdio_usb/stdio_usb.c.obj
 .text.low_priority_worker_irq
                0x1000657c       0xc8 CMakeFiles/MonitorAmbiental.dir/C_/Users/denis/.pico-sdk/sdk/2.2.0/src/rp2_common/pico_stdio_usb/stdio_usb.c.obj
 .text.stdio_usb_init
                0x10006644       0xe8 CMakeFiles/MonitorAmbiental.dir/C_/Users/denis/.pico-sdk/sdk/2.2.0/src/rp2_common/pico_stdio_usb/stdio_usb.c.obj
                0x10006644                stdio_usb_init
 .text.tud_descriptor_device_cb
                0x1000672c        0x8 CMakeFiles/MonitorAmbiental.dir/C_/Users/denis/.pico-sdk/sdk/2.2.0/src/rp2_common/pico_stdio_usb/stdio_usb_descriptors.c.obj
                0x1000672c                tud_descriptor_device_cb
 .text.tud_descriptor_configuration_cb
                0x10006734        0x8 CMakeFiles/MonitorAmbiental.dir/C_/Users/denis/.pico-sdk/sdk/2.2.0/src/rp2_common/pico_stdio_usb/stdio_usb_descriptors.c.obj
                0x10006734                tud_descriptor_configuration_cb
 .text.tud_descriptor_string_cb
                0x1000673c       0x78 CMakeFiles/MonitorAmbiental.dir/C_/Users/denis/.pico-sdk/sdk/2.2.0/src/rp2_common/pico_stdio_usb/stdio_usb_descriptors.c.obj
                0x1000673c                tud_descriptor_string_cb
 .text.startup._retrieve_unique_id_on_boot
                0x100067b4       0x10 CMakeFiles/MonitorAmbiental.dir/C_/Users/denis/.pico-sdk/sdk/2.2.0/src/rp2_common/pico_unique_id/unique_id.c.obj
 .text.pico_get_unique_board_id
                0x100067c4       0x10 CMakeFiles/MonitorAmbiental.dir/C_/Users/denis/.pico-sdk/sdk/2.2.0/src/rp2_common/pico_unique_id/unique_id.c.obj
                0x100067c4                pico_get_unique_board_id
 .text.pico_get_unique_board_id_string
                0x100067d4      0x1a8 CMakeFiles/MonitorAmbiental.dir/C_/Users/denis/.pico-sdk/sdk/2.2.0/src/rp2_common/pico_unique_id/unique_id.c.obj
                0x100067d4                pico_get_unique_board_id_string
 .text.flash_get_unique_id
                0x1000697c       0x3c CMakeFiles/MonitorAmbiental.dir/C_/Users/denis/.pico-sdk/sdk/2.2.0/src/rp2_common/hardware_flash/flash.c.obj
                0x1000697c                flash_get_unique_id
 .text.dcd_init
                0x100069b8       0x90 CMakeFiles/MonitorAmbiental.dir/C_/Users/denis/.pico-sdk/sdk/2.2.0/lib/tinyusb/src/portable/raspberrypi/rp2040/dcd_rp2040.c.obj
                0x100069b8                dcd_init
 .text.dcd_int_enable
                0x10006a48        0xc CMakeFiles/MonitorAmbiental.dir/C_/Users/denis/.pico-sdk/sdk/2.2.0/lib/tinyusb/src/portable/raspberrypi/rp2040/dcd_rp2040.c.obj
                0x10006a48                dcd_int_enable
 .text.dcd_set_address
                0x10006a54       0x14 CMakeFiles/MonitorAmbiental.dir/C_/Users/denis/.pico-sdk/sdk/2.2.0/lib/tinyusb/src/portable/raspberrypi/rp2040/dcd_rp2040.c.obj
                0x10006a54                dcd_set_address
 .text.dcd_sof_enable
                0x10006a68       0x1c CMakeFiles/MonitorAmbiental.dir/C_/Users/denis/.pico-sdk/sdk/2.2.0/lib/tinyusb/src/portable/raspberrypi/rp2040/dcd_rp2040.c.obj
                0x10006a68                dcd_sof_enable
 .text.dcd_edpt0_status_complete
                0x10006a84       0x1c CMakeFiles/MonitorAmbiental.dir/C_/Users/denis/.pico-sdk/sdk/2.2.0/lib/tinyusb/src/portable/raspberrypi/rp2040/dcd_rp2040.c.obj
                0x10006a84                dcd_edpt0_status_complete
 .text.dcd_edpt_open
                0x10006aa0      0x114 CMakeFiles/MonitorAmbiental.dir/C_/Users/denis/.pico-sdk/sdk/2.2.0/lib/tinyusb/src/portable/raspberrypi/rp2040/dcd_rp2040.c.obj
                0x10006aa0                dcd_edpt_open
 .text.dcd_edpt_close_all
                0x10006bb4        0x8 CMakeFiles/MonitorAmbiental.dir/C_/Users/denis/.pico-sdk/sdk/2.2.0/lib/tinyusb/src/portable/raspberrypi/rp2040/dcd_rp2040.c.obj
                0x10006bb4                dcd_edpt_close_all
 .text.dcd_edpt_xfer
                0x10006bbc       0x24 CMakeFiles/MonitorAmbiental.dir/C_/Users/denis/.pico-sdk/sdk/2.2.0/lib/tinyusb/src/portable/raspberrypi/rp2040/dcd_rp2040.c.obj
                0x10006bbc                dcd_edpt_xfer
 .text.dcd_edpt_stall
                0x10006be0       0x3c CMakeFiles/MonitorAmbiental.dir/C_/Users/denis/.pico-sdk/sdk/2.2.0/lib/tinyusb/src/portable/raspberrypi/rp2040/dcd_rp2040.c.obj
                0x10006be0                dcd_edpt_stall
 .text.dcd_edpt_clear_stall
                0x10006c1c       0x30 CMakeFiles/MonitorAmbiental.dir/C_/Users/denis/.pico-sdk/sdk/2.2.0/lib/tinyusb/src/portable/raspberrypi/rp2040/dcd_rp2040.c.obj
                0x10006c1c                dcd_edpt_clear_stall
 .text.rp2040_usb_init
                0x10006c4c       0x40 CMakeFiles/MonitorAmbiental.dir/C_/Users/denis/.pico-sdk/sdk/2.2.0/lib/tinyusb/src/portable/raspberrypi/rp2040/rp2040_usb.c.obj
                0x10006c4c                rp2040_usb_init
 .text.hw_endpoint_xfer_start
                0x10006c8c       0x40 CMakeFiles/MonitorAmbiental.dir/C_/Users/denis/.pico-sdk/sdk/2.2.0/lib/tinyusb/src/portable/raspberrypi/rp2040/rp2040_usb.c.obj
                0x10006c8c                hw_endpoint_xfer_start
 .text.tud_event_hook_cb
                0x10006ccc        0x4 CMakeFiles/MonitorAmbiental.dir/C_/Users/denis/.pico-sdk/sdk/2.2.0/lib/tinyusb/src/device/usbd.c.obj
                0x10006ccc                tud_event_hook_cb
 .text.tud_sof_cb
                0x10006cd0        0x4 CMakeFiles/MonitorAmbiental.dir/C_/Users/denis/.pico-sdk/sdk/2.2.0/lib/tinyusb/src/device/usbd.c.obj
                0x10006cd0                tud_sof_cb
 .text.tud_descriptor_device_qualifier_cb
                0x10006cd4        0x4 CMakeFiles/MonitorAmbiental.dir/C_/Users/denis/.pico-sdk/sdk/2.2.0/lib/tinyusb/src/device/usbd.c.obj
                0x10006cd4                tud_descriptor_device_qualifier_cb
 .text.tud_descriptor_other_speed_configuration_cb
                0x10006cd8        0x4 CMakeFiles/MonitorAmbiental.dir/C_/Users/denis/.pico-sdk/sdk/2.2.0/lib/tinyusb/src/device/usbd.c.obj
                0x10006cd8                tud_descriptor_other_speed_configuration_cb
 .text.tud_mount_cb
                0x10006cdc        0x4 CMakeFiles/MonitorAmbiental.dir/C_/Users/denis/.pico-sdk/sdk/2.2.0/lib/tinyusb/src/device/usbd.c.obj
                0x10006cdc                tud_mount_cb
 .text.tud_umount_cb
                0x10006ce0        0x4 CMakeFiles/MonitorAmbiental.dir/C_/Users/denis/.pico-sdk/sdk/2.2.0/lib/tinyusb/src/device/usbd.c.obj
                0x10006ce0                tud_umount_cb
 .text.tud_suspend_cb
                0x10006ce4        0x4 CMakeFiles/MonitorAmbiental.dir/C_/Users/denis/.pico-sdk/sdk/2.2.0/lib/tinyusb/src/device/usbd.c.obj
                0x10006ce4                tud_suspend_cb
 .text.tud_resume_cb
                0x10006ce8        0x4 CMakeFiles/MonitorAmbiental.dir/C_/Users/denis/.pico-sdk/sdk/2.2.0/lib/tinyusb/src/device/usbd.c.obj
                0x10006ce8                tud_resume_cb
 .text.tud_mounted
                0x10006cec       0x10 CMakeFiles/MonitorAmbiental.dir/C_/Users/denis/.pico-sdk/sdk/2.2.0/lib/tinyusb/src/device/usbd.c.obj
                0x10006cec                tud_mounted
 .text.tud_suspended
                0x10006cfc       0x10 CMakeFiles/MonitorAmbiental.dir/C_/Users/denis/.pico-sdk/sdk/2.2.0/lib/tinyusb/src/device/usbd.c.obj
                0x10006cfc                tud_suspended
 .text.tud_rhport_init
                0x10006d0c       0xf4 CMakeFiles/MonitorAmbiental.dir/C_/Users/denis/.pico-sdk/sdk/2.2.0/lib/tinyusb/src/device/usbd.c.obj
                0x10006d0c                tud_rhport_init
 .text.tud_task_ext
                0x10006e00      0x800 CMakeFiles/MonitorAmbiental.dir/C_/Users/denis/.pico-sdk/sdk/2.2.0/lib/tinyusb/src/device/usbd.c.obj
                0x10006e00                tud_task_ext
 .text.usbd_open_edpt_pair
                0x10007600       0x9c CMakeFiles/MonitorAmbiental.dir/C_/Users/denis/.pico-sdk/sdk/2.2.0/lib/tinyusb/src/device/usbd.c.obj
                0x10007600                usbd_open_edpt_pair
 .text.usbd_edpt_open
                0x1000769c       0x34 CMakeFiles/MonitorAmbiental.dir/C_/Users/denis/.pico-sdk/sdk/2.2.0/lib/tinyusb/src/device/usbd.c.obj
                0x1000769c                usbd_edpt_open
 .text.usbd_edpt_claim
                0x100076d0       0x28 CMakeFiles/MonitorAmbiental.dir/C_/Users/denis/.pico-sdk/sdk/2.2.0/lib/tinyusb/src/device/usbd.c.obj
                0x100076d0                usbd_edpt_claim
 .text.usbd_edpt_release
                0x100076f8       0x28 CMakeFiles/MonitorAmbiental.dir/C_/Users/denis/.pico-sdk/sdk/2.2.0/lib/tinyusb/src/device/usbd.c.obj
                0x100076f8                usbd_edpt_release
 .text.usbd_edpt_xfer
                0x10007720       0x4c CMakeFiles/MonitorAmbiental.dir/C_/Users/denis/.pico-sdk/sdk/2.2.0/lib/tinyusb/src/device/usbd.c.obj
                0x10007720                usbd_edpt_xfer
 .text.tud_control_status
                0x1000776c       0x2c CMakeFiles/MonitorAmbiental.dir/C_/Users/denis/.pico-sdk/sdk/2.2.0/lib/tinyusb/src/device/usbd_control.c.obj
                0x1000776c                tud_control_status
 .text.tud_control_xfer
                0x10007798       0xa8 CMakeFiles/MonitorAmbiental.dir/C_/Users/denis/.pico-sdk/sdk/2.2.0/lib/tinyusb/src/device/usbd_control.c.obj
                0x10007798                tud_control_xfer
 .text.usbd_control_reset
                0x10007840       0x14 CMakeFiles/MonitorAmbiental.dir/C_/Users/denis/.pico-sdk/sdk/2.2.0/lib/tinyusb/src/device/usbd_control.c.obj
                0x10007840                usbd_control_reset
 .text.usbd_control_set_complete_callback
                0x10007854        0xc CMakeFiles/MonitorAmbiental.dir/C_/Users/denis/.pico-sdk/sdk/2.2.0/lib/tinyusb/src/device/usbd_control.c.obj
                0x10007854                usbd_control_set_complete_callback
 .text.usbd_control_set_request
                0x10007860       0x1c CMakeFiles/MonitorAmbiental.dir/C_/Users/denis/.pico-sdk/sdk/2.2.0/lib/tinyusb/src/device/usbd_control.c.obj
                0x10007860                usbd_control_set_request
 .text.usbd_control_xfer_cb
                0x1000787c       0xec CMakeFiles/MonitorAmbiental.dir/C_/Users/denis/.pico-sdk/sdk/2.2.0/lib/tinyusb/src/device/usbd_control.c.obj
                0x1000787c                usbd_control_xfer_cb
 .text._prep_out_transaction.isra.0
                0x10007968       0x6c CMakeFiles/MonitorAmbiental.dir/C_/Users/denis/.pico-sdk/sdk/2.2.0/lib/tinyusb/src/class/cdc/cdc_device.c.obj
 .text.tud_cdc_n_connected
                0x100079d4       0x2c CMakeFiles/MonitorAmbiental.dir/C_/Users/denis/.pico-sdk/sdk/2.2.0/lib/tinyusb/src/class/cdc/cdc_device.c.obj
                0x100079d4                tud_cdc_n_connected
 .text.tud_cdc_n_available
                0x10007a00       0x14 CMakeFiles/MonitorAmbiental.dir/C_/Users/denis/.pico-sdk/sdk/2.2.0/lib/tinyusb/src/class/cdc/cdc_device.c.obj
                0x10007a00                tud_cdc_n_available
 .text.tud_cdc_n_read
                0x10007a14       0x88 CMakeFiles/MonitorAmbiental.dir/C_/Users/denis/.pico-sdk/sdk/2.2.0/lib/tinyusb/src/class/cdc/cdc_device.c.obj
                0x10007a14                tud_cdc_n_read
 .text.tud_cdc_n_write_flush
                0x10007a9c       0x74 CMakeFiles/MonitorAmbiental.dir/C_/Users/denis/.pico-sdk/sdk/2.2.0/lib/tinyusb/src/class/cdc/cdc_device.c.obj
                0x10007a9c                tud_cdc_n_write_flush
 .text.tud_cdc_n_write
                0x10007b10       0x40 CMakeFiles/MonitorAmbiental.dir/C_/Users/denis/.pico-sdk/sdk/2.2.0/lib/tinyusb/src/class/cdc/cdc_device.c.obj
                0x10007b10                tud_cdc_n_write
 .text.tud_cdc_n_write_available
                0x10007b50       0x14 CMakeFiles/MonitorAmbiental.dir/C_/Users/denis/.pico-sdk/sdk/2.2.0/lib/tinyusb/src/class/cdc/cdc_device.c.obj
                0x10007b50                tud_cdc_n_write_available
 .text.cdcd_init
                0x10007b64       0x70 CMakeFiles/MonitorAmbiental.dir/C_/Users/denis/.pico-sdk/sdk/2.2.0/lib/tinyusb/src/class/cdc/cdc_device.c.obj
                0x10007b64                cdcd_init
 .text.cdcd_deinit
                0x10007bd4       0x30 CMakeFiles/MonitorAmbiental.dir/C_/Users/denis/.pico-sdk/sdk/2.2.0/lib/tinyusb/src/class/cdc/cdc_device.c.obj
                0x10007bd4                cdcd_deinit
 .text.cdcd_reset
                0x10007c04       0x4c CMakeFiles/MonitorAmbiental.dir/C_/Users/denis/.pico-sdk/sdk/2.2.0/lib/tinyusb/src/class/cdc/cdc_device.c.obj
                0x10007c04                cdcd_reset
 .text.cdcd_open
                0x10007c50       0xa4 CMakeFiles/MonitorAmbiental.dir/C_/Users/denis/.pico-sdk/sdk/2.2.0/lib/tinyusb/src/class/cdc/cdc_device.c.obj
                0x10007c50                cdcd_open
 .text.cdcd_control_xfer_cb
                0x10007cf4       0xe8 CMakeFiles/MonitorAmbiental.dir/C_/Users/denis/.pico-sdk/sdk/2.2.0/lib/tinyusb/src/class/cdc/cdc_device.c.obj
                0x10007cf4                cdcd_control_xfer_cb
 .text.cdcd_xfer_cb
                0x10007ddc      0x100 CMakeFiles/MonitorAmbiental.dir/C_/Users/denis/.pico-sdk/sdk/2.2.0/lib/tinyusb/src/class/cdc/cdc_device.c.obj
                0x10007ddc                cdcd_xfer_cb
 .text.vendord_init
                0x10007edc       0x5c CMakeFiles/MonitorAmbiental.dir/C_/Users/denis/.pico-sdk/sdk/2.2.0/lib/tinyusb/src/class/vendor/vendor_device.c.obj
                0x10007edc                vendord_init
 .text.vendord_deinit
                0x10007f38       0x1c CMakeFiles/MonitorAmbiental.dir/C_/Users/denis/.pico-sdk/sdk/2.2.0/lib/tinyusb/src/class/vendor/vendor_device.c.obj
                0x10007f38                vendord_deinit
 .text.vendord_reset
                0x10007f54       0x28 CMakeFiles/MonitorAmbiental.dir/C_/Users/denis/.pico-sdk/sdk/2.2.0/lib/tinyusb/src/class/vendor/vendor_device.c.obj
                0x10007f54                vendord_reset
 .text.vendord_open
                0x10007f7c      0x120 CMakeFiles/MonitorAmbiental.dir/C_/Users/denis/.pico-sdk/sdk/2.2.0/lib/tinyusb/src/class/vendor/vendor_device.c.obj
                0x10007f7c                vendord_open
 .text.vendord_xfer_cb
                0x1000809c       0x9c CMakeFiles/MonitorAmbiental.dir/C_/Users/denis/.pico-sdk/sdk/2.2.0/lib/tinyusb/src/class/vendor/vendor_device.c.obj
                0x1000809c                vendord_xfer_cb
 .text.tusb_rhport_init
                0x10008138       0x4c CMakeFiles/MonitorAmbiental.dir/C_/Users/denis/.pico-sdk/sdk/2.2.0/lib/tinyusb/src/tusb.c.obj
                0x10008138                tusb_rhport_init
 .text.tu_edpt_claim
                0x10008184       0x50 CMakeFiles/MonitorAmbiental.dir/C_/Users/denis/.pico-sdk/sdk/2.2.0/lib/tinyusb/src/tusb.c.obj
                0x10008184                tu_edpt_claim
 .text.tu_edpt_release
                0x100081d4       0x38 CMakeFiles/MonitorAmbiental.dir/C_/Users/denis/.pico-sdk/sdk/2.2.0/lib/tinyusb/src/tusb.c.obj
                0x100081d4                tu_edpt_release
 .text.tu_edpt_validate
                0x1000820c       0x7c CMakeFiles/MonitorAmbiental.dir/C_/Users/denis/.pico-sdk/sdk/2.2.0/lib/tinyusb/src/tusb.c.obj
                0x1000820c                tu_edpt_validate
 .text.tu_edpt_bind_driver
                0x10008288       0x34 CMakeFiles/MonitorAmbiental.dir/C_/Users/denis/.pico-sdk/sdk/2.2.0/lib/tinyusb/src/tusb.c.obj
                0x10008288                tu_edpt_bind_driver
 .text.tu_edpt_stream_init
                0x100082bc       0x6c CMakeFiles/MonitorAmbiental.dir/C_/Users/denis/.pico-sdk/sdk/2.2.0/lib/tinyusb/src/tusb.c.obj
                0x100082bc                tu_edpt_stream_init
 .text.tu_edpt_stream_deinit
                0x10008328        0x4 CMakeFiles/MonitorAmbiental.dir/C_/Users/denis/.pico-sdk/sdk/2.2.0/lib/tinyusb/src/tusb.c.obj
                0x10008328                tu_edpt_stream_deinit
 .text.tu_edpt_stream_write_zlp_if_needed
                0x1000832c       0x68 CMakeFiles/MonitorAmbiental.dir/C_/Users/denis/.pico-sdk/sdk/2.2.0/lib/tinyusb/src/tusb.c.obj
                0x1000832c                tu_edpt_stream_write_zlp_if_needed
 .text.tu_edpt_stream_write_xfer
                0x10008394       0x68 CMakeFiles/MonitorAmbiental.dir/C_/Users/denis/.pico-sdk/sdk/2.2.0/lib/tinyusb/src/tusb.c.obj
                0x10008394                tu_edpt_stream_write_xfer
 .text.tu_edpt_stream_read_xfer
                0x100083fc       0xd8 CMakeFiles/MonitorAmbiental.dir/C_/Users/denis/.pico-sdk/sdk/2.2.0/lib/tinyusb/src/tusb.c.obj
                0x100083fc                tu_edpt_stream_read_xfer
 .text.tu_fifo_config
                0x100084d4       0x6c CMakeFiles/MonitorAmbiental.dir/C_/Users/denis/.pico-sdk/sdk/2.2.0/lib/tinyusb/src/common/tusb_fifo.c.obj
                0x100084d4                tu_fifo_config
 .text.tu_fifo_count
                0x10008540       0x2c CMakeFiles/MonitorAmbiental.dir/C_/Users/denis/.pico-sdk/sdk/2.2.0/lib/tinyusb/src/common/tusb_fifo.c.obj
                0x10008540                tu_fifo_count
 .text.tu_fifo_empty
                0x1000856c       0x10 CMakeFiles/MonitorAmbiental.dir/C_/Users/denis/.pico-sdk/sdk/2.2.0/lib/tinyusb/src/common/tusb_fifo.c.obj
                0x1000856c                tu_fifo_empty
 .text.tu_fifo_remaining
                0x1000857c       0x2c CMakeFiles/MonitorAmbiental.dir/C_/Users/denis/.pico-sdk/sdk/2.2.0/lib/tinyusb/src/common/tusb_fifo.c.obj
                0x1000857c                tu_fifo_remaining
 .text.tu_fifo_read
                0x100085a8       0x9c CMakeFiles/MonitorAmbiental.dir/C_/Users/denis/.pico-sdk/sdk/2.2.0/lib/tinyusb/src/common/tusb_fifo.c.obj
                0x100085a8                tu_fifo_read
 .text.tu_fifo_read_n
                0x10008644       0xe8 CMakeFiles/MonitorAmbiental.dir/C_/Users/denis/.pico-sdk/sdk/2.2.0/lib/tinyusb/src/common/tusb_fifo.c.obj
                0x10008644                tu_fifo_read_n
 .text.tu_fifo_write
                0x1000872c       0xa4 CMakeFiles/MonitorAmbiental.dir/C_/Users/denis/.pico-sdk/sdk/2.2.0/lib/tinyusb/src/common/tusb_fifo.c.obj
                0x1000872c                tu_fifo_write
 .text.tu_fifo_write_n
                0x100087d0      0x178 CMakeFiles/MonitorAmbiental.dir/C_/Users/denis/.pico-sdk/sdk/2.2.0/lib/tinyusb/src/common/tusb_fifo.c.obj
                0x100087d0                tu_fifo_write_n
 .text.tu_fifo_clear
                0x10008948       0x40 CMakeFiles/MonitorAmbiental.dir/C_/Users/denis/.pico-sdk/sdk/2.2.0/lib/tinyusb/src/common/tusb_fifo.c.obj
                0x10008948                tu_fifo_clear
 .text.tu_fifo_set_overwritable
                0x10008988       0x48 CMakeFiles/MonitorAmbiental.dir/C_/Users/denis/.pico-sdk/sdk/2.2.0/lib/tinyusb/src/common/tusb_fifo.c.obj
                0x10008988                tu_fifo_set_overwritable
 .text.i2c_read_blocking_internal.constprop.0
                0x100089d0       0x98 CMakeFiles/MonitorAmbiental.dir/C_/Users/denis/.pico-sdk/sdk/2.2.0/src/rp2_common/hardware_i2c/i2c.c.obj
 .text.i2c_write_blocking_internal.constprop.0
                0x10008a68       0xf8 CMakeFiles/MonitorAmbiental.dir/C_/Users/denis/.pico-sdk/sdk/2.2.0/src/rp2_common/hardware_i2c/i2c.c.obj
 .text.i2c_set_baudrate
                0x10008b60       0xc0 CMakeFiles/MonitorAmbiental.dir/C_/Users/denis/.pico-sdk/sdk/2.2.0/src/rp2_common/hardware_i2c/i2c.c.obj
                0x10008b60                i2c_set_baudrate
 .text.i2c_init
                0x10008c20       0x50 CMakeFiles/MonitorAmbiental.dir/C_/Users/denis/.pico-sdk/sdk/2.2.0/src/rp2_common/hardware_i2c/i2c.c.obj
                0x10008c20                i2c_init
 .text.i2c_write_blocking
                0x10008c70       0x14 CMakeFiles/MonitorAmbiental.dir/C_/Users/denis/.pico-sdk/sdk/2.2.0/src/rp2_common/hardware_i2c/i2c.c.obj
                0x10008c70                i2c_write_blocking
 .text.i2c_read_blocking
                0x10008c84       0x14 CMakeFiles/MonitorAmbiental.dir/C_/Users/denis/.pico-sdk/sdk/2.2.0/src/rp2_common/hardware_i2c/i2c.c.obj
                0x10008c84                i2c_read_blocking
 .text.pio_claim_unused_sm
                0x10008c98       0x38 CMakeFiles/MonitorAmbiental.dir/C_/Users/denis/.pico-sdk/sdk/2.2.0/src/rp2_common/hardware_pio/pio.c.obj
                0x10008c98                pio_claim_unused_sm
 .text.pio_add_program
                0x10008cd0       0xf8 CMakeFiles/MonitorAmbiental.dir/C_/Users/denis/.pico-sdk/sdk/2.2.0/src/rp2_common/hardware_pio/pio.c.obj
                0x10008cd0                pio_add_program
 .text.pio_sm_set_pindirs_with_mask64
                0x10008dc8       0xac CMakeFiles/MonitorAmbiental.dir/C_/Users/denis/.pico-sdk/sdk/2.2.0/src/rp2_common/hardware_pio/pio.c.obj
                0x10008dc8                pio_sm_set_pindirs_with_mask64
 .text.pio_sm_set_consecutive_pindirs
                0x10008e74       0xb4 CMakeFiles/MonitorAmbiental.dir/C_/Users/denis/.pico-sdk/sdk/2.2.0/src/rp2_common/hardware_pio/pio.c.obj
                0x10008e74                pio_sm_set_consecutive_pindirs
 .text.pio_sm_init
                0x10008f28       0x9c CMakeFiles/MonitorAmbiental.dir/C_/Users/denis/.pico-sdk/sdk/2.2.0/src/rp2_common/hardware_pio/pio.c.obj
                0x10008f28                pio_sm_init
 .text.pio_claim_free_sm_and_add_program_for_gpio_range
                0x10008fc4      0x184 CMakeFiles/MonitorAmbiental.dir/C_/Users/denis/.pico-sdk/sdk/2.2.0/src/rp2_common/hardware_pio/pio.c.obj
                0x10008fc4                pio_claim_free_sm_and_add_program_for_gpio_range
 .text.pio_remove_program_and_unclaim_sm
                0x10009148       0x40 CMakeFiles/MonitorAmbiental.dir/C_/Users/denis/.pico-sdk/sdk/2.2.0/src/rp2_common/hardware_pio/pio.c.obj
                0x10009148                pio_remove_program_and_unclaim_sm
 .text.lwip_timeout_reached
                0x10009188        0x8 CMakeFiles/MonitorAmbiental.dir/C_/Users/denis/.pico-sdk/sdk/2.2.0/src/rp2_common/pico_lwip/lwip_nosys.c.obj
 .text.update_next_timeout
                0x10009190       0x5c CMakeFiles/MonitorAmbiental.dir/C_/Users/denis/.pico-sdk/sdk/2.2.0/src/rp2_common/pico_lwip/lwip_nosys.c.obj
 .text.lwip_nosys_init
                0x100091ec       0x30 CMakeFiles/MonitorAmbiental.dir/C_/Users/denis/.pico-sdk/sdk/2.2.0/src/rp2_common/pico_lwip/lwip_nosys.c.obj
                0x100091ec                lwip_nosys_init
 .text.lwip_nosys_deinit
                0x1000921c       0x20 CMakeFiles/MonitorAmbiental.dir/C_/Users/denis/.pico-sdk/sdk/2.2.0/src/rp2_common/pico_lwip/lwip_nosys.c.obj
                0x1000921c                lwip_nosys_deinit
 .text.sys_arch_protect
                0x1000923c        0x4 CMakeFiles/MonitorAmbiental.dir/C_/Users/denis/.pico-sdk/sdk/2.2.0/src/rp2_common/pico_lwip/lwip_nosys.c.obj
                0x1000923c                sys_arch_protect
 .text.sys_arch_unprotect
                0x10009240        0x4 CMakeFiles/MonitorAmbiental.dir/C_/Users/denis/.pico-sdk/sdk/2.2.0/src/rp2_common/pico_lwip/lwip_nosys.c.obj
                0x10009240                sys_arch_unprotect
 .text.sys_now  0x10009244       0x20 CMakeFiles/MonitorAmbiental.dir/C_/Users/denis/.pico-sdk/sdk/2.2.0/src/rp2_common/pico_lwip/lwip_nosys.c.obj
                0x10009244                sys_now
 .text.async_context_base_add_at_time_worker
                0x10009264       0x28 CMakeFiles/MonitorAmbiental.dir/C_/Users/denis/.pico-sdk/sdk/2.2.0/src/rp2_common/pico_async_context/async_context_base.c.obj
                0x10009264                async_context_base_add_at_time_worker
 .text.async_context_base_remove_at_time_worker
                0x1000928c       0x24 CMakeFiles/MonitorAmbiental.dir/C_/Users/denis/.pico-sdk/sdk/2.2.0/src/rp2_common/pico_async_context/async_context_base.c.obj
                0x1000928c                async_context_base_remove_at_time_worker
 .text.async_context_base_add_when_pending_worker
                0x100092b0       0x24 CMakeFiles/MonitorAmbiental.dir/C_/Users/denis/.pico-sdk/sdk/2.2.0/src/rp2_common/pico_async_context/async_context_base.c.obj
                0x100092b0                async_context_base_add_when_pending_worker
 .text.async_context_base_remove_when_pending_worker
                0x100092d4       0x24 CMakeFiles/MonitorAmbiental.dir/C_/Users/denis/.pico-sdk/sdk/2.2.0/src/rp2_common/pico_async_context/async_context_base.c.obj
                0x100092d4                async_context_base_remove_when_pending_worker
 .text.async_context_base_execute_once
                0x100092f8      0x108 CMakeFiles/MonitorAmbiental.dir/C_/Users/denis/.pico-sdk/sdk/2.2.0/src/rp2_common/pico_async_context/async_context_base.c.obj
                0x100092f8                async_context_base_execute_once
 .text.splitmix64
                0x10009400       0x58 CMakeFiles/MonitorAmbiental.dir/C_/Users/denis/.pico-sdk/sdk/2.2.0/src/rp2_common/pico_rand/rand.c.obj
 .text.xoroshiro128ss
                0x10009458       0x90 CMakeFiles/MonitorAmbiental.dir/C_/Users/denis/.pico-sdk/sdk/2.2.0/src/rp2_common/pico_rand/rand.c.obj
 .text.get_rand_64
                0x100094e8      0x47c CMakeFiles/MonitorAmbiental.dir/C_/Users/denis/.pico-sdk/sdk/2.2.0/src/rp2_common/pico_rand/rand.c.obj
                0x100094e8                get_rand_64
 .text.get_rand_32
                0x10009964        0x8 CMakeFiles/MonitorAmbiental.dir/C_/Users/denis/.pico-sdk/sdk/2.2.0/src/rp2_common/pico_rand/rand.c.obj
                0x10009964                get_rand_32
 .text.lwip_init
                0x1000996c       0x24 CMakeFiles/MonitorAmbiental.dir/C_/Users/denis/.pico-sdk/sdk/2.2.0/lib/lwip/src/core/init.c.obj
                0x1000996c                lwip_init
 .text.lwip_htons
                0x10009990        0x8 CMakeFiles/MonitorAmbiental.dir/C_/Users/denis/.pico-sdk/sdk/2.2.0/lib/lwip/src/core/def.c.obj
                0x10009990                lwip_htons
 .text.lwip_htonl
                0x10009998        0x4 CMakeFiles/MonitorAmbiental.dir/C_/Users/denis/.pico-sdk/sdk/2.2.0/lib/lwip/src/core/def.c.obj
                0x10009998                lwip_htonl
 .text.dns_call_found
                0x1000999c      0x184 CMakeFiles/MonitorAmbiental.dir/C_/Users/denis/.pico-sdk/sdk/2.2.0/lib/lwip/src/core/dns.c.obj
 .text.dns_send.isra.0
                0x10009b20      0x174 CMakeFiles/MonitorAmbiental.dir/C_/Users/denis/.pico-sdk/sdk/2.2.0/lib/lwip/src/core/dns.c.obj
 .text.dns_init
                0x10009c94        0x4 CMakeFiles/MonitorAmbiental.dir/C_/Users/denis/.pico-sdk/sdk/2.2.0/lib/lwip/src/core/dns.c.obj
                0x10009c94                dns_init
 .text.dns_setserver
                0x10009c98       0x24 CMakeFiles/MonitorAmbiental.dir/C_/Users/denis/.pico-sdk/sdk/2.2.0/lib/lwip/src/core/dns.c.obj
                0x10009c98                dns_setserver
 .text.dns_tmr  0x10009cbc      0x130 CMakeFiles/MonitorAmbiental.dir/C_/Users/denis/.pico-sdk/sdk/2.2.0/lib/lwip/src/core/dns.c.obj
                0x10009cbc                dns_tmr
 .text.lwip_standard_chksum
                0x10009dec       0xf4 CMakeFiles/MonitorAmbiental.dir/C_/Users/denis/.pico-sdk/sdk/2.2.0/lib/lwip/src/core/inet_chksum.c.obj
                0x10009dec                lwip_standard_chksum
 .text.inet_chksum_pseudo
                0x10009ee0       0xbc CMakeFiles/MonitorAmbiental.dir/C_/Users/denis/.pico-sdk/sdk/2.2.0/lib/lwip/src/core/inet_chksum.c.obj
                0x10009ee0                inet_chksum_pseudo
 .text.ip_chksum_pseudo
                0x10009f9c       0x10 CMakeFiles/MonitorAmbiental.dir/C_/Users/denis/.pico-sdk/sdk/2.2.0/lib/lwip/src/core/inet_chksum.c.obj
                0x10009f9c                ip_chksum_pseudo
 .text.inet_chksum
                0x10009fac        0xc CMakeFiles/MonitorAmbiental.dir/C_/Users/denis/.pico-sdk/sdk/2.2.0/lib/lwip/src/core/inet_chksum.c.obj
                0x10009fac                inet_chksum
 .text.inet_chksum_pbuf
                0x10009fb8       0x78 CMakeFiles/MonitorAmbiental.dir/C_/Users/denis/.pico-sdk/sdk/2.2.0/lib/lwip/src/core/inet_chksum.c.obj
                0x10009fb8                inet_chksum_pbuf
 .text.mem_init
                0x1000a030       0x3c CMakeFiles/MonitorAmbiental.dir/C_/Users/denis/.pico-sdk/sdk/2.2.0/lib/lwip/src/core/mem.c.obj
                0x1000a030                mem_init
 .text.mem_free
                0x1000a06c      0x13c CMakeFiles/MonitorAmbiental.dir/C_/Users/denis/.pico-sdk/sdk/2.2.0/lib/lwip/src/core/mem.c.obj
                0x1000a06c                mem_free
 .text.mem_trim
                0x1000a1a8      0x104 CMakeFiles/MonitorAmbiental.dir/C_/Users/denis/.pico-sdk/sdk/2.2.0/lib/lwip/src/core/mem.c.obj
                0x1000a1a8                mem_trim
 .text.mem_malloc
                0x1000a2ac      0x130 CMakeFiles/MonitorAmbiental.dir/C_/Users/denis/.pico-sdk/sdk/2.2.0/lib/lwip/src/core/mem.c.obj
                0x1000a2ac                mem_malloc
 .text.memp_init
                0x1000a3dc       0x6c CMakeFiles/MonitorAmbiental.dir/C_/Users/denis/.pico-sdk/sdk/2.2.0/lib/lwip/src/core/memp.c.obj
                0x1000a3dc                memp_init
 .text.memp_malloc
                0x1000a448       0x40 CMakeFiles/MonitorAmbiental.dir/C_/Users/denis/.pico-sdk/sdk/2.2.0/lib/lwip/src/core/memp.c.obj
                0x1000a448                memp_malloc
 .text.memp_free
                0x1000a488       0x38 CMakeFiles/MonitorAmbiental.dir/C_/Users/denis/.pico-sdk/sdk/2.2.0/lib/lwip/src/core/memp.c.obj
                0x1000a488                memp_free
 .text.netif_null_output_ip4
                0x1000a4c0        0x8 CMakeFiles/MonitorAmbiental.dir/C_/Users/denis/.pico-sdk/sdk/2.2.0/lib/lwip/src/core/netif.c.obj
 .text.netif_do_set_ipaddr.isra.0
                0x1000a4c8       0x70 CMakeFiles/MonitorAmbiental.dir/C_/Users/denis/.pico-sdk/sdk/2.2.0/lib/lwip/src/core/netif.c.obj
 .text.netif_init
                0x1000a538        0x4 CMakeFiles/MonitorAmbiental.dir/C_/Users/denis/.pico-sdk/sdk/2.2.0/lib/lwip/src/core/netif.c.obj
                0x1000a538                netif_init
 .text.netif_add
                0x1000a53c      0x174 CMakeFiles/MonitorAmbiental.dir/C_/Users/denis/.pico-sdk/sdk/2.2.0/lib/lwip/src/core/netif.c.obj
                0x1000a53c                netif_add
 .text.netif_set_addr
                0x1000a6b0       0xb8 CMakeFiles/MonitorAmbiental.dir/C_/Users/denis/.pico-sdk/sdk/2.2.0/lib/lwip/src/core/netif.c.obj
                0x1000a6b0                netif_set_addr
 .text.netif_remove
                0x1000a768       0x94 CMakeFiles/MonitorAmbiental.dir/C_/Users/denis/.pico-sdk/sdk/2.2.0/lib/lwip/src/core/netif.c.obj
                0x1000a768                netif_remove
 .text.netif_set_default
                0x1000a7fc        0xc CMakeFiles/MonitorAmbiental.dir/C_/Users/denis/.pico-sdk/sdk/2.2.0/lib/lwip/src/core/netif.c.obj
                0x1000a7fc                netif_set_default
 .text.netif_set_up
                0x1000a808       0x40 CMakeFiles/MonitorAmbiental.dir/C_/Users/denis/.pico-sdk/sdk/2.2.0/lib/lwip/src/core/netif.c.obj
                0x1000a808                netif_set_up
 .text.netif_set_link_up
                0x1000a848       0x44 CMakeFiles/MonitorAmbiental.dir/C_/Users/denis/.pico-sdk/sdk/2.2.0/lib/lwip/src/core/netif.c.obj
                0x1000a848                netif_set_link_up
 .text.netif_set_link_down
                0x1000a88c       0x20 CMakeFiles/MonitorAmbiental.dir/C_/Users/denis/.pico-sdk/sdk/2.2.0/lib/lwip/src/core/netif.c.obj
                0x1000a88c                netif_set_link_down
 .text.netif_get_by_index
                0x1000a8ac       0x2c CMakeFiles/MonitorAmbiental.dir/C_/Users/denis/.pico-sdk/sdk/2.2.0/lib/lwip/src/core/netif.c.obj
                0x1000a8ac                netif_get_by_index
 .text.pbuf_free.part.0
                0x1000a8d8       0x7c CMakeFiles/MonitorAmbiental.dir/C_/Users/denis/.pico-sdk/sdk/2.2.0/lib/lwip/src/core/pbuf.c.obj
 .text.pbuf_free_ooseq
                0x1000a954       0x34 CMakeFiles/MonitorAmbiental.dir/C_/Users/denis/.pico-sdk/sdk/2.2.0/lib/lwip/src/core/pbuf.c.obj
                0x1000a954                pbuf_free_ooseq
 .text.pbuf_alloc
                0x1000a988      0x134 CMakeFiles/MonitorAmbiental.dir/C_/Users/denis/.pico-sdk/sdk/2.2.0/lib/lwip/src/core/pbuf.c.obj
                0x1000a988                pbuf_alloc
 .text.pbuf_realloc
                0x1000aabc       0x84 CMakeFiles/MonitorAmbiental.dir/C_/Users/denis/.pico-sdk/sdk/2.2.0/lib/lwip/src/core/pbuf.c.obj
                0x1000aabc                pbuf_realloc
 .text.pbuf_add_header
                0x1000ab40       0x54 CMakeFiles/MonitorAmbiental.dir/C_/Users/denis/.pico-sdk/sdk/2.2.0/lib/lwip/src/core/pbuf.c.obj
                0x1000ab40                pbuf_add_header
 .text.pbuf_remove_header
                0x1000ab94       0x3c CMakeFiles/MonitorAmbiental.dir/C_/Users/denis/.pico-sdk/sdk/2.2.0/lib/lwip/src/core/pbuf.c.obj
                0x1000ab94                pbuf_remove_header
 .text.pbuf_header_force
                0x1000abd0       0x68 CMakeFiles/MonitorAmbiental.dir/C_/Users/denis/.pico-sdk/sdk/2.2.0/lib/lwip/src/core/pbuf.c.obj
                0x1000abd0                pbuf_header_force
 .text.pbuf_free
                0x1000ac38       0x18 CMakeFiles/MonitorAmbiental.dir/C_/Users/denis/.pico-sdk/sdk/2.2.0/lib/lwip/src/core/pbuf.c.obj
                0x1000ac38                pbuf_free
 .text.pbuf_clen
                0x1000ac50       0x14 CMakeFiles/MonitorAmbiental.dir/C_/Users/denis/.pico-sdk/sdk/2.2.0/lib/lwip/src/core/pbuf.c.obj
                0x1000ac50                pbuf_clen
 .text.pbuf_ref
                0x1000ac64       0x28 CMakeFiles/MonitorAmbiental.dir/C_/Users/denis/.pico-sdk/sdk/2.2.0/lib/lwip/src/core/pbuf.c.obj
                0x1000ac64                pbuf_ref
 .text.pbuf_cat
                0x1000ac8c       0x54 CMakeFiles/MonitorAmbiental.dir/C_/Users/denis/.pico-sdk/sdk/2.2.0/lib/lwip/src/core/pbuf.c.obj
                0x1000ac8c                pbuf_cat
 .text.pbuf_chain
                0x1000ace0       0x70 CMakeFiles/MonitorAmbiental.dir/C_/Users/denis/.pico-sdk/sdk/2.2.0/lib/lwip/src/core/pbuf.c.obj
                0x1000ace0                pbuf_chain
 .text.pbuf_copy_partial_pbuf
                0x1000ad50      0x158 CMakeFiles/MonitorAmbiental.dir/C_/Users/denis/.pico-sdk/sdk/2.2.0/lib/lwip/src/core/pbuf.c.obj
                0x1000ad50                pbuf_copy_partial_pbuf
 .text.pbuf_copy
                0x1000aea8       0x18 CMakeFiles/MonitorAmbiental.dir/C_/Users/denis/.pico-sdk/sdk/2.2.0/lib/lwip/src/core/pbuf.c.obj
                0x1000aea8                pbuf_copy
 .text.pbuf_copy_partial
                0x1000aec0       0x70 CMakeFiles/MonitorAmbiental.dir/C_/Users/denis/.pico-sdk/sdk/2.2.0/lib/lwip/src/core/pbuf.c.obj
                0x1000aec0                pbuf_copy_partial
 .text.pbuf_take
                0x1000af30       0x78 CMakeFiles/MonitorAmbiental.dir/C_/Users/denis/.pico-sdk/sdk/2.2.0/lib/lwip/src/core/pbuf.c.obj
                0x1000af30                pbuf_take
 .text.pbuf_take_at
                0x1000afa8       0xc0 CMakeFiles/MonitorAmbiental.dir/C_/Users/denis/.pico-sdk/sdk/2.2.0/lib/lwip/src/core/pbuf.c.obj
                0x1000afa8                pbuf_take_at
 .text.pbuf_clone
                0x1000b068       0x30 CMakeFiles/MonitorAmbiental.dir/C_/Users/denis/.pico-sdk/sdk/2.2.0/lib/lwip/src/core/pbuf.c.obj
                0x1000b068                pbuf_clone
 .text.pbuf_put_at
                0x1000b098       0x1c CMakeFiles/MonitorAmbiental.dir/C_/Users/denis/.pico-sdk/sdk/2.2.0/lib/lwip/src/core/pbuf.c.obj
                0x1000b098                pbuf_put_at
 .text.raw_input
                0x1000b0b4      0x164 CMakeFiles/MonitorAmbiental.dir/C_/Users/denis/.pico-sdk/sdk/2.2.0/lib/lwip/src/core/raw.c.obj
                0x1000b0b4                raw_input
 .text.raw_netif_ip_addr_changed
                0x1000b218       0x40 CMakeFiles/MonitorAmbiental.dir/C_/Users/denis/.pico-sdk/sdk/2.2.0/lib/lwip/src/core/raw.c.obj
                0x1000b218                raw_netif_ip_addr_changed
 .text.stats_init
                0x1000b258        0x4 CMakeFiles/MonitorAmbiental.dir/C_/Users/denis/.pico-sdk/sdk/2.2.0/lib/lwip/src/core/stats.c.obj
                0x1000b258                stats_init
 .text.tcp_close_shutdown_fin
                0x1000b25c       0x54 CMakeFiles/MonitorAmbiental.dir/C_/Users/denis/.pico-sdk/sdk/2.2.0/lib/lwip/src/core/tcp.c.obj
 .text.tcp_pcb_purge.part.0
                0x1000b2b0       0xc4 CMakeFiles/MonitorAmbiental.dir/C_/Users/denis/.pico-sdk/sdk/2.2.0/lib/lwip/src/core/tcp.c.obj
 .text.tcp_init
                0x1000b374       0x20 CMakeFiles/MonitorAmbiental.dir/C_/Users/denis/.pico-sdk/sdk/2.2.0/lib/lwip/src/core/tcp.c.obj
                0x1000b374                tcp_init
 .text.tcp_free
                0x1000b394       0x1c CMakeFiles/MonitorAmbiental.dir/C_/Users/denis/.pico-sdk/sdk/2.2.0/lib/lwip/src/core/tcp.c.obj
                0x1000b394                tcp_free
 .text.tcp_bind
                0x1000b3b0       0xf4 CMakeFiles/MonitorAmbiental.dir/C_/Users/denis/.pico-sdk/sdk/2.2.0/lib/lwip/src/core/tcp.c.obj
                0x1000b3b0                tcp_bind
 .text.tcp_listen_with_backlog
                0x1000b4a4       0x98 CMakeFiles/MonitorAmbiental.dir/C_/Users/denis/.pico-sdk/sdk/2.2.0/lib/lwip/src/core/tcp.c.obj
                0x1000b4a4                tcp_listen_with_backlog
 .text.tcp_update_rcv_ann_wnd
                0x1000b53c       0x58 CMakeFiles/MonitorAmbiental.dir/C_/Users/denis/.pico-sdk/sdk/2.2.0/lib/lwip/src/core/tcp.c.obj
                0x1000b53c                tcp_update_rcv_ann_wnd
 .text.tcp_recved
                0x1000b594       0x98 CMakeFiles/MonitorAmbiental.dir/C_/Users/denis/.pico-sdk/sdk/2.2.0/lib/lwip/src/core/tcp.c.obj
                0x1000b594                tcp_recved
 .text.tcp_slowtmr
                0x1000b62c      0x514 CMakeFiles/MonitorAmbiental.dir/C_/Users/denis/.pico-sdk/sdk/2.2.0/lib/lwip/src/core/tcp.c.obj
                0x1000b62c                tcp_slowtmr
 .text.tcp_segs_free
                0x1000bb40       0x38 CMakeFiles/MonitorAmbiental.dir/C_/Users/denis/.pico-sdk/sdk/2.2.0/lib/lwip/src/core/tcp.c.obj
                0x1000bb40                tcp_segs_free
 .text.tcp_seg_free
                0x1000bb78       0x1c CMakeFiles/MonitorAmbiental.dir/C_/Users/denis/.pico-sdk/sdk/2.2.0/lib/lwip/src/core/tcp.c.obj
                0x1000bb78                tcp_seg_free
 .text.tcp_seg_copy
                0x1000bb94       0x2c CMakeFiles/MonitorAmbiental.dir/C_/Users/denis/.pico-sdk/sdk/2.2.0/lib/lwip/src/core/tcp.c.obj
                0x1000bb94                tcp_seg_copy
 .text.tcp_arg  0x1000bbc0        0x8 CMakeFiles/MonitorAmbiental.dir/C_/Users/denis/.pico-sdk/sdk/2.2.0/lib/lwip/src/core/tcp.c.obj
                0x1000bbc0                tcp_arg
 .text.tcp_recv
                0x1000bbc8       0x1c CMakeFiles/MonitorAmbiental.dir/C_/Users/denis/.pico-sdk/sdk/2.2.0/lib/lwip/src/core/tcp.c.obj
                0x1000bbc8                tcp_recv
 .text.tcp_sent
                0x1000bbe4       0x1c CMakeFiles/MonitorAmbiental.dir/C_/Users/denis/.pico-sdk/sdk/2.2.0/lib/lwip/src/core/tcp.c.obj
                0x1000bbe4                tcp_sent
 .text.tcp_err  0x1000bc00       0x1c CMakeFiles/MonitorAmbiental.dir/C_/Users/denis/.pico-sdk/sdk/2.2.0/lib/lwip/src/core/tcp.c.obj
                0x1000bc00                tcp_err
 .text.tcp_accept
                0x1000bc1c       0x10 CMakeFiles/MonitorAmbiental.dir/C_/Users/denis/.pico-sdk/sdk/2.2.0/lib/lwip/src/core/tcp.c.obj
                0x1000bc1c                tcp_accept
 .text.tcp_poll
                0x1000bc2c       0x20 CMakeFiles/MonitorAmbiental.dir/C_/Users/denis/.pico-sdk/sdk/2.2.0/lib/lwip/src/core/tcp.c.obj
                0x1000bc2c                tcp_poll
 .text.tcp_pcb_purge
                0x1000bc4c       0x18 CMakeFiles/MonitorAmbiental.dir/C_/Users/denis/.pico-sdk/sdk/2.2.0/lib/lwip/src/core/tcp.c.obj
                0x1000bc4c                tcp_pcb_purge
 .text.tcp_pcb_remove
                0x1000bc64       0xc8 CMakeFiles/MonitorAmbiental.dir/C_/Users/denis/.pico-sdk/sdk/2.2.0/lib/lwip/src/core/tcp.c.obj
                0x1000bc64                tcp_pcb_remove
 .text.tcp_abandon
                0x1000bd2c      0x1a0 CMakeFiles/MonitorAmbiental.dir/C_/Users/denis/.pico-sdk/sdk/2.2.0/lib/lwip/src/core/tcp.c.obj
                0x1000bd2c                tcp_abandon
 .text.tcp_abort
                0x1000becc        0xc CMakeFiles/MonitorAmbiental.dir/C_/Users/denis/.pico-sdk/sdk/2.2.0/lib/lwip/src/core/tcp.c.obj
                0x1000becc                tcp_abort
 .text.tcp_accept_null
                0x1000bed8       0x20 CMakeFiles/MonitorAmbiental.dir/C_/Users/denis/.pico-sdk/sdk/2.2.0/lib/lwip/src/core/tcp.c.obj
 .text.tcp_alloc
                0x1000bef8      0x1d4 CMakeFiles/MonitorAmbiental.dir/C_/Users/denis/.pico-sdk/sdk/2.2.0/lib/lwip/src/core/tcp.c.obj
                0x1000bef8                tcp_alloc
 .text.tcp_new  0x1000c0cc        0xc CMakeFiles/MonitorAmbiental.dir/C_/Users/denis/.pico-sdk/sdk/2.2.0/lib/lwip/src/core/tcp.c.obj
                0x1000c0cc                tcp_new
 .text.tcp_close_shutdown
                0x1000c0d8      0x188 CMakeFiles/MonitorAmbiental.dir/C_/Users/denis/.pico-sdk/sdk/2.2.0/lib/lwip/src/core/tcp.c.obj
 .text.tcp_recv_null
                0x1000c260       0xcc CMakeFiles/MonitorAmbiental.dir/C_/Users/denis/.pico-sdk/sdk/2.2.0/lib/lwip/src/core/tcp.c.obj
                0x1000c260                tcp_recv_null
 .text.tcp_process_refused_data
                0x1000c32c       0x78 CMakeFiles/MonitorAmbiental.dir/C_/Users/denis/.pico-sdk/sdk/2.2.0/lib/lwip/src/core/tcp.c.obj
                0x1000c32c                tcp_process_refused_data
 .text.tcp_fasttmr
                0x1000c3a4       0x98 CMakeFiles/MonitorAmbiental.dir/C_/Users/denis/.pico-sdk/sdk/2.2.0/lib/lwip/src/core/tcp.c.obj
                0x1000c3a4                tcp_fasttmr
 .text.tcp_tmr  0x1000c43c       0x20 CMakeFiles/MonitorAmbiental.dir/C_/Users/denis/.pico-sdk/sdk/2.2.0/lib/lwip/src/core/tcp.c.obj
                0x1000c43c                tcp_tmr
 .text.tcp_close
                0x1000c45c      0x170 CMakeFiles/MonitorAmbiental.dir/C_/Users/denis/.pico-sdk/sdk/2.2.0/lib/lwip/src/core/tcp.c.obj
                0x1000c45c                tcp_close
 .text.tcp_next_iss
                0x1000c5cc       0x28 CMakeFiles/MonitorAmbiental.dir/C_/Users/denis/.pico-sdk/sdk/2.2.0/lib/lwip/src/core/tcp.c.obj
                0x1000c5cc                tcp_next_iss
 .text.tcp_eff_send_mss_netif
                0x1000c5f4       0x34 CMakeFiles/MonitorAmbiental.dir/C_/Users/denis/.pico-sdk/sdk/2.2.0/lib/lwip/src/core/tcp.c.obj
                0x1000c5f4                tcp_eff_send_mss_netif
 .text.tcp_netif_ip_addr_changed
                0x1000c628       0x94 CMakeFiles/MonitorAmbiental.dir/C_/Users/denis/.pico-sdk/sdk/2.2.0/lib/lwip/src/core/tcp.c.obj
                0x1000c628                tcp_netif_ip_addr_changed
 .text.tcp_free_ooseq
                0x1000c6bc       0x40 CMakeFiles/MonitorAmbiental.dir/C_/Users/denis/.pico-sdk/sdk/2.2.0/lib/lwip/src/core/tcp.c.obj
                0x1000c6bc                tcp_free_ooseq
 .text.tcp_parseopt
                0x1000c6fc      0x1b0 CMakeFiles/MonitorAmbiental.dir/C_/Users/denis/.pico-sdk/sdk/2.2.0/lib/lwip/src/core/tcp_in.c.obj
 .text.tcp_oos_insert_segment
                0x1000c8ac       0xcc CMakeFiles/MonitorAmbiental.dir/C_/Users/denis/.pico-sdk/sdk/2.2.0/lib/lwip/src/core/tcp_in.c.obj
 .text.tcp_free_acked_segments.isra.0
                0x1000c978       0xdc CMakeFiles/MonitorAmbiental.dir/C_/Users/denis/.pico-sdk/sdk/2.2.0/lib/lwip/src/core/tcp_in.c.obj
 .text.tcp_receive
                0x1000ca54      0xa34 CMakeFiles/MonitorAmbiental.dir/C_/Users/denis/.pico-sdk/sdk/2.2.0/lib/lwip/src/core/tcp_in.c.obj
 .text.tcp_input
                0x1000d488      0xe3c CMakeFiles/MonitorAmbiental.dir/C_/Users/denis/.pico-sdk/sdk/2.2.0/lib/lwip/src/core/tcp_in.c.obj
                0x1000d488                tcp_input
 .text.tcp_trigger_input_pcb_close
                0x1000e2c4       0x10 CMakeFiles/MonitorAmbiental.dir/C_/Users/denis/.pico-sdk/sdk/2.2.0/lib/lwip/src/core/tcp_in.c.obj
                0x1000e2c4                tcp_trigger_input_pcb_close
 .text.tcp_create_segment
                0x1000e2d4       0xe8 CMakeFiles/MonitorAmbiental.dir/C_/Users/denis/.pico-sdk/sdk/2.2.0/lib/lwip/src/core/tcp_out.c.obj
 .text.tcp_output_control_segment
                0x1000e3bc       0xb4 CMakeFiles/MonitorAmbiental.dir/C_/Users/denis/.pico-sdk/sdk/2.2.0/lib/lwip/src/core/tcp_out.c.obj
 .text.tcp_write
                0x1000e470      0x470 CMakeFiles/MonitorAmbiental.dir/C_/Users/denis/.pico-sdk/sdk/2.2.0/lib/lwip/src/core/tcp_out.c.obj
                0x1000e470                tcp_write
 .text.tcp_split_unsent_seg
                0x1000e8e0      0x1b4 CMakeFiles/MonitorAmbiental.dir/C_/Users/denis/.pico-sdk/sdk/2.2.0/lib/lwip/src/core/tcp_out.c.obj
                0x1000e8e0                tcp_split_unsent_seg
 .text.tcp_send_fin
                0x1000ea94      0x118 CMakeFiles/MonitorAmbiental.dir/C_/Users/denis/.pico-sdk/sdk/2.2.0/lib/lwip/src/core/tcp_out.c.obj
                0x1000ea94                tcp_send_fin
 .text.tcp_enqueue_flags
                0x1000ebac      0x12c CMakeFiles/MonitorAmbiental.dir/C_/Users/denis/.pico-sdk/sdk/2.2.0/lib/lwip/src/core/tcp_out.c.obj
                0x1000ebac                tcp_enqueue_flags
 .text.tcp_rexmit_rto_prepare
                0x1000ecd8       0x9c CMakeFiles/MonitorAmbiental.dir/C_/Users/denis/.pico-sdk/sdk/2.2.0/lib/lwip/src/core/tcp_out.c.obj
                0x1000ecd8                tcp_rexmit_rto_prepare
 .text.tcp_rexmit
                0x1000ed74       0x9c CMakeFiles/MonitorAmbiental.dir/C_/Users/denis/.pico-sdk/sdk/2.2.0/lib/lwip/src/core/tcp_out.c.obj
                0x1000ed74                tcp_rexmit
 .text.tcp_rexmit_fast
                0x1000ee10       0x64 CMakeFiles/MonitorAmbiental.dir/C_/Users/denis/.pico-sdk/sdk/2.2.0/lib/lwip/src/core/tcp_out.c.obj
                0x1000ee10                tcp_rexmit_fast
 .text.tcp_rst  0x1000ee74       0xe8 CMakeFiles/MonitorAmbiental.dir/C_/Users/denis/.pico-sdk/sdk/2.2.0/lib/lwip/src/core/tcp_out.c.obj
                0x1000ee74                tcp_rst
 .text.tcp_rst_netif
                0x1000ef5c      0x130 CMakeFiles/MonitorAmbiental.dir/C_/Users/denis/.pico-sdk/sdk/2.2.0/lib/lwip/src/core/tcp_out.c.obj
                0x1000ef5c                tcp_rst_netif
 .text.tcp_send_empty_ack
                0x1000f08c       0xf0 CMakeFiles/MonitorAmbiental.dir/C_/Users/denis/.pico-sdk/sdk/2.2.0/lib/lwip/src/core/tcp_out.c.obj
                0x1000f08c                tcp_send_empty_ack
 .text.tcp_output
                0x1000f17c      0x44c CMakeFiles/MonitorAmbiental.dir/C_/Users/denis/.pico-sdk/sdk/2.2.0/lib/lwip/src/core/tcp_out.c.obj
                0x1000f17c                tcp_output
 .text.tcp_rexmit_rto_commit
                0x1000f5c8       0x24 CMakeFiles/MonitorAmbiental.dir/C_/Users/denis/.pico-sdk/sdk/2.2.0/lib/lwip/src/core/tcp_out.c.obj