Archive member included to satisfy reference by file (symbol)

freertos_kernel/libfreertos_kernel.a(port.c.obj)
                              CMakeFiles/MonitorAmbiental.dir/src/rtos/task_sensors.c.obj (vPortEnterCritical)
freertos_kernel/libfreertos_kernel.a(event_groups.c.obj)
                              freertos_kernel/libfreertos_kernel.a(port.c.obj) (xEventGroupCreate)
freertos_kernel/libfreertos_kernel.a(list.c.obj)
                              freertos_kernel/libfreertos_kernel.a(event_groups.c.obj) (vListInitialise)
freertos_kernel/libfreertos_kernel.a(queue.c.obj)
                              CMakeFiles/MonitorAmbiental.dir/src/sensor_data.c.obj (xQueueGenericSend)
freertos_kernel/libfreertos_kernel.a(tasks.c.obj)
                              CMakeFiles/MonitorAmbiental.dir/src/rtos/rtos_app.c.obj (xTaskCreate)
freertos_kernel/libfreertos_kernel.a(timers.c.obj)
                              freertos_kernel/libfreertos_kernel.a(tasks.c.obj) (xTimerCreateTimerTask)
C:/Users/denis/.pico-sdk/toolchain/14_2_Rel1/bin/../lib/gcc/arm-none-eabi/14.2.1/thumb/v6-m/nofp\libgcc.a(_dvmd_tls.o)
                              CMakeFiles/MonitorAmbiental.dir/C_/Users/denis/.pico-sdk/sdk/2.2.0/src/rp2_common/pico_divider/divider_hardware.S.obj (__aeabi_idiv0)
C:/Users/denis/.pico-sdk/toolchain/14_2_Rel1/bin/../lib/gcc/arm-none-eabi/14.2.1/thumb/v6-m/nofp\libg.a(libc_a-atoi.o)
                              CMakeFiles/MonitorAmbiental.dir/C_/Users/denis/.pico-sdk/sdk/2.2.0/lib/lwip/src/core/netif.c.obj (atoi)
C:/Users/denis/.pico-sdk/toolchain/14_2_Rel1/bin/../lib/gcc/arm-none-eabi/14.2.1/thumb/v6-m/nofp\libg.a(libc_a-calloc.o)
                              CMakeFiles/MonitorAmbiental.dir/C_/Users/denis/.pico-sdk/sdk/2.2.0/src/rp2_common/pico_malloc/malloc.c.obj (calloc)
C:/Users/denis/.pico-sdk/toolchain/14_2_Rel1/bin/../lib/gcc/arm-none-eabi/14.2.1/thumb/v6-m/nofp\libg.a(libc_a-callocr.o)
                              C:/Users/denis/.pico-sdk/toolchain/14_2_Rel1/bin/../lib/gcc/arm-none-eabi/14.2.1/thumb/v6-m/nofp\libg.a(libc_a-calloc.o) (_calloc_r)
C:/Users/denis/.pico-sdk/toolchain/14_2_Rel1/bin/../lib/gcc/arm-none-eabi/14.2.1/thumb/v6-m/nofp\libg.a(libc_a-malloc.o)
                              CMakeFiles/MonitorAmbiental.dir/C_/Users/denis/.pico-sdk/sdk/2.2.0/src/rp2_common/pico_malloc/malloc.c.obj (malloc)
C:/Users/denis/.pico-sdk/toolchain/14_2_Rel1/bin/../lib/gcc/arm-none-eabi/14.2.1/thumb/v6-m/nofp\libg.a(libc_a-mallocr.o)
                              C:/Users/denis/.pico-sdk/toolchain/14_2_Rel1/bin/../lib/gcc/arm-none-eabi/14.2.1/thumb/v6-m/nofp\libg.a(libc_a-callocr.o) (_malloc_r)
C:/Users/denis/.pico-sdk/toolchain/14_2_Rel1/bin/../lib/gcc/arm-none-eabi/14.2.1/thumb/v6-m/nofp\libg.a(libc_a-mlock.o)
                              C:/Users/denis/.pico-sdk/toolchain/14_2_Rel1/bin/../lib/gcc/arm-none-eabi/14.2.1/thumb/v6-m/nofp\libg.a(libc_a-mallocr.o) (__malloc_lock)
C:/Users/denis/.pico-sdk/toolchain/14_2_Rel1/bin/../lib/gcc/arm-none-eabi/14.2.1/thumb/v6-m/nofp\libg.a(libc_a-realloc.o)
                              CMakeFiles/MonitorAmbiental.dir/C_/Users/denis/.pico-sdk/sdk/2.2.0/src/rp2_common/pico_malloc/malloc.c.obj (realloc)
C:/Users/denis/.pico-sdk/toolchain/14_2_Rel1/bin/../lib/gcc/arm-none-eabi/14.2.1/thumb/v6-m/nofp\libg.a(libc_a-reallocr.o)
                              C:/Users/denis/.pico-sdk/toolchain/14_2_Rel1/bin/../lib/gcc/arm-none-eabi/14.2.1/thumb/v6-m/nofp\libg.a(libc_a-realloc.o) (_realloc_r)
C:/Users/denis/.pico-sdk/toolchain/14_2_Rel1/bin/../lib/gcc/arm-none-eabi/14.2.1/thumb/v6-m/nofp\libg.a(libc_a-strtol.o)
                              C:/Users/denis/.pico-sdk/toolchain/14_2_Rel1/bin/../lib/gcc/arm-none-eabi/14.2.1/thumb/v6-m/nofp\libg.a(libc_a-atoi.o) (_strtol_r)
C:/Users/denis/.pico-sdk/toolchain/14_2_Rel1/bin/../lib/gcc/arm-none-eabi/14.2.1/thumb/v6-m/nofp\libg.a(libc_a-ctype_.o)
                              CMakeFiles/MonitorAmbiental.dir/src/rtos/task_uart.c.obj (_ctype_)
C:/Users/denis/.pico-sdk/toolchain/14_2_Rel1/bin/../lib/gcc/arm-none-eabi/14.2.1/thumb/v6-m/nofp\libg.a(libc_a-fflush.o)
                              CMakeFiles/MonitorAmbiental.dir/src/MonitorAmbiental.c.obj (fflush)
C:/Users/denis/.pico-sdk/toolchain/14_2_Rel1/bin/../lib/gcc/arm-none-eabi/14.2.1/thumb/v6-m/nofp\libg.a(libc_a-findfp.o)
                              C:/Users/denis/.pico-sdk/toolchain/14_2_Rel1/bin/../lib/gcc/arm-none-eabi/14.2.1/thumb/v6-m/nofp\libg.a(libc_a-fflush.o) (__sglue)
C:/Users/denis/.pico-sdk/toolchain/14_2_Rel1/bin/../lib/gcc/arm-none-eabi/14.2.1/thumb/v6-m/nofp\libg.a(libc_a-fwalk.o)
                              C:/Users/denis/.pico-sdk/toolchain/14_2_Rel1/bin/../lib/gcc/arm-none-eabi/14.2.1/thumb/v6-m/nofp\libg.a(libc_a-fflush.o) (_fwalk_sglue)
C:/Users/denis/.pico-sdk/toolchain/14_2_Rel1/bin/../lib/gcc/arm-none-eabi/14.2.1/thumb/v6-m/nofp\libg.a(libc_a-sscanf.o)
                              CMakeFiles/MonitorAmbiental.dir/src/rtos/task_uart.c.obj (sscanf)
[...]
Memory Configuration

Name             Origin             Length             Attributes
FLASH            0x10000000         0x00200000         xr
RAM              0x20000000         0x00040000         xrw
SCRATCH_X        0x20040000         0x00001000         xrw
SCRATCH_Y        0x20041000         0x00001000         xrw
*default*        0x00000000         0xffffffff

Linker script and memory map

LOAD C:/Users/denis/.pico-sdk/toolchain/14_2_Rel1/bin/../lib/gcc/arm-none-eabi/14.2.1/thumb/v6-m/nofp/crti.o
LOAD C:/Users/denis/.pico-sdk/toolchain/14_2_Rel1/bin/../lib/gcc/arm-none-eabi/14.2.1/thumb/v6-m/nofp/crtbegin.o
LOAD C:/Users/denis/.pico-sdk/toolchain/14_2_Rel1/bin/../lib/gcc/arm-none-eabi/14.2.1/thumb/v6-m/nofp/crt0.o

.flash_begin    0x10000000        0x0
                0x10000000                        __flash_binary_start = .

.boot2          0x10000000      0x100
                0x10000000                        __boot2_start__ = .
 *(.boot2)
 .boot2         0x10000000      0x100 pico-sdk/src/rp2040/boot_stage2/CMakeFiles/bs2_default_library.dir/./bs2_default_padded_checksummed.S.obj
                0x10000100                        __boot2_end__ = .
                0x00000001                        ASSERT (((__boot2_end__ - __boot2_start__) == 0x100), ERROR: Pico second stage bootloader must be 256 bytes in size)

.text           0x10000100    0x23b90
                0x10000100                        __logical_binary_start = .
 *(.vectors)
 .vectors       0x10000100       0xd4 CMakeFiles/MonitorAmbiental.dir/C_/Users/denis/.pico-sdk/sdk/2.2.0/src/rp2_common/pico_crt0/crt0.S.obj
                0x10000100                __VECTOR_TABLE
                0x10000100                __vectors
                0x100001c0                isr_irq13
                0x100001c0                isr_irq27
                0x100001c0                isr_irq31
                0x100001c0                isr_irq5
                0x100001c0                isr_irq11
                0x100001c0                isr_irq12
                0x100001c0                isr_irq23
                0x100001c0                __unhandled_user_irq
                0x100001c0                isr_irq3
                0x100001c0                isr_irq28
                0x100001c0                isr_irq19
                0x100001c0                isr_irq0
                0x100001c0                isr_irq6
                0x100001c0                isr_irq26
                0x100001c0                isr_irq29
                0x100001c0                isr_irq22
                0x100001c0                isr_irq18
                0x100001c0                isr_irq17
                0x100001c0                isr_irq14
                0x100001c0                __vectors_end
                0x100001c0                __default_isrs_start
                0x100001c0                isr_irq2
                0x100001c0                isr_irq10
                0x100001c0                isr_irq8
                0x100001c0                isr_irq24
                0x100001c0                isr_irq1
                0x100001c0                isr_irq7
                0x100001c0                isr_irq21
                0x100001c0                isr_irq20
                0x100001c0                isr_irq15
                0x100001c0                isr_irq25
                0x100001c0                isr_irq30
                0x100001c0                isr_irq4
                0x100001c0                isr_irq16
                0x100001c0                isr_irq9
                0x100001c6                unhandled_user_irq_num_in_r0
                0x100001c8                isr_invalid
                0x100001ca                isr_nmi
                0x100001cc                isr_hardfault
                0x100001d4                __default_isrs_end
 *(.binary_info_header)
 .binary_info_header
                0x100001d4       0x14 CMakeFiles/MonitorAmbiental.dir/C_/Users/denis/.pico-sdk/sdk/2.2.0/src/rp2_common/pico_crt0/crt0.S.obj
                0x100001e8                        __binary_info_header_end = .
 *(.embedded_block)
                0x100001e8                        __embedded_block_end = .
 *(.reset)
 .reset         0x100001e8       0x9c CMakeFiles/MonitorAmbiental.dir/C_/Users/denis/.pico-sdk/sdk/2.2.0/src/rp2_common/pico_crt0/crt0.S.obj
                0x100001e8                _entry_point
 *(.init)
 .init          0x10000284        0x4 C:/Users/denis/.pico-sdk/toolchain/14_2_Rel1/bin/../lib/gcc/arm-none-eabi/14.2.1/thumb/v6-m/nofp/crti.o
                0x10000284                _init
 *(EXCLUDE_FILE(*libm.a: *libc.a:*lib_a-mem*.o *libgcc.a:) .text*)
 .text.register_tm_clones
                0x10000288       0x28 C:/Users/denis/.pico-sdk/toolchain/14_2_Rel1/bin/../lib/gcc/arm-none-eabi/14.2.1/thumb/v6-m/nofp/crtbegin.o
 .text.frame_dummy
                0x100002b0       0x24 C:/Users/denis/.pico-sdk/toolchain/14_2_Rel1/bin/../lib/gcc/arm-none-eabi/14.2.1/thumb/v6-m/nofp/crtbegin.o
 .text.i2c_scan
                0x100002d4       0xac CMakeFiles/MonitorAmbiental.dir/src/MonitorAmbiental.c.obj
                0x100002d4                i2c_scan
 .text.startup.main
                0x10000380      0x574 CMakeFiles/MonitorAmbiental.dir/src/MonitorAmbiental.c.obj
                0x10000380                main
 .text.ssd1306_clear
                0x100008f4       0x10 CMakeFiles/MonitorAmbiental.dir/drivers/ssd1306.c.obj
                0x100008f4                ssd1306_clear
 .text.ssd1306_show
                0x10000904       0xc8 CMakeFiles/MonitorAmbiental.dir/drivers/ssd1306.c.obj
                0x10000904                ssd1306_show
 .text.ssd1306_init
                0x100009cc      0x238 CMakeFiles/MonitorAmbiental.dir/drivers/ssd1306.c.obj
                0x100009cc                ssd1306_init
 .text.ssd1306_draw_char
                0x10000c04      0x2fc CMakeFiles/MonitorAmbiental.dir/drivers/ssd1306.c.obj
                0x10000c04                ssd1306_draw_char
 .text.ssd1306_draw_string
                0x10000f00       0x28 CMakeFiles/MonitorAmbiental.dir/drivers/ssd1306.c.obj
                0x10000f00                ssd1306_draw_string
 .text.bh1750_init
                0x10000f28       0x74 CMakeFiles/MonitorAmbiental.dir/drivers/bh1750.c.obj
                0x10000f28                bh1750_init
 .text.bh1750_read_light
                0x10000f9c       0x3c CMakeFiles/MonitorAmbiental.dir/drivers/bh1750.c.obj
                0x10000f9c                bh1750_read_light
 .text.aht10_init
                0x10000fd8       0x68 CMakeFiles/MonitorAmbiental.dir/drivers/aht10.c.obj
                0x10000fd8                aht10_init
 .text.aht10_read_temperature_humidity
                0x10001040       0xb4 CMakeFiles/MonitorAmbiental.dir/drivers/aht10.c.obj
                0x10001040                aht10_read_temperature_humidity
 .text.led_matrix_init
                0x100010f4      0x134 CMakeFiles/MonitorAmbiental.dir/drivers/led_matrix.c.obj
                0x100010f4                led_matrix_init
 .text.led_matrix_set_intensity
                0x10001228       0x80 CMakeFiles/MonitorAmbiental.dir/drivers/led_matrix.c.obj
                0x10001228                led_matrix_set_intensity
 .text.led_matrix_clear
                0x100012a8       0x40 CMakeFiles/MonitorAmbiental.dir/drivers/led_matrix.c.obj
                0x100012a8                led_matrix_clear
 .text.led_matrix_get_intensity_from_lux
                0x100012e8       0x3c CMakeFiles/MonitorAmbiental.dir/drivers/led_matrix.c.obj
                0x100012e8                led_matrix_get_intensity_from_lux
 .text.sensor_data_set_mutex
                0x10001324        0xc CMakeFiles/MonitorAmbiental.dir/src/sensor_data.c.obj
                0x10001324                sensor_data_set_mutex
 .text.sensor_data_init
                0x10001330       0x5c CMakeFiles/MonitorAmbiental.dir/src/sensor_data.c.obj
                0x10001330                sensor_data_init
 .text.sensor_data_get
                0x1000138c       0x4c CMakeFiles/MonitorAmbiental.dir/src/sensor_data.c.obj
                0x1000138c                sensor_data_get
 .text.sensor_data_set_luminosity
                0x100013d8       0x54 CMakeFiles/MonitorAmbiental.dir/src/sensor_data.c.obj
                0x100013d8                sensor_data_set_luminosity
 .text.sensor_data_set_temp_humidity
                0x1000142c       0x64 CMakeFiles/MonitorAmbiental.dir/src/sensor_data.c.obj
                0x1000142c                sensor_data_set_temp_humidity
 .text.sensor_data_set_led_state
                0x10001490       0x54 CMakeFiles/MonitorAmbiental.dir/src/sensor_data.c.obj
                0x10001490                sensor_data_set_led_state
 .text.wifi_manager_init
                0x100014e4       0x88 CMakeFiles/MonitorAmbiental.dir/src/wifi_manager.c.obj
                0x100014e4                wifi_manager_init
 .text.wifi_manager_connect
                0x1000156c      0x118 CMakeFiles/MonitorAmbiental.dir/src/wifi_manager.c.obj
                0x1000156c                wifi_manager_connect
 .text.wifi_manager_get_ip
                0x10001684        0x8 CMakeFiles/MonitorAmbiental.dir/src/wifi_manager.c.obj
                0x10001684                wifi_manager_get_ip
 .text.wifi_manager_poll
                0x1000168c        0x4 CMakeFiles/MonitorAmbiental.dir/src/wifi_manager.c.obj
                0x1000168c                wifi_manager_poll
 .text.wifi_manager_get_state_string
                0x10001690       0x20 CMakeFiles/MonitorAmbiental.dir/src/wifi_manager.c.obj
                0x10001690                wifi_manager_get_state_string
 .text.tcp_accept_callback
                0x100016b0       0x34 CMakeFiles/MonitorAmbiental.dir/web/web_server.c.obj
 .text.tcp_recv_callback
                0x100016e4      0x3d0 CMakeFiles/MonitorAmbiental.dir/web/web_server.c.obj
 .text.web_server_init
                0x10001ab4       0xb8 CMakeFiles/MonitorAmbiental.dir/web/web_server.c.obj
                0x10001ab4                web_server_init
 .text.web_server_poll
                0x10001b6c        0x4 CMakeFiles/MonitorAmbiental.dir/web/web_server.c.obj
                0x10001b6c                web_server_poll
 .text.get_form_value.constprop.0
                0x10001b70      0x154 CMakeFiles/MonitorAmbiental.dir/web/auth.c.obj
 .text.auth_init
                0x10001cc4       0x48 CMakeFiles/MonitorAmbiental.dir/web/auth.c.obj
                0x10001cc4                auth_init
 .text.auth_get_username
                0x10001d0c        0x8 CMakeFiles/MonitorAmbiental.dir/web/auth.c.obj
                0x10001d0c                auth_get_username
 .text.auth_is_authenticated_request
                0x10001d14       0x98 CMakeFiles/MonitorAmbiental.dir/web/auth.c.obj
                0x10001d14                auth_is_authenticated_request
 .text.auth_try_login
                0x10001dac       0xb8 CMakeFiles/MonitorAmbiental.dir/web/auth.c.obj
                0x10001dac                auth_try_login
 .text.auth_logout
                0x10001e64       0x14 CMakeFiles/MonitorAmbiental.dir/web/auth.c.obj
                0x10001e64                auth_logout
 .text.auth_update_credentials
                0x10001e78       0xac CMakeFiles/MonitorAmbiental.dir/web/auth.c.obj
                0x10001e78                auth_update_credentials
 .text.auth_reset_credentials
                0x10001f24       0x40 CMakeFiles/MonitorAmbiental.dir/web/auth.c.obj
                0x10001f24                auth_reset_credentials
 .text.auth_set_credentials
                0x10001f64       0x4c CMakeFiles/MonitorAmbiental.dir/web/auth.c.obj
                0x10001f64                auth_set_credentials
 .text.web_pages_generate_dashboard
                0x10001fb0       0x70 CMakeFiles/MonitorAmbiental.dir/web/web_pages.c.obj
                0x10001fb0                web_pages_generate_dashboard
 .text.web_pages_generate_json
                0x10002020       0xa4 CMakeFiles/MonitorAmbiental.dir/web/web_pages.c.obj
                0x10002020                web_pages_generate_json
 .text.web_pages_generate_login
                0x100020c4       0x40 CMakeFiles/MonitorAmbiental.dir/web/web_pages.c.obj
                0x100020c4                web_pages_generate_login
 .text.web_pages_generate_settings
                0x10002104       0x78 CMakeFiles/MonitorAmbiental.dir/web/web_pages.c.obj
                0x10002104                web_pages_generate_settings
 .text.web_pages_generate_redirect
                0x1000217c       0x24 CMakeFiles/MonitorAmbiental.dir/web/web_pages.c.obj
                0x1000217c                web_pages_generate_redirect
 .text.web_pages_generate_404
                0x100021a0       0x14 CMakeFiles/MonitorAmbiental.dir/web/web_pages.c.obj
                0x100021a0                web_pages_generate_404
 .text.rtos_start
                0x100021b4       0xb8 CMakeFiles/MonitorAmbiental.dir/src/rtos/rtos_app.c.obj
                0x100021b4                rtos_start
 .text.buttons_irq_handler
                0x1000226c       0x58 CMakeFiles/MonitorAmbiental.dir/src/rtos/task_sensors.c.obj
 .text.task_sensors
                0x100022c4      0x194 CMakeFiles/MonitorAmbiental.dir/src/rtos/task_sensors.c.obj
                0x100022c4                task_sensors
 .text.task_display
                0x10002458      0x284 CMakeFiles/MonitorAmbiental.dir/src/rtos/task_display.c.obj
                0x10002458                task_display
 .text.task_uart
                0x100026dc      0x5c4 CMakeFiles/MonitorAmbiental.dir/src/rtos/task_uart.c.obj
                0x100026dc                task_uart
 .text.task_web
                0x10002ca0       0x14 CMakeFiles/MonitorAmbiental.dir/src/rtos/task_web.c.obj
                0x10002ca0                task_web
 .text.pvPortMalloc
                0x10002cb4      0x124 CMakeFiles/MonitorAmbiental.dir/C_/Users/denis/.pico-sdk/sdk/2.2.0/lib/FreeRTOS-Kernel/portable/MemMang/heap_4.c.obj
                0x10002cb4                pvPortMalloc
 .text.vPortFree
                0x10002dd8       0x98 CMakeFiles/MonitorAmbiental.dir/C_/Users/denis/.pico-sdk/sdk/2.2.0/lib/FreeRTOS-Kernel/portable/MemMang/heap_4.c.obj
                0x10002dd8                vPortFree
 .text.gpio_default_irq_handler
                0x10002e70      0x2c8 CMakeFiles/MonitorAmbiental.dir/C_/Users/denis/.pico-sdk/sdk/2.2.0/src/rp2_common/hardware_gpio/gpio.c.obj
 .text.gpio_set_function
                0x10003138       0x34 CMakeFiles/MonitorAmbiental.dir/C_/Users/denis/.pico-sdk/sdk/2.2.0/src/rp2_common/hardware_gpio/gpio.c.obj
                0x10003138                gpio_set_function
 .text.gpio_set_pulls
                0x1000316c       0x28 CMakeFiles/MonitorAmbiental.dir/C_/Users/denis/.pico-sdk/sdk/2.2.0/src/rp2_common/hardware_gpio/gpio.c.obj
                0x1000316c                gpio_set_pulls
 .text.gpio_set_input_hysteresis_enabled
                0x10003194       0x28 CMakeFiles/MonitorAmbiental.dir/C_/Users/denis/.pico-sdk/sdk/2.2.0/src/rp2_common/hardware_gpio/gpio.c.obj
                0x10003194                gpio_set_input_hysteresis_enabled
 .text.gpio_set_irq_enabled
                0x100031bc       0x58 CMakeFiles/MonitorAmbiental.dir/C_/Users/denis/.pico-sdk/sdk/2.2.0/src/rp2_common/hardware_gpio/gpio.c.obj
                0x100031bc                gpio_set_irq_enabled
 .text.gpio_set_irq_enabled_with_callback
                0x10003214       0xd0 CMakeFiles/MonitorAmbiental.dir/C_/Users/denis/.pico-sdk/sdk/2.2.0/src/rp2_common/hardware_gpio/gpio.c.obj
                0x10003214                gpio_set_irq_enabled_with_callback
 .text.gpio_add_raw_irq_handler_with_order_priority_masked
                0x100032e4       0x44 CMakeFiles/MonitorAmbiental.dir/C_/Users/denis/.pico-sdk/sdk/2.2.0/src/rp2_common/hardware_gpio/gpio.c.obj
                0x100032e4                gpio_add_raw_irq_handler_with_order_priority_masked
 .text.gpio_remove_raw_irq_handler_masked
                0x10003328       0x20 CMakeFiles/MonitorAmbiental.dir/C_/Users/denis/.pico-sdk/sdk/2.2.0/src/rp2_common/hardware_gpio/gpio.c.obj
                0x10003328                gpio_remove_raw_irq_handler_masked
 .text.gpio_init
                0x10003348       0x40 CMakeFiles/MonitorAmbiental.dir/C_/Users/denis/.pico-sdk/sdk/2.2.0/src/rp2_common/hardware_gpio/gpio.c.obj
                0x10003348                gpio_init
 .text.rp2040_chip_version
                0x10003388        0xc CMakeFiles/MonitorAmbiental.dir/C_/Users/denis/.pico-sdk/sdk/2.2.0/src/rp2040/pico_platform/platform.c.obj
                0x10003388                rp2040_chip_version
 .text.panic    0x10003394       0x30 CMakeFiles/MonitorAmbiental.dir/C_/Users/denis/.pico-sdk/sdk/2.2.0/src/rp2_common/pico_platform_panic/panic.c.obj
                0x10003394                panic
 .text.panic_unsupported
                0x100033c4        0xc CMakeFiles/MonitorAmbiental.dir/C_/Users/denis/.pico-sdk/sdk/2.2.0/src/rp2_common/pico_platform_panic/panic.c.obj
                0x100033c4                panic_unsupported
 .text.hw_claim_lock
                0x100033d0       0x18 CMakeFiles/MonitorAmbiental.dir/C_/Users/denis/.pico-sdk/sdk/2.2.0/src/common/hardware_claim/claim.c.obj
                0x100033d0                hw_claim_lock
 .text.hw_claim_unlock
                0x100033e8       0x14 CMakeFiles/MonitorAmbiental.dir/C_/Users/denis/.pico-sdk/sdk/2.2.0/src/common/hardware_claim/claim.c.obj
                0x100033e8                hw_claim_unlock
 .text.hw_claim_or_assert
                0x100033fc       0x44 CMakeFiles/MonitorAmbiental.dir/C_/Users/denis/.pico-sdk/sdk/2.2.0/src/common/hardware_claim/claim.c.obj
                0x100033fc                hw_claim_or_assert
 .text.hw_claim_unused_from_range
                0x10003440       0x88 CMakeFiles/MonitorAmbiental.dir/C_/Users/denis/.pico-sdk/sdk/2.2.0/src/common/hardware_claim/claim.c.obj
                0x10003440                hw_claim_unused_from_range
 .text.hw_claim_clear
                0x100034c8       0x38 CMakeFiles/MonitorAmbiental.dir/C_/Users/denis/.pico-sdk/sdk/2.2.0/src/common/hardware_claim/claim.c.obj
                0x100034c8                hw_claim_clear
 .text.next_striped_spin_lock_num
                0x10003500       0x18 CMakeFiles/MonitorAmbiental.dir/C_/Users/denis/.pico-sdk/sdk/2.2.0/src/rp2_common/hardware_sync/sync.c.obj
                0x10003500                next_striped_spin_lock_num
 .text.spin_lock_claim_unused
                0x10003518       0x24 CMakeFiles/MonitorAmbiental.dir/C_/Users/denis/.pico-sdk/sdk/2.2.0/src/rp2_common/hardware_sync/sync.c.obj
                0x10003518                spin_lock_claim_unused
 .text.spin_locks_reset
                0x1000353c       0x1c CMakeFiles/MonitorAmbiental.dir/C_/Users/denis/.pico-sdk/sdk/2.2.0/src/rp2_common/hardware_sync_spin_lock/sync_spin_lock.c.obj
                0x1000353c                spin_locks_reset
 .text.runtime_init_per_core_irq_priorities
                0x10003558       0x24 CMakeFiles/MonitorAmbiental.dir/C_/Users/denis/.pico-sdk/sdk/2.2.0/src/rp2_common/hardware_irq/irq.c.obj
                0x10003558                runtime_init_per_core_irq_priorities
 .text.irq_set_enabled
                0x1000357c       0x24 CMakeFiles/MonitorAmbiental.dir/C_/Users/denis/.pico-sdk/sdk/2.2.0/src/rp2_common/hardware_irq/irq.c.obj
                0x1000357c                irq_set_enabled
 .text.irq_is_enabled
                0x100035a0       0x18 CMakeFiles/MonitorAmbiental.dir/C_/Users/denis/.pico-sdk/sdk/2.2.0/src/rp2_common/hardware_irq/irq.c.obj
                0x100035a0                irq_is_enabled
 .text.irq_set_pending
                0x100035b8       0x10 CMakeFiles/MonitorAmbiental.dir/C_/Users/denis/.pico-sdk/sdk/2.2.0/src/rp2_common/hardware_irq/irq.c.obj
                0x100035b8                irq_set_pending
 .text.irq_has_shared_handler
                0x100035c8       0x24 CMakeFiles/MonitorAmbiental.dir/C_/Users/denis/.pico-sdk/sdk/2.2.0/src/rp2_common/hardware_irq/irq.c.obj
                0x100035c8                irq_has_shared_handler
 .text.irq_set_exclusive_handler
                0x100035ec       0x54 CMakeFiles/MonitorAmbiental.dir/C_/Users/denis/.pico-sdk/sdk/2.2.0/src/rp2_common/hardware_irq/irq.c.obj
                0x100035ec                irq_set_exclusive_handler
 .text.irq_add_shared_handler
                0x10003640      0x1f4 CMakeFiles/MonitorAmbiental.dir/C_/Users/denis/.pico-sdk/sdk/2.2.0/src/rp2_common/hardware_irq/irq.c.obj
                0x10003640                irq_add_shared_handler
 .text.irq_remove_handler
                0x10003834      0x1d4 CMakeFiles/MonitorAmbiental.dir/C_/Users/denis/.pico-sdk/sdk/2.2.0/src/rp2_common/hardware_irq/irq.c.obj
                0x10003834                irq_remove_handler
 .text.irq_set_priority
                0x10003a08       0x28 CMakeFiles/MonitorAmbiental.dir/C_/Users/denis/.pico-sdk/sdk/2.2.0/src/rp2_common/hardware_irq/irq.c.obj
                0x10003a08                irq_set_priority
 .text.irq_add_tail_to_free_list
                0x10003a30       0xb4 CMakeFiles/MonitorAmbiental.dir/C_/Users/denis/.pico-sdk/sdk/2.2.0/src/rp2_common/hardware_irq/irq.c.obj
                0x10003a30                irq_add_tail_to_free_list
 .text.user_irq_unclaim
                0x10003ae4       0x14 CMakeFiles/MonitorAmbiental.dir/C_/Users/denis/.pico-sdk/sdk/2.2.0/src/rp2_common/hardware_irq/irq.c.obj
                0x10003ae4                user_irq_unclaim
 .text.user_irq_claim_unused
                0x10003af8       0x2c CMakeFiles/MonitorAmbiental.dir/C_/Users/denis/.pico-sdk/sdk/2.2.0/src/rp2_common/hardware_irq/irq.c.obj
                0x10003af8                user_irq_claim_unused
 .text.sem_init
                0x10003b24       0x20 CMakeFiles/MonitorAmbiental.dir/C_/Users/denis/.pico-sdk/sdk/2.2.0/src/common/pico_sync/sem.c.obj
                0x10003b24                sem_init
 .text.lock_init
                0x10003b44       0x10 CMakeFiles/MonitorAmbiental.dir/C_/Users/denis/.pico-sdk/sdk/2.2.0/src/common/pico_sync/lock_core.c.obj
                0x10003b44                lock_init
 .text.runtime_init_mutex
                0x10003b54       0x50 CMakeFiles/MonitorAmbiental.dir/C_/Users/denis/.pico-sdk/sdk/2.2.0/src/common/pico_sync/mutex.c.obj
                0x10003b54                runtime_init_mutex
 .text.mutex_init
                0x10003ba4       0x1c CMakeFiles/MonitorAmbiental.dir/C_/Users/denis/.pico-sdk/sdk/2.2.0/src/common/pico_sync/mutex.c.obj
                0x10003ba4                mutex_init
 .text.recursive_mutex_init
                0x10003bc0       0x1c CMakeFiles/MonitorAmbiental.dir/C_/Users/denis/.pico-sdk/sdk/2.2.0/src/common/pico_sync/mutex.c.obj
                0x10003bc0                recursive_mutex_init
 .text.critical_section_init
                0x10003bdc       0x1c CMakeFiles/MonitorAmbiental.dir/C_/Users/denis/.pico-sdk/sdk/2.2.0/src/common/pico_sync/critical_section.c.obj
                0x10003bdc                critical_section_init
 .text.critical_section_init_with_lock_num
                0x10003bf8       0x14 CMakeFiles/MonitorAmbiental.dir/C_/Users/denis/.pico-sdk/sdk/2.2.0/src/common/pico_sync/critical_section.c.obj
                0x10003bf8                critical_section_init_with_lock_num
 .text.sleep_until_callback
                0x10003c0c       0x30 CMakeFiles/MonitorAmbiental.dir/C_/Users/denis/.pico-sdk/sdk/2.2.0/src/common/pico_time/time.c.obj
 .text.alarm_pool_irq_handler
                0x10003c3c      0x300 CMakeFiles/MonitorAmbiental.dir/C_/Users/denis/.pico-sdk/sdk/2.2.0/src/common/pico_time/time.c.obj
 .text.runtime_init_default_alarm_pool
                0x10003f3c       0xdc CMakeFiles/MonitorAmbiental.dir/C_/Users/denis/.pico-sdk/sdk/2.2.0/src/common/pico_time/time.c.obj
                0x10003f3c                runtime_init_default_alarm_pool
 .text.alarm_pool_get_default
                0x10004018        0x8 CMakeFiles/MonitorAmbiental.dir/C_/Users/denis/.pico-sdk/sdk/2.2.0/src/common/pico_time/time.c.obj
                0x10004018                alarm_pool_get_default
 .text.alarm_pool_add_alarm_at
                0x10004020       0xd0 CMakeFiles/MonitorAmbiental.dir/C_/Users/denis/.pico-sdk/sdk/2.2.0/src/common/pico_time/time.c.obj
                0x10004020                alarm_pool_add_alarm_at
 .text.alarm_pool_add_alarm_at_force_in_context
                0x100040f0       0xb0 CMakeFiles/MonitorAmbiental.dir/C_/Users/denis/.pico-sdk/sdk/2.2.0/src/common/pico_time/time.c.obj
                0x100040f0                alarm_pool_add_alarm_at_force_in_context
 .text.alarm_pool_cancel_alarm
                0x100041a0       0x74 CMakeFiles/MonitorAmbiental.dir/C_/Users/denis/.pico-sdk/sdk/2.2.0/src/common/pico_time/time.c.obj
                0x100041a0                alarm_pool_cancel_alarm
 .text.alarm_pool_core_num
                0x10004214        0x4 CMakeFiles/MonitorAmbiental.dir/C_/Users/denis/.pico-sdk/sdk/2.2.0/src/common/pico_time/time.c.obj
                0x10004214                alarm_pool_core_num
 .text.sleep_until
                0x10004218       0xd0 CMakeFiles/MonitorAmbiental.dir/C_/Users/denis/.pico-sdk/sdk/2.2.0/src/common/pico_time/time.c.obj
                0x10004218                sleep_until
 .text.sleep_ms
                0x100042e8       0xfc CMakeFiles/MonitorAmbiental.dir/C_/Users/denis/.pico-sdk/sdk/2.2.0/src/common/pico_time/time.c.obj
                0x100042e8                sleep_ms
 .text.best_effort_wfe_or_timeout
                0x100043e4      0x10c CMakeFiles/MonitorAmbiental.dir/C_/Users/denis/.pico-sdk/sdk/2.2.0/src/common/pico_time/time.c.obj
                0x100043e4                best_effort_wfe_or_timeout
 .text.timer_hardware_alarm_claim
                0x100044f0       0x14 CMakeFiles/MonitorAmbiental.dir/C_/Users/denis/.pico-sdk/sdk/2.2.0/src/rp2_common/hardware_timer/timer.c.obj
                0x100044f0                timer_hardware_alarm_claim
 .text.timer_time_us_64
                0x10004504       0x10 CMakeFiles/MonitorAmbiental.dir/C_/Users/denis/.pico-sdk/sdk/2.2.0/src/rp2_common/hardware_timer/timer.c.obj
                0x10004504                timer_time_us_64
 .text.time_us_64
                0x10004514       0x14 CMakeFiles/MonitorAmbiental.dir/C_/Users/denis/.pico-sdk/sdk/2.2.0/src/rp2_common/hardware_timer/timer.c.obj
                0x10004514                time_us_64
 .text.busy_wait_us
                0x10004528       0x68 CMakeFiles/MonitorAmbiental.dir/C_/Users/denis/.pico-sdk/sdk/2.2.0/src/rp2_common/hardware_timer/timer.c.obj
                0x10004528                busy_wait_us
 .text.busy_wait_until
                0x10004590       0x20 CMakeFiles/MonitorAmbiental.dir/C_/Users/denis/.pico-sdk/sdk/2.2.0/src/rp2_common/hardware_timer/timer.c.obj
                0x10004590                busy_wait_until
 .text.uart_init
                0x100045b0      0x120 CMakeFiles/MonitorAmbiental.dir/C_/Users/denis/.pico-sdk/sdk/2.2.0/src/rp2_common/hardware_uart/uart.c.obj
                0x100045b0                uart_init
 .text.clock_configure_int_divider
                0x100046d0       0xf4 CMakeFiles/MonitorAmbiental.dir/C_/Users/denis/.pico-sdk/sdk/2.2.0/src/rp2_common/hardware_clocks/clocks.c.obj
                0x100046d0                clock_configure_int_divider
 .text.clock_configure_undivided
                0x100047c4       0xe8 CMakeFiles/MonitorAmbiental.dir/C_/Users/denis/.pico-sdk/sdk/2.2.0/src/rp2_common/hardware_clocks/clocks.c.obj
                0x100047c4                clock_configure_undivided
 .text.clock_get_hz
                0x100048ac        0xc CMakeFiles/MonitorAmbiental.dir/C_/Users/denis/.pico-sdk/sdk/2.2.0/src/rp2_common/hardware_clocks/clocks.c.obj
                0x100048ac                clock_get_hz
 .text.pll_init
                0x100048b8       0xa4 CMakeFiles/MonitorAmbiental.dir/C_/Users/denis/.pico-sdk/sdk/2.2.0/src/rp2_common/hardware_pll/pll.c.obj
                0x100048b8                pll_init
 .text.watchdog_reboot
                0x1000495c       0x9c CMakeFiles/MonitorAmbiental.dir/C_/Users/denis/.pico-sdk/sdk/2.2.0/src/rp2_common/hardware_watchdog/watchdog.c.obj
                0x1000495c                watchdog_reboot
 .text.tick_start
                0x100049f8       0x10 CMakeFiles/MonitorAmbiental.dir/C_/Users/denis/.pico-sdk/sdk/2.2.0/src/rp2_common/hardware_ticks/ticks.c.obj
                0x100049f8                tick_start
 .text.rom_func_lookup
                0x10004a08       0x10 CMakeFiles/MonitorAmbiental.dir/C_/Users/denis/.pico-sdk/sdk/2.2.0/src/rp2_common/pico_bootrom/bootrom.c.obj
                0x10004a08                rom_func_lookup
 .text.rom_data_lookup
                0x10004a18       0x10 CMakeFiles/MonitorAmbiental.dir/C_/Users/denis/.pico-sdk/sdk/2.2.0/src/rp2_common/pico_bootrom/bootrom.c.obj
                0x10004a18                rom_data_lookup
 .text.rom_funcs_lookup
                0x10004a28       0x44 CMakeFiles/MonitorAmbiental.dir/C_/Users/denis/.pico-sdk/sdk/2.2.0/src/rp2_common/pico_bootrom/bootrom.c.obj
                0x10004a28                rom_funcs_lookup
 .text.rom_reset_usb_boot_extra
                0x10004a6c       0x24 CMakeFiles/MonitorAmbiental.dir/C_/Users/denis/.pico-sdk/sdk/2.2.0/src/rp2_common/pico_bootrom/bootrom.c.obj
                0x10004a6c                rom_reset_usb_boot_extra
 .text.xosc_init
                0x10004a90       0x28 CMakeFiles/MonitorAmbiental.dir/C_/Users/denis/.pico-sdk/sdk/2.2.0/src/rp2_common/hardware_xosc/xosc.c.obj
                0x10004a90                xosc_init
 .text.first_per_core_initializer
                0x10004ab8        0x4 CMakeFiles/MonitorAmbiental.dir/C_/Users/denis/.pico-sdk/sdk/2.2.0/src/rp2_common/pico_runtime/runtime.c.obj
 .text.hard_assertion_failure
                0x10004abc        0xc CMakeFiles/MonitorAmbiental.dir/C_/Users/denis/.pico-sdk/sdk/2.2.0/src/rp2_common/pico_runtime/runtime.c.obj
                0x10004abc                hard_assertion_failure
 .text.runtime_run_initializers
                0x10004ac8       0x28 CMakeFiles/MonitorAmbiental.dir/C_/Users/denis/.pico-sdk/sdk/2.2.0/src/rp2_common/pico_runtime/runtime.c.obj
                0x10004ac8                runtime_run_initializers
 .text.runtime_init_early_resets
                0x10004af0       0x2c CMakeFiles/MonitorAmbiental.dir/C_/Users/denis/.pico-sdk/sdk/2.2.0/src/rp2_common/pico_runtime_init/runtime_init.c.obj
                0x10004af0                runtime_init_early_resets
 .text.runtime_init_usb_power_down
                0x10004b1c       0x1c CMakeFiles/MonitorAmbiental.dir/C_/Users/denis/.pico-sdk/sdk/2.2.0/src/rp2_common/pico_runtime_init/runtime_init.c.obj
                0x10004b1c                runtime_init_usb_power_down
 .text.runtime_init_post_clock_resets
                0x10004b38       0x20 CMakeFiles/MonitorAmbiental.dir/C_/Users/denis/.pico-sdk/sdk/2.2.0/src/rp2_common/pico_runtime_init/runtime_init.c.obj
                0x10004b38                runtime_init_post_clock_resets
 .text.runtime_init_rp2040_gpio_ie_disable
                0x10004b58       0x14 CMakeFiles/MonitorAmbiental.dir/C_/Users/denis/.pico-sdk/sdk/2.2.0/src/rp2_common/pico_runtime_init/runtime_init.c.obj
                0x10004b58                runtime_init_rp2040_gpio_ie_disable
 .text.runtime_init_spin_locks_reset
                0x10004b6c        0x8 CMakeFiles/MonitorAmbiental.dir/C_/Users/denis/.pico-sdk/sdk/2.2.0/src/rp2_common/pico_runtime_init/runtime_init.c.obj
                0x10004b6c                runtime_init_spin_locks_reset
 .text.runtime_init_install_ram_vector_table
                0x10004b74       0xb4 CMakeFiles/MonitorAmbiental.dir/C_/Users/denis/.pico-sdk/sdk/2.2.0/src/rp2_common/pico_runtime_init/runtime_init.c.obj
                0x10004b74                runtime_init_install_ram_vector_table
 .text.runtime_init_clocks
                0x10004c28       0xd8 CMakeFiles/MonitorAmbiental.dir/C_/Users/denis/.pico-sdk/sdk/2.2.0/src/rp2_common/pico_runtime_init/runtime_init_clocks.c.obj
                0x10004c28                runtime_init_clocks
 .text          0x10004d00       0x10 CMakeFiles/MonitorAmbiental.dir/C_/Users/denis/.pico-sdk/sdk/2.2.0/src/rp2_common/pico_bit_ops/bit_ops_aeabi.S.obj
 .text.ctzsi    0x10004d10        0xc CMakeFiles/MonitorAmbiental.dir/C_/Users/denis/.pico-sdk/sdk/2.2.0/src/rp2_common/pico_bit_ops/bit_ops_aeabi.S.obj
                0x10004d10                __wrap___ctzsi2
 .text.__wrap___aeabi_idiv
                0x10004d1c       0x50 CMakeFiles/MonitorAmbiental.dir/C_/Users/denis/.pico-sdk/sdk/2.2.0/src/rp2_common/pico_divider/divider_hardware.S.obj
                0x10004d1c                __wrap___aeabi_idivmod
                0x10004d1c                divmod_s32s32
                0x10004d1c                div_s32s32
                0x10004d1c                __wrap___aeabi_idiv
                0x10004d24                divmod_s32s32_unsafe
                0x10004d50                divmod_s32s32_savestate
 .text.__wrap___aeabi_uidiv
                0x10004d6c       0x4c CMakeFiles/MonitorAmbiental.dir/C_/Users/denis/.pico-sdk/sdk/2.2.0/src/rp2_common/pico_divider/divider_hardware.S.obj
                0x10004d6c                __wrap___aeabi_uidiv
                0x10004d6c                __wrap___aeabi_uidivmod
                0x10004d6c                div_u32u32
                0x10004d6c                divmod_u32u32
                0x10004d74                divmod_u32u32_unsafe
                0x10004d9c                divmod_u32u32_savestate
 .text.__wrap___aeabi_ldiv
                0x10004db8      0x424 CMakeFiles/MonitorAmbiental.dir/C_/Users/denis/.pico-sdk/sdk/2.2.0/src/rp2_common/pico_divider/divider_hardware.S.obj
                0x10004db8                div_s64s64
                0x10004db8                divmod_s64s64
                0x10004db8                __wrap___aeabi_ldivmod
                0x10004de8                divmod_u64u64
                0x10004de8                div_u64u64
                0x10004de8                __wrap___aeabi_uldivmod
                0x10004df8                divmod_u64u64_savestate
                0x10004e18                divmod_s64s64_unsafe
                0x10004ea0                divmod_u64u64_unsafe
 .text.__wrap___aeabi_darithmetic
                0x100051dc       0x60 CMakeFiles/MonitorAmbiental.dir/C_/Users/denis/.pico-sdk/sdk/2.2.0/src/rp2_common/pico_double/double_aeabi_rp2040.S.obj
                0x100051dc                __wrap___aeabi_drsub
                0x100051e2                __wrap___aeabi_dsub
                0x100051ec                __wrap___aeabi_dadd
                0x100051f6                __wrap___aeabi_ddiv
                0x1000522a                __wrap___aeabi_dmul
 .text.__wrap___aeabi_cdcmple
                0x1000523c       0x6c CMakeFiles/MonitorAmbiental.dir/C_/Users/denis/.pico-sdk/sdk/2.2.0/src/rp2_common/pico_double/double_aeabi_rp2040.S.obj
                0x1000523c                __wrap___aeabi_cdrcmple
                0x1000524c                __wrap___aeabi_cdcmpeq
                0x1000524c                __wrap___aeabi_cdcmple
 .text.__wrap___aeabi_dcmpeq
                0x100052a8       0x10 CMakeFiles/MonitorAmbiental.dir/C_/Users/denis/.pico-sdk/sdk/2.2.0/src/rp2_common/pico_double/double_aeabi_rp2040.S.obj
                0x100052a8                __wrap___aeabi_dcmpeq
 .text.__wrap___aeabi_dcmplt
                0x100052b8        0xc CMakeFiles/MonitorAmbiental.dir/C_/Users/denis/.pico-sdk/sdk/2.2.0/src/rp2_common/pico_double/double_aeabi_rp2040.S.obj
                0x100052b8                __wrap___aeabi_dcmplt
 .text.__wrap___aeabi_dcmple
                0x100052c4       0x10 CMakeFiles/MonitorAmbiental.dir/C_/Users/denis/.pico-sdk/sdk/2.2.0/src/rp2_common/pico_double/double_aeabi_rp2040.S.obj
                0x100052c4                __wrap___aeabi_dcmple
 .text.__wrap___aeabi_dcmpge
                0x100052d4       0x10 CMakeFiles/MonitorAmbiental.dir/C_/Users/denis/.pico-sdk/sdk/2.2.0/src/rp2_common/pico_double/double_aeabi_rp2040.S.obj
                0x100052d4                __wrap___aeabi_dcmpge
 .text.__wrap___aeabi_dcmpgt
                0x100052e4        0xa CMakeFiles/MonitorAmbiental.dir/C_/Users/denis/.pico-sdk/sdk/2.2.0/src/rp2_common/pico_double/double_aeabi_rp2040.S.obj
                0x100052e4                __wrap___aeabi_dcmpgt
 .text.__wrap___aeabi_dcmpun
                0x100052ee       0x18 CMakeFiles/MonitorAmbiental.dir/C_/Users/denis/.pico-sdk/sdk/2.2.0/src/rp2_common/pico_double/double_aeabi_rp2040.S.obj
                0x100052ee                __wrap___aeabi_dcmpun
 *fill*         0x10005306        0x2 
 .text.__wrap___aeabi_i2d
                0x10005308       0x38 CMakeFiles/MonitorAmbiental.dir/C_/Users/denis/.pico-sdk/sdk/2.2.0/src/rp2_common/pico_double/double_aeabi_rp2040.S.obj
                0x10005308                uint2double
                0x10005308                __wrap___aeabi_ui2d
                0x10005310                int2double
                0x10005310                __wrap___aeabi_i2d
 .text.__wrap___aeabi_d2iz
                0x10005340       0x48 CMakeFiles/MonitorAmbiental.dir/C_/Users/denis/.pico-sdk/sdk/2.2.0/src/rp2_common/pico_double/double_aeabi_rp2040.S.obj
                0x10005340                double2int_z
                0x10005340                __wrap___aeabi_d2iz
 .text.__wrap___aeabi_d2uiz
                0x10005388       0x10 CMakeFiles/MonitorAmbiental.dir/C_/Users/denis/.pico-sdk/sdk/2.2.0/src/rp2_common/pico_double/double_aeabi_rp2040.S.obj
                0x10005388                double2uint
                0x10005388                __wrap___aeabi_d2uiz
                0x10005388                double2uint_z
 .text.__wrap___aeabi_l2d
                0x10005398       0x10 CMakeFiles/MonitorAmbiental.dir/C_/Users/denis/.pico-sdk/sdk/2.2.0/src/rp2_common/pico_double/double_aeabi_rp2040.S.obj
                0x10005398                int642double
                0x10005398                __wrap___aeabi_l2d
 .text.__wrap___aeabi_d2lz
                0x100053a8       0x26 CMakeFiles/MonitorAmbiental.dir/C_/Users/denis/.pico-sdk/sdk/2.2.0/src/rp2_common/pico_double/double_aeabi_rp2040.S.obj
                0x100053a8                double2int64_z
                0x100053a8                __wrap___aeabi_d2lz
 *fill*         0x100053ce        0x2 
 .text.double2int64
                0x100053d0       0x10 CMakeFiles/MonitorAmbiental.dir/C_/Users/denis/.pico-sdk/sdk/2.2.0/src/rp2_common/pico_double/double_aeabi_rp2040.S.obj
                0x100053d0                double2int64
 .text.double2ufix64
                0x100053e0       0x10 CMakeFiles/MonitorAmbiental.dir/C_/Users/denis/.pico-sdk/sdk/2.2.0/src/rp2_common/pico_double/double_aeabi_rp2040.S.obj
                0x100053e0                double2ufix64_z
                0x100053e0                double2ufix64
 .text.__wrap___aeabi_d2f
                0x100053f0       0x10 CMakeFiles/MonitorAmbiental.dir/C_/Users/denis/.pico-sdk/sdk/2.2.0/src/rp2_common/pico_double/double_aeabi_rp2040.S.obj
                0x100053f0                __wrap___aeabi_d2f
 .text.missing_double_func_shim
                0x10005400        0xc CMakeFiles/MonitorAmbiental.dir/C_/Users/denis/.pico-sdk/sdk/2.2.0/src/rp2_common/pico_double/double_init_rom_rp2040.c.obj
 .text.__aeabi_double_init
                0x1000540c       0xa0 CMakeFiles/MonitorAmbiental.dir/C_/Users/denis/.pico-sdk/sdk/2.2.0/src/rp2_common/pico_double/double_init_rom_rp2040.c.obj
                0x1000540c                __aeabi_double_init
 .text.double_table_shim_on_use_helper
                0x100054ac       0x2c CMakeFiles/MonitorAmbiental.dir/C_/Users/denis/.pico-sdk/sdk/2.2.0/src/rp2_common/pico_double/double_v1_rom_shim_rp2040.S.obj
                0x100054ac                double_table_shim_on_use_helper
 .text.__aeabi_lmul
                0x100054d8       0x32 CMakeFiles/MonitorAmbiental.dir/C_/Users/denis/.pico-sdk/sdk/2.2.0/src/rp2_common/pico_int64_ops/pico_int64_ops_aeabi.S.obj
                0x100054d8                __wrap___aeabi_lmul
 *fill*         0x1000550a        0x2 
 .text.__wrap___aeabi_farithmetic
                0x1000550c       0x48 CMakeFiles/MonitorAmbiental.dir/C_/Users/denis/.pico-sdk/sdk/2.2.0/src/rp2_common/pico_float/float_aeabi_rp2040.S.obj
                0x1000550c                __wrap___aeabi_frsub
                0x10005512                __wrap___aeabi_fsub
                0x10005518                __wrap___aeabi_fadd
                0x1000551e                __wrap___aeabi_fdiv
                0x10005546                __wrap___aeabi_fmul
 .text.__wrap___aeabi_cfcmple
                0x10005554       0x50 CMakeFiles/MonitorAmbiental.dir/C_/Users/denis/.pico-sdk/sdk/2.2.0/src/rp2_common/pico_float/float_aeabi_rp2040.S.obj
                0x10005554                __wrap___aeabi_cfrcmple
                0x10005560                __wrap___aeabi_cfcmple
                0x10005560                __wrap___aeabi_cfcmpeq
 .text.__wrap___aeabi_fcmplt
                0x100055a4        0xc CMakeFiles/MonitorAmbiental.dir/C_/Users/denis/.pico-sdk/sdk/2.2.0/src/rp2_common/pico_float/float_aeabi_rp2040.S.obj
                0x100055a4                __wrap___aeabi_fcmplt
 .text.__wrap___aeabi_ui2f
                0x100055b0        0xa CMakeFiles/MonitorAmbiental.dir/C_/Users/denis/.pico-sdk/sdk/2.2.0/src/rp2_common/pico_float/float_aeabi_rp2040.S.obj
                0x100055b0                __wrap___aeabi_ui2f
                0x100055b0                uint2float
 *fill*         0x100055ba        0x2 
 .text.__wrap___aeabi_i2f
                0x100055bc       0x44 CMakeFiles/MonitorAmbiental.dir/C_/Users/denis/.pico-sdk/sdk/2.2.0/src/rp2_common/pico_float/float_aeabi_rp2040.S.obj
                0x100055bc                __wrap___aeabi_i2f
                0x100055bc                int2float
 .text.__wrap___aeabi_f2uiz
                0x10005600        0xc CMakeFiles/MonitorAmbiental.dir/C_/Users/denis/.pico-sdk/sdk/2.2.0/src/rp2_common/pico_float/float_aeabi_rp2040.S.obj
                0x10005600                float2uint_z
                0x10005600                __wrap___aeabi_f2uiz
                0x10005600                float2uint
 .text.__wrap___aeabi_f2d
                0x1000560c        0xc CMakeFiles/MonitorAmbiental.dir/C_/Users/denis/.pico-sdk/sdk/2.2.0/src/rp2_common/pico_float/float_aeabi_rp2040.S.obj
                0x1000560c                __wrap___aeabi_f2d
 .text.missing_float_func_shim
                0x10005618        0xc CMakeFiles/MonitorAmbiental.dir/C_/Users/denis/.pico-sdk/sdk/2.2.0/src/rp2_common/pico_float/float_init_rom_rp2040.c.obj
 .text.__aeabi_float_init
                0x10005624       0x5c CMakeFiles/MonitorAmbiental.dir/C_/Users/denis/.pico-sdk/sdk/2.2.0/src/rp2_common/pico_float/float_init_rom_rp2040.c.obj
                0x10005624                __aeabi_float_init
 .text.__wrap_malloc
                0x10005680       0x24 CMakeFiles/MonitorAmbiental.dir/C_/Users/denis/.pico-sdk/sdk/2.2.0/src/rp2_common/pico_malloc/malloc.c.obj
                0x10005680                __wrap_malloc
 .text.__wrap_realloc
                0x100056a4       0x24 CMakeFiles/MonitorAmbiental.dir/C_/Users/denis/.pico-sdk/sdk/2.2.0/src/rp2_common/pico_malloc/malloc.c.obj
                0x100056a4                __wrap_realloc
 .text.__wrap_free
                0x100056c8        0x8 CMakeFiles/MonitorAmbiental.dir/C_/Users/denis/.pico-sdk/sdk/2.2.0/src/rp2_common/pico_malloc/malloc.c.obj
                0x100056c8                __wrap_free
 .text          0x100056d0       0x10 CMakeFiles/MonitorAmbiental.dir/C_/Users/denis/.pico-sdk/sdk/2.2.0/src/rp2_common/pico_mem_ops/mem_ops_aeabi.S.obj
                0x100056d0                __aeabi_mem_init
 .text.memset   0x100056e0        0xc CMakeFiles/MonitorAmbiental.dir/C_/Users/denis/.pico-sdk/sdk/2.2.0/src/rp2_common/pico_mem_ops/mem_ops_aeabi.S.obj
                0x100056e0                __wrap_memset
 .text.memcpy   0x100056ec        0xc CMakeFiles/MonitorAmbiental.dir/C_/Users/denis/.pico-sdk/sdk/2.2.0/src/rp2_common/pico_mem_ops/mem_ops_aeabi.S.obj
                0x100056ec                __wrap_memcpy
                0x100056ec                __wrap___aeabi_memcpy
 .text._out_buffer
                0x100056f8        0x8 CMakeFiles/MonitorAmbiental.dir/C_/Users/denis/.pico-sdk/sdk/2.2.0/src/rp2_common/pico_printf/printf.c.obj
 .text._out_null
                0x10005700        0x4 CMakeFiles/MonitorAmbiental.dir/C_/Users/denis/.pico-sdk/sdk/2.2.0/src/rp2_common/pico_printf/printf.c.obj
 .text._out_rev
                0x10005704       0xac CMakeFiles/MonitorAmbiental.dir/C_/Users/denis/.pico-sdk/sdk/2.2.0/src/rp2_common/pico_printf/printf.c.obj
 .text._ntoa_format
                0x100057b0      0x1cc CMakeFiles/MonitorAmbiental.dir/C_/Users/denis/.pico-sdk/sdk/2.2.0/src/rp2_common/pico_printf/printf.c.obj
 .text._out_char
                0x1000597c       0x10 CMakeFiles/MonitorAmbiental.dir/C_/Users/denis/.pico-sdk/sdk/2.2.0/src/rp2_common/pico_printf/printf.c.obj
 .text._out_fct
                0x1000598c       0x10 CMakeFiles/MonitorAmbiental.dir/C_/Users/denis/.pico-sdk/sdk/2.2.0/src/rp2_common/pico_printf/printf.c.obj
 .text._ftoa    0x1000599c      0x4a8 CMakeFiles/MonitorAmbiental.dir/C_/Users/denis/.pico-sdk/sdk/2.2.0/src/rp2_common/pico_printf/printf.c.obj
 .text._etoa    0x10005e44      0x57c CMakeFiles/MonitorAmbiental.dir/C_/Users/denis/.pico-sdk/sdk/2.2.0/src/rp2_common/pico_printf/printf.c.obj
 .text._vsnprintf
                0x100063c0      0xbe0 CMakeFiles/MonitorAmbiental.dir/C_/Users/denis/.pico-sdk/sdk/2.2.0/src/rp2_common/pico_printf/printf.c.obj
 .text.__wrap_sprintf
                0x10006fa0       0x2c CMakeFiles/MonitorAmbiental.dir/C_/Users/denis/.pico-sdk/sdk/2.2.0/src/rp2_common/pico_printf/printf.c.obj
                0x10006fa0                __wrap_sprintf
 .text.__wrap_snprintf
                0x10006fcc       0x28 CMakeFiles/MonitorAmbiental.dir/C_/Users/denis/.pico-sdk/sdk/2.2.0/src/rp2_common/pico_printf/printf.c.obj
                0x10006fcc                __wrap_snprintf
 .text.vfctprintf
                0x10006ff4       0x24 CMakeFiles/MonitorAmbiental.dir/C_/Users/denis/.pico-sdk/sdk/2.2.0/src/rp2_common/pico_printf/printf.c.obj
                0x10006ff4                vfctprintf
 .text.weak_raw_printf
                0x10007018       0x40 CMakeFiles/MonitorAmbiental.dir/C_/Users/denis/.pico-sdk/sdk/2.2.0/src/rp2_common/pico_printf/printf.c.obj
                0x10007018                weak_raw_printf
 .text.weak_raw_vprintf
                0x10007058       0x30 CMakeFiles/MonitorAmbiental.dir/C_/Users/denis/.pico-sdk/sdk/2.2.0/src/rp2_common/pico_printf/printf.c.obj
                0x10007058                weak_raw_vprintf
 .text._exit    0x10007088        0x4 CMakeFiles/MonitorAmbiental.dir/C_/Users/denis/.pico-sdk/sdk/2.2.0/src/rp2_common/pico_clib_interface/newlib_interface.c.obj
                0x10007088                _exit
 .text._sbrk    0x1000708c       0x34 CMakeFiles/MonitorAmbiental.dir/C_/Users/denis/.pico-sdk/sdk/2.2.0/src/rp2_common/pico_clib_interface/newlib_interface.c.obj
                0x1000708c                _sbrk
 .text._read    0x100070c0       0x24 CMakeFiles/MonitorAmbiental.dir/C_/Users/denis/.pico-sdk/sdk/2.2.0/src/rp2_common/pico_clib_interface/newlib_interface.c.obj
                0x100070c0                _read
 .text._write   0x100070e4       0x24 CMakeFiles/MonitorAmbiental.dir/C_/Users/denis/.pico-sdk/sdk/2.2.0/src/rp2_common/pico_clib_interface/newlib_interface.c.obj
                0x100070e4                _write
 .text._close   0x10007108        0x8 CMakeFiles/MonitorAmbiental.dir/C_/Users/denis/.pico-sdk/sdk/2.2.0/src/rp2_common/pico_clib_interface/newlib_interface.c.obj
                0x10007108                _close
 .text._lseek   0x10007110        0x8 CMakeFiles/MonitorAmbiental.dir/C_/Users/denis/.pico-sdk/sdk/2.2.0/src/rp2_common/pico_clib_interface/newlib_interface.c.obj
                0x10007110                _lseek
 .text.exit     0x10007118        0x8 CMakeFiles/MonitorAmbiental.dir/C_/Users/denis/.pico-sdk/sdk/2.2.0/src/rp2_common/pico_clib_interface/newlib_interface.c.obj
                0x10007118                exit
 .text.__assert_func
                0x10007120       0x38 CMakeFiles/MonitorAmbiental.dir/C_/Users/denis/.pico-sdk/sdk/2.2.0/src/rp2_common/pico_clib_interface/newlib_interface.c.obj
                0x10007120                __assert_func
 .text.runtime_init
                0x10007158       0x2c CMakeFiles/MonitorAmbiental.dir/C_/Users/denis/.pico-sdk/sdk/2.2.0/src/rp2_common/pico_clib_interface/newlib_interface.c.obj
                0x10007158                runtime_init
 .text.stdio_out_chars_no_crlf
                0x10007184       0x10 CMakeFiles/MonitorAmbiental.dir/C_/Users/denis/.pico-sdk/sdk/2.2.0/src/rp2_common/pico_stdio/stdio.c.obj
 .text.stdio_out_chars_crlf
                0x10007194       0xb0 CMakeFiles/MonitorAmbiental.dir/C_/Users/denis/.pico-sdk/sdk/2.2.0/src/rp2_common/pico_stdio/stdio.c.obj
 .text.stdio_buffered_printer
                0x10007244       0x64 CMakeFiles/MonitorAmbiental.dir/C_/Users/denis/.pico-sdk/sdk/2.2.0/src/rp2_common/pico_stdio/stdio.c.obj
 .text.stdio_put_string
                0x100072a8       0xfc CMakeFiles/MonitorAmbiental.dir/C_/Users/denis/.pico-sdk/sdk/2.2.0/src/rp2_common/pico_stdio/stdio.c.obj
                0x100072a8                stdio_put_string
 .text.stdio_get_until
                0x100073a4       0x84 CMakeFiles/MonitorAmbiental.dir/C_/Users/denis/.pico-sdk/sdk/2.2.0/src/rp2_common/pico_stdio/stdio.c.obj
                0x100073a4                stdio_get_until
 .text.stdio_set_driver_enabled
                0x10007428       0x30 CMakeFiles/MonitorAmbiental.dir/C_/Users/denis/.pico-sdk/sdk/2.2.0/src/rp2_common/pico_stdio/stdio.c.obj
                0x10007428                stdio_set_driver_enabled
 .text.stdio_init_all
                0x10007458       0x10 CMakeFiles/MonitorAmbiental.dir/C_/Users/denis/.pico-sdk/sdk/2.2.0/src/rp2_common/pico_stdio/stdio.c.obj
                0x10007458                stdio_init_all
 .text.stdio_getchar_timeout_us
                0x10007468       0x98 CMakeFiles/MonitorAmbiental.dir/C_/Users/denis/.pico-sdk/sdk/2.2.0/src/rp2_common/pico_stdio/stdio.c.obj
                0x10007468                stdio_getchar_timeout_us
 .text.__wrap_putchar
                0x10007500       0x94 CMakeFiles/MonitorAmbiental.dir/C_/Users/denis/.pico-sdk/sdk/2.2.0/src/rp2_common/pico_stdio/stdio.c.obj
                0x10007500                __wrap_putchar
                0x10007500                stdio_putchar
 .text.__wrap_puts
                0x10007594       0x3c CMakeFiles/MonitorAmbiental.dir/C_/Users/denis/.pico-sdk/sdk/2.2.0/src/rp2_common/pico_stdio/stdio.c.obj
                0x10007594                stdio_puts
                0x10007594                __wrap_puts
 .text.__wrap_vprintf
                0x100075d0       0xcc CMakeFiles/MonitorAmbiental.dir/C_/Users/denis/.pico-sdk/sdk/2.2.0/src/rp2_common/pico_stdio/stdio.c.obj
                0x100075d0                stdio_vprintf
                0x100075d0                __wrap_vprintf
 .text.__wrap_printf
                0x1000769c       0x18 CMakeFiles/MonitorAmbiental.dir/C_/Users/denis/.pico-sdk/sdk/2.2.0/src/rp2_common/pico_stdio/stdio.c.obj
                0x1000769c                __wrap_printf
                0x1000769c                stdio_printf
 .text.stdio_uart_out_chars
                0x100076b4       0x4c CMakeFiles/MonitorAmbiental.dir/C_/Users/denis/.pico-sdk/sdk/2.2.0/src/rp2_common/pico_stdio_uart/stdio_uart.c.obj
 .text.stdio_uart_in_chars
                0x10007700       0x90 CMakeFiles/MonitorAmbiental.dir/C_/Users/denis/.pico-sdk/sdk/2.2.0/src/rp2_common/pico_stdio_uart/stdio_uart.c.obj
                0x10007700                stdio_uart_in_chars
 .text.on_uart_rx
                0x10007790       0x28 CMakeFiles/MonitorAmbiental.dir/C_/Users/denis/.pico-sdk/sdk/2.2.0/src/rp2_common/pico_stdio_uart/stdio_uart.c.obj
 .text.stdio_uart_out_flush
                0x100077b8       0x14 CMakeFiles/MonitorAmbiental.dir/C_/Users/denis/.pico-sdk/sdk/2.2.0/src/rp2_common/pico_stdio_uart/stdio_uart.c.obj
 .text.stdio_uart_set_chars_available_callback
                0x100077cc       0x84 CMakeFiles/MonitorAmbiental.dir/C_/Users/denis/.pico-sdk/sdk/2.2.0/src/rp2_common/pico_stdio_uart/stdio_uart.c.obj
 .text.stdio_uart_init
                0x10007850       0x50 CMakeFiles/MonitorAmbiental.dir/C_/Users/denis/.pico-sdk/sdk/2.2.0/src/rp2_common/pico_stdio_uart/stdio_uart.c.obj
                0x10007850                stdio_uart_init
 .text.resetd_init
                0x100078a0        0x4 CMakeFiles/MonitorAmbiental.dir/C_/Users/denis/.pico-sdk/sdk/2.2.0/src/rp2_common/pico_stdio_usb/reset_interface.c.obj
 .text.resetd_reset
                0x100078a4        0xc CMakeFiles/MonitorAmbiental.dir/C_/Users/denis/.pico-sdk/sdk/2.2.0/src/rp2_common/pico_stdio_usb/reset_interface.c.obj
 .text.resetd_open
                0x100078b0       0x28 CMakeFiles/MonitorAmbiental.dir/C_/Users/denis/.pico-sdk/sdk/2.2.0/src/rp2_common/pico_stdio_usb/reset_interface.c.obj
 .text.resetd_xfer_cb
                0x100078d8        0x4 CMakeFiles/MonitorAmbiental.dir/C_/Users/denis/.pico-sdk/sdk/2.2.0/src/rp2_common/pico_stdio_usb/reset_interface.c.obj
 .text.resetd_control_xfer_cb
                0x100078dc       0x54 CMakeFiles/MonitorAmbiental.dir/C_/Users/denis/.pico-sdk/sdk/2.2.0/src/rp2_common/pico_stdio_usb/reset_interface.c.obj
 .text.tud_descriptor_bos_cb
                0x10007930        0x8 CMakeFiles/MonitorAmbiental.dir/C_/Users/denis/.pico-sdk/sdk/2.2.0/src/rp2_common/pico_stdio_usb/reset_interface.c.obj
                0x10007930                tud_descriptor_bos_cb
 .text.tud_vendor_control_xfer_cb
                0x10007938       0x34 CMakeFiles/MonitorAmbiental.dir/C_/Users/denis/.pico-sdk/sdk/2.2.0/src/rp2_common/pico_stdio_usb/reset_interface.c.obj
                0x10007938                tud_vendor_control_xfer_cb
 .text.usbd_app_driver_get_cb
                0x1000796c        0xc CMakeFiles/MonitorAmbiental.dir/C_/Users/denis/.pico-sdk/sdk/2.2.0/src/rp2_common/pico_stdio_usb/reset_interface.c.obj
                0x1000796c                usbd_app_driver_get_cb
 .text.tud_cdc_line_coding_cb
                0x10007978       0x2c CMakeFiles/MonitorAmbiental.dir/C_/Users/denis/.pico-sdk/sdk/2.2.0/src/rp2_common/pico_stdio_usb/reset_interface.c.obj
                0x10007978                tud_cdc_line_coding_cb
 .text.stdio_usb_set_chars_available_callback
                0x100079a4       0x14 CMakeFiles/MonitorAmbiental.dir/C_/Users/denis/.pico-sdk/sdk/2.2.0/src/rp2_common/pico_stdio_usb/stdio_usb.c.obj
                0x100079a4                stdio_usb_set_chars_available_callback
 .text.usb_irq  0x100079b8       0x10 CMakeFiles/MonitorAmbiental.dir/C_/Users/denis/.pico-sdk/sdk/2.2.0/src/rp2_common/pico_stdio_usb/stdio_usb.c.obj
 .text.timer_task
                0x100079c8       0x64 CMakeFiles/MonitorAmbiental.dir/C_/Users/denis/.pico-sdk/sdk/2.2.0/src/rp2_common/pico_stdio_usb/stdio_usb.c.obj
 .text.stdio_usb_in_chars
                0x10007a2c       0x8c CMakeFiles/MonitorAmbiental.dir/C_/Users/denis/.pico-sdk/sdk/2.2.0/src/rp2_common/pico_stdio_usb/stdio_usb.c.obj
                0x10007a2c                stdio_usb_in_chars
 .text.stdio_usb_out_flush
                0x10007ab8       0x4c CMakeFiles/MonitorAmbiental.dir/C_/Users/denis/.pico-sdk/sdk/2.2.0/src/rp2_common/pico_stdio_usb/stdio_usb.c.obj
 .text.stdio_usb_out_chars
                0x10007b04      0x100 CMakeFiles/MonitorAmbiental.dir/C_/Users/denis/.pico-sdk/sdk/2.2.0/src/rp2_common/pico_stdio_usb/stdio_usb.c.obj
 .text.low_priority_worker_irq
                0x10007c04       0xc8 CMakeFiles/MonitorAmbiental.dir/C_/Users/denis/.pico-sdk/sdk/2.2.0/src/rp2_common/pico_stdio_usb/stdio_usb.c.obj
 .text.stdio_usb_init
                0x10007ccc       0xe8 CMakeFiles/MonitorAmbiental.dir/C_/Users/denis/.pico-sdk/sdk/2.2.0/src/rp2_common/pico_stdio_usb/stdio_usb.c.obj
                0x10007ccc                stdio_usb_init
 .text.tud_descriptor_device_cb
                0x10007db4        0x8 CMakeFiles/MonitorAmbiental.dir/C_/Users/denis/.pico-sdk/sdk/2.2.0/src/rp2_common/pico_stdio_usb/stdio_usb_descriptors.c.obj
                0x10007db4                tud_descriptor_device_cb
 .text.tud_descriptor_configuration_cb
                0x10007dbc        0x8 CMakeFiles/MonitorAmbiental.dir/C_/Users/denis/.pico-sdk/sdk/2.2.0/src/rp2_common/pico_stdio_usb/stdio_usb_descriptors.c.obj
                0x10007dbc                tud_descriptor_configuration_cb
 .text.tud_descriptor_string_cb
                0x10007dc4       0x78 CMakeFiles/MonitorAmbiental.dir/C_/Users/denis/.pico-sdk/sdk/2.2.0/src/rp2_common/pico_stdio_usb/stdio_usb_descriptors.c.obj
                0x10007dc4                tud_descriptor_string_cb
 .text.startup._retrieve_unique_id_on_boot
                0x10007e3c       0x10 CMakeFiles/MonitorAmbiental.dir/C_/Users/denis/.pico-sdk/sdk/2.2.0/src/rp2_common/pico_unique_id/unique_id.c.obj
 .text.pico_get_unique_board_id
                0x10007e4c       0x10 CMakeFiles/MonitorAmbiental.dir/C_/Users/denis/.pico-sdk/sdk/2.2.0/src/rp2_common/pico_unique_id/unique_id.c.obj
                0x10007e4c                pico_get_unique_board_id
 .text.pico_get_unique_board_id_string
                0x10007e5c      0x1a8 CMakeFiles/MonitorAmbiental.dir/C_/Users/denis/.pico-sdk/sdk/2.2.0/src/rp2_common/pico_unique_id/unique_id.c.obj
                0x10007e5c                pico_get_unique_board_id_string
 .text.flash_get_unique_id
                0x10008004       0x3c CMakeFiles/MonitorAmbiental.dir/C_/Users/denis/.pico-sdk/sdk/2.2.0/src/rp2_common/hardware_flash/flash.c.obj
                0x10008004                flash_get_unique_id
 .text.dcd_init
                0x10008040       0x90 CMakeFiles/MonitorAmbiental.dir/C_/Users/denis/.pico-sdk/sdk/2.2.0/lib/tinyusb/src/portable/raspberrypi/rp2040/dcd_rp2040.c.obj
                0x10008040                dcd_init
 .text.dcd_int_enable
                0x100080d0        0xc CMakeFiles/MonitorAmbiental.dir/C_/Users/denis/.pico-sdk/sdk/2.2.0/lib/tinyusb/src/portable/raspberrypi/rp2040/dcd_rp2040.c.obj
                0x100080d0                dcd_int_enable
 .text.dcd_set_address
                0x100080dc       0x14 CMakeFiles/MonitorAmbiental.dir/C_/Users/denis/.pico-sdk/sdk/2.2.0/lib/tinyusb/src/portable/raspberrypi/rp2040/dcd_rp2040.c.obj
                0x100080dc                dcd_set_address
 .text.dcd_sof_enable
                0x100080f0       0x1c CMakeFiles/MonitorAmbiental.dir/C_/Users/denis/.pico-sdk/sdk/2.2.0/lib/tinyusb/src/portable/raspberrypi/rp2040/dcd_rp2040.c.obj
                0x100080f0                dcd_sof_enable
 .text.dcd_edpt0_status_complete
                0x1000810c       0x1c CMakeFiles/MonitorAmbiental.dir/C_/Users/denis/.pico-sdk/sdk/2.2.0/lib/tinyusb/src/portable/raspberrypi/rp2040/dcd_rp2040.c.obj
                0x1000810c                dcd_edpt0_status_complete
 .text.dcd_edpt_open
                0x10008128      0x114 CMakeFiles/MonitorAmbiental.dir/C_/Users/denis/.pico-sdk/sdk/2.2.0/lib/tinyusb/src/portable/raspberrypi/rp2040/dcd_rp2040.c.obj
                0x10008128                dcd_edpt_open
 .text.dcd_edpt_close_all
                0x1000823c        0x8 CMakeFiles/MonitorAmbiental.dir/C_/Users/denis/.pico-sdk/sdk/2.2.0/lib/tinyusb/src/portable/raspberrypi/rp2040/dcd_rp2040.c.obj
                0x1000823c                dcd_edpt_close_all
 .text.dcd_edpt_xfer
                0x10008244       0x24 CMakeFiles/MonitorAmbiental.dir/C_/Users/denis/.pico-sdk/sdk/2.2.0/lib/tinyusb/src/portable/raspberrypi/rp2040/dcd_rp2040.c.obj
                0x10008244                dcd_edpt_xfer
 .text.dcd_edpt_stall
                0x10008268       0x3c CMakeFiles/MonitorAmbiental.dir/C_/Users/denis/.pico-sdk/sdk/2.2.0/lib/tinyusb/src/portable/raspberrypi/rp2040/dcd_rp2040.c.obj
                0x10008268                dcd_edpt_stall
 .text.dcd_edpt_clear_stall
                0x100082a4       0x30 CMakeFiles/MonitorAmbiental.dir/C_/Users/denis/.pico-sdk/sdk/2.2.0/lib/tinyusb/src/portable/raspberrypi/rp2040/dcd_rp2040.c.obj
                0x100082a4                dcd_edpt_clear_stall
 .text.rp2040_usb_init
                0x100082d4       0x40 CMakeFiles/MonitorAmbiental.dir/C_/Users/denis/.pico-sdk/sdk/2.2.0/lib/tinyusb/src/portable/raspberrypi/rp2040/rp2040_usb.c.obj
                0x100082d4                rp2040_usb_init
 .text.hw_endpoint_xfer_start
                0x10008314       0x40 CMakeFiles/MonitorAmbiental.dir/C_/Users/denis/.pico-sdk/sdk/2.2.0/lib/tinyusb/src/portable/raspberrypi/rp2040/rp2040_usb.c.obj
                0x10008314                hw_endpoint_xfer_start
 .text.tud_event_hook_cb
                0x10008354        0x4 CMakeFiles/MonitorAmbiental.dir/C_/Users/denis/.pico-sdk/sdk/2.2.0/lib/tinyusb/src/device/usbd.c.obj
                0x10008354                tud_event_hook_cb
 .text.tud_sof_cb
                0x10008358        0x4 CMakeFiles/MonitorAmbiental.dir/C_/Users/denis/.pico-sdk/sdk/2.2.0/lib/tinyusb/src/device/usbd.c.obj
                0x10008358                tud_sof_cb
 .text.tud_descriptor_device_qualifier_cb
                0x1000835c        0x4 CMakeFiles/MonitorAmbiental.dir/C_/Users/denis/.pico-sdk/sdk/2.2.0/lib/tinyusb/src/device/usbd.c.obj
                0x1000835c                tud_descriptor_device_qualifier_cb
 .text.tud_descriptor_other_speed_configuration_cb
                0x10008360        0x4 CMakeFiles/MonitorAmbiental.dir/C_/Users/denis/.pico-sdk/sdk/2.2.0/lib/tinyusb/src/device/usbd.c.obj
                0x10008360                tud_descriptor_other_speed_configuration_cb
 .text.tud_mount_cb
                0x10008364        0x4 CMakeFiles/MonitorAmbiental.dir/C_/Users/denis/.pico-sdk/sdk/2.2.0/lib/tinyusb/src/device/usbd.c.obj
                0x10008364                tud_mount_cb
 .text.tud_umount_cb
                0x10008368        0x4 CMakeFiles/MonitorAmbiental.dir/C_/Users/denis/.pico-sdk/sdk/2.2.0/lib/tinyusb/src/device/usbd.c.obj
                0x10008368                tud_umount_cb
 .text.tud_suspend_cb
                0x1000836c        0x4 CMakeFiles/MonitorAmbiental.dir/C_/Users/denis/.pico-sdk/sdk/2.2.0/lib/tinyusb/src/device/usbd.c.obj
                0x1000836c                tud_suspend_cb
 .text.tud_resume_cb
                0x10008370        0x4 CMakeFiles/MonitorAmbiental.dir/C_/Users/denis/.pico-sdk/sdk/2.2.0/lib/tinyusb/src/device/usbd.c.obj
                0x10008370                tud_resume_cb
 .text.tud_mounted
                0x10008374       0x10 CMakeFiles/MonitorAmbiental.dir/C_/Users/denis/.pico-sdk/sdk/2.2.0/lib/tinyusb/src/device/usbd.c.obj
                0x10008374                tud_mounted
 .text.tud_suspended
                0x10008384       0x10 CMakeFiles/MonitorAmbiental.dir/C_/Users/denis/.pico-sdk/sdk/2.2.0/lib/tinyusb/src/device/usbd.c.obj
                0x10008384                tud_suspended
 .text.tud_rhport_init
                0x10008394       0xf4 CMakeFiles/MonitorAmbiental.dir/C_/Users/denis/.pico-sdk/sdk/2.2.0/lib/tinyusb/src/device/usbd.c.obj
                0x10008394                tud_rhport_init
 .text.tud_task_ext
                0x10008488      0x800 CMakeFiles/MonitorAmbiental.dir/C_/Users/denis/.pico-sdk/sdk/2.2.0/lib/tinyusb/src/device/usbd.c.obj
                0x10008488                tud_task_ext
 .text.usbd_open_edpt_pair
                0x10008c88       0x9c CMakeFiles/MonitorAmbiental.dir/C_/Users/denis/.pico-sdk/sdk/2.2.0/lib/tinyusb/src/device/usbd.c.obj
                0x10008c88                usbd_open_edpt_pair
 .text.usbd_edpt_open
                0x10008d24       0x34 CMakeFiles/MonitorAmbiental.dir/C_/Users/denis/.pico-sdk/sdk/2.2.0/lib/tinyusb/src/device/usbd.c.obj
                0x10008d24                usbd_edpt_open
 .text.usbd_edpt_claim
                0x10008d58       0x28 CMakeFiles/MonitorAmbiental.dir/C_/Users/denis/.pico-sdk/sdk/2.2.0/lib/tinyusb/src/device/usbd.c.obj
                0x10008d58                usbd_edpt_claim
 .text.usbd_edpt_release
                0x10008d80       0x28 CMakeFiles/MonitorAmbiental.dir/C_/Users/denis/.pico-sdk/sdk/2.2.0/lib/tinyusb/src/device/usbd.c.obj
                0x10008d80                usbd_edpt_release
 .text.usbd_edpt_xfer
                0x10008da8       0x4c CMakeFiles/MonitorAmbiental.dir/C_/Users/denis/.pico-sdk/sdk/2.2.0/lib/tinyusb/src/device/usbd.c.obj
                0x10008da8                usbd_edpt_xfer
 .text.tud_control_status
                0x10008df4       0x2c CMakeFiles/MonitorAmbiental.dir/C_/Users/denis/.pico-sdk/sdk/2.2.0/lib/tinyusb/src/device/usbd_control.c.obj
                0x10008df4                tud_control_status
 .text.tud_control_xfer
                0x10008e20       0xa8 CMakeFiles/MonitorAmbiental.dir/C_/Users/denis/.pico-sdk/sdk/2.2.0/lib/tinyusb/src/device/usbd_control.c.obj
                0x10008e20                tud_control_xfer
 .text.usbd_control_reset
                0x10008ec8       0x14 CMakeFiles/MonitorAmbiental.dir/C_/Users/denis/.pico-sdk/sdk/2.2.0/lib/tinyusb/src/device/usbd_control.c.obj
                0x10008ec8                usbd_control_reset
 .text.usbd_control_set_complete_callback
                0x10008edc        0xc CMakeFiles/MonitorAmbiental.dir/C_/Users/denis/.pico-sdk/sdk/2.2.0/lib/tinyusb/src/device/usbd_control.c.obj
                0x10008edc                usbd_control_set_complete_callback
 .text.usbd_control_set_request
                0x10008ee8       0x1c CMakeFiles/MonitorAmbiental.dir/C_/Users/denis/.pico-sdk/sdk/2.2.0/lib/tinyusb/src/device/usbd_control.c.obj
                0x10008ee8                usbd_control_set_request
 .text.usbd_control_xfer_cb
                0x10008f04       0xec CMakeFiles/MonitorAmbiental.dir/C_/Users/denis/.pico-sdk/sdk/2.2.0/lib/tinyusb/src/device/usbd_control.c.obj
                0x10008f04                usbd_control_xfer_cb
 .text._prep_out_transaction.isra.0
                0x10008ff0       0x6c CMakeFiles/MonitorAmbiental.dir/C_/Users/denis/.pico-sdk/sdk/2.2.0/lib/tinyusb/src/class/cdc/cdc_device.c.obj
 .text.tud_cdc_n_connected
                0x1000905c       0x2c CMakeFiles/MonitorAmbiental.dir/C_/Users/denis/.pico-sdk/sdk/2.2.0/lib/tinyusb/src/class/cdc/cdc_device.c.obj
                0x1000905c                tud_cdc_n_connected
 .text.tud_cdc_n_available
                0x10009088       0x14 CMakeFiles/MonitorAmbiental.dir/C_/Users/denis/.pico-sdk/sdk/2.2.0/lib/tinyusb/src/class/cdc/cdc_device.c.obj
                0x10009088                tud_cdc_n_available
 .text.tud_cdc_n_read
                0x1000909c       0x88 CMakeFiles/MonitorAmbiental.dir/C_/Users/denis/.pico-sdk/sdk/2.2.0/lib/tinyusb/src/class/cdc/cdc_device.c.obj
                0x1000909c                tud_cdc_n_read
 .text.tud_cdc_n_write_flush
                0x10009124       0x74 CMakeFiles/MonitorAmbiental.dir/C_/Users/denis/.pico-sdk/sdk/2.2.0/lib/tinyusb/src/class/cdc/cdc_device.c.obj
                0x10009124                tud_cdc_n_write_flush
 .text.tud_cdc_n_write
                0x10009198       0x40 CMakeFiles/MonitorAmbiental.dir/C_/Users/denis/.pico-sdk/sdk/2.2.0/lib/tinyusb/src/class/cdc/cdc_device.c.obj
                0x10009198                tud_cdc_n_write
 .text.tud_cdc_n_write_available
                0x100091d8       0x14 CMakeFiles/MonitorAmbiental.dir/C_/Users/denis/.pico-sdk/sdk/2.2.0/lib/tinyusb/src/class/cdc/cdc_device.c.obj
                0x100091d8                tud_cdc_n_write_available
 .text.cdcd_init
                0x100091ec       0x70 CMakeFiles/MonitorAmbiental.dir/C_/Users/denis/.pico-sdk/sdk/2.2.0/lib/tinyusb/src/class/cdc/cdc_device.c.obj
                0x100091ec                cdcd_init
 .text.cdcd_deinit
                0x1000925c       0x30 CMakeFiles/MonitorAmbiental.dir/C_/Users/denis/.pico-sdk/sdk/2.2.0/lib/tinyusb/src/class/cdc/cdc_device.c.obj
                0x1000925c                cdcd_deinit
 .text.cdcd_reset
                0x1000928c       0x4c CMakeFiles/MonitorAmbiental.dir/C_/Users/denis/.pico-sdk/sdk/2.2.0/lib/tinyusb/src/class/cdc/cdc_device.c.obj
                0x1000928c                cdcd_reset
 .text.cdcd_open
                0x100092d8       0xa4 CMakeFiles/MonitorAmbiental.dir/C_/Users/denis/.pico-sdk/sdk/2.2.0/lib/tinyusb/src/class/cdc/cdc_device.c.obj
                0x100092d8                cdcd_open
 .text.cdcd_control_xfer_cb
                0x1000937c       0xe8 CMakeFiles/MonitorAmbiental.dir/C_/Users/denis/.pico-sdk/sdk/2.2.0/lib/tinyusb/src/class/cdc/cdc_device.c.obj
                0x1000937c                cdcd_control_xfer_cb
 .text.cdcd_xfer_cb
                0x10009464      0x100 CMakeFiles/MonitorAmbiental.dir/C_/Users/denis/.pico-sdk/sdk/2.2.0/lib/tinyusb/src/class/cdc/cdc_device.c.obj
                0x10009464                cdcd_xfer_cb
 .text.vendord_init
                0x10009564       0x5c CMakeFiles/MonitorAmbiental.dir/C_/Users/denis/.pico-sdk/sdk/2.2.0/lib/tinyusb/src/class/vendor/vendor_device.c.obj
                0x10009564                vendord_init
 .text.vendord_deinit
                0x100095c0       0x1c CMakeFiles/MonitorAmbiental.dir/C_/Users/denis/.pico-sdk/sdk/2.2.0/lib/tinyusb/src/class/vendor/vendor_device.c.obj
                0x100095c0                vendord_deinit
 .text.vendord_reset
                0x100095dc       0x28 CMakeFiles/MonitorAmbiental.dir/C_/Users/denis/.pico-sdk/sdk/2.2.0/lib/tinyusb/src/class/vendor/vendor_device.c.obj
                0x100095dc                vendord_reset
 .text.vendord_open
                0x10009604      0x120 CMakeFiles/MonitorAmbiental.dir/C_/Users/denis/.pico-sdk/sdk/2.2.0/lib/tinyusb/src/class/vendor/vendor_device.c.obj
                0x10009604                vendord_open
 .text.vendord_xfer_cb
                0x10009724       0x9c CMakeFiles/MonitorAmbiental.dir/C_/Users/denis/.pico-sdk/sdk/2.2.0/lib/tinyusb/src/class/vendor/vendor_device.c.obj
                0x10009724                vendord_xfer_cb
 .text.tusb_rhport_init
                0x100097c0       0x4c CMakeFiles/MonitorAmbiental.dir/C_/Users/denis/.pico-sdk/sdk/2.2.0/lib/tinyusb/src/tusb.c.obj
                0x100097c0                tusb_rhport_init
 .text.tu_edpt_claim
                0x1000980c       0x50 CMakeFiles/MonitorAmbiental.dir/C_/Users/denis/.pico-sdk/sdk/2.2.0/lib/tinyusb/src/tusb.c.obj
                0x1000980c                tu_edpt_claim
 .text.tu_edpt_release
                0x1000985c       0x38 CMakeFiles/MonitorAmbiental.dir/C_/Users/denis/.pico-sdk/sdk/2.2.0/lib/tinyusb/src/tusb.c.obj
                0x1000985c                tu_edpt_release
 .text.tu_edpt_validate
                0x10009894       0x7c CMakeFiles/MonitorAmbiental.dir/C_/Users/denis/.pico-sdk/sdk/2.2.0/lib/tinyusb/src/tusb.c.obj
                0x10009894                tu_edpt_validate
 .text.tu_edpt_bind_driver
                0x10009910       0x34 CMakeFiles/MonitorAmbiental.dir/C_/Users/denis/.pico-sdk/sdk/2.2.0/lib/tinyusb/src/tusb.c.obj
                0x10009910                tu_edpt_bind_driver
 .text.tu_edpt_stream_init
                0x10009944       0x6c CMakeFiles/MonitorAmbiental.dir/C_/Users/denis/.pico-sdk/sdk/2.2.0/lib/tinyusb/src/tusb.c.obj
                0x10009944                tu_edpt_stream_init
 .text.tu_edpt_stream_deinit
                0x100099b0        0x4 CMakeFiles/MonitorAmbiental.dir/C_/Users/denis/.pico-sdk/sdk/2.2.0/lib/tinyusb/src/tusb.c.obj
                0x100099b0                tu_edpt_stream_deinit
 .text.tu_edpt_stream_write_zlp_if_needed
                0x100099b4       0x68 CMakeFiles/MonitorAmbiental.dir/C_/Users/denis/.pico-sdk/sdk/2.2.0/lib/tinyusb/src/tusb.c.obj
                0x100099b4                tu_edpt_stream_write_zlp_if_needed
 .text.tu_edpt_stream_write_xfer
                0x10009a1c       0x68 CMakeFiles/MonitorAmbiental.dir/C_/Users/denis/.pico-sdk/sdk/2.2.0/lib/tinyusb/src/tusb.c.obj
                0x10009a1c                tu_edpt_stream_write_xfer
 .text.tu_edpt_stream_read_xfer
                0x10009a84       0xd8 CMakeFiles/MonitorAmbiental.dir/C_/Users/denis/.pico-sdk/sdk/2.2.0/lib/tinyusb/src/tusb.c.obj
                0x10009a84                tu_edpt_stream_read_xfer
 .text.tu_fifo_config
                0x10009b5c       0x6c CMakeFiles/MonitorAmbiental.dir/C_/Users/denis/.pico-sdk/sdk/2.2.0/lib/tinyusb/src/common/tusb_fifo.c.obj
                0x10009b5c                tu_fifo_config
 .text.tu_fifo_count
                0x10009bc8       0x2c CMakeFiles/MonitorAmbiental.dir/C_/Users/denis/.pico-sdk/sdk/2.2.0/lib/tinyusb/src/common/tusb_fifo.c.obj
                0x10009bc8                tu_fifo_count
 .text.tu_fifo_empty
                0x10009bf4       0x10 CMakeFiles/MonitorAmbiental.dir/C_/Users/denis/.pico-sdk/sdk/2.2.0/lib/tinyusb/src/common/tusb_fifo.c.obj
                0x10009bf4                tu_fifo_empty
 .text.tu_fifo_remaining
                0x10009c04       0x2c CMakeFiles/MonitorAmbiental.dir/C_/Users/denis/.pico-sdk/sdk/2.2.0/lib/tinyusb/src/common/tusb_fifo.c.obj
                0x10009c04                tu_fifo_remaining
 .text.tu_fifo_read
                0x10009c30       0x9c CMakeFiles/MonitorAmbiental.dir/C_/Users/denis/.pico-sdk/sdk/2.2.0/lib/tinyusb/src/common/tusb_fifo.c.obj
                0x10009c30                tu_fifo_read
 .text.tu_fifo_read_n
                0x10009ccc       0xe8 CMakeFiles/MonitorAmbiental.dir/C_/Users/denis/.pico-sdk/sdk/2.2.0/lib/tinyusb/src/common/tusb_fifo.c.obj
                0x10009ccc                tu_fifo_read_n
 .text.tu_fifo_write
                0x10009db4       0xa4 CMakeFiles/MonitorAmbiental.dir/C_/Users/denis/.pico-sdk/sdk/2.2.0/lib/tinyusb/src/common/tusb_fifo.c.obj
                0x10009db4                tu_fifo_write
 .text.tu_fifo_write_n
                0x10009e58      0x178 CMakeFiles/MonitorAmbiental.dir/C_/Users/denis/.pico-sdk/sdk/2.2.0/lib/tinyusb/src/common/tusb_fifo.c.obj
                0x10009e58                tu_fifo_write_n
 .text.tu_fifo_clear
                0x10009fd0       0x40 CMakeFiles/MonitorAmbiental.dir/C_/Users/denis/.pico-sdk/sdk/2.2.0/lib/tinyusb/src/common/tusb_fifo.c.obj
                0x10009fd0                tu_fifo_clear
 .text.tu_fifo_set_overwritable
                0x1000a010       0x48 CMakeFiles/MonitorAmbiental.dir/C_/Users/denis/.pico-sdk/sdk/2.2.0/lib/tinyusb/src/common/tusb_fifo.c.obj
                0x1000a010                tu_fifo_set_overwritable
 .text.i2c_read_blocking_internal.constprop.0
                0x1000a058       0x98 CMakeFiles/MonitorAmbiental.dir/C_/Users/denis/.pico-sdk/sdk/2.2.0/src/rp2_common/hardware_i2c/i2c.c.obj
 .text.i2c_write_blocking_internal.constprop.0
                0x1000a0f0       0xf8 CMakeFiles/MonitorAmbiental.dir/C_/Users/denis/.pico-sdk/sdk/2.2.0/src/rp2_common/hardware_i2c/i2c.c.obj
 .text.i2c_set_baudrate
                0x1000a1e8       0xc0 CMakeFiles/MonitorAmbiental.dir/C_/Users/denis/.pico-sdk/sdk/2.2.0/src/rp2_common/hardware_i2c/i2c.c.obj
                0x1000a1e8                i2c_set_baudrate
 .text.i2c_init
                0x1000a2a8       0x50 CMakeFiles/MonitorAmbiental.dir/C_/Users/denis/.pico-sdk/sdk/2.2.0/src/rp2_common/hardware_i2c/i2c.c.obj
                0x1000a2a8                i2c_init
 .text.i2c_write_blocking
                0x1000a2f8       0x14 CMakeFiles/MonitorAmbiental.dir/C_/Users/denis/.pico-sdk/sdk/2.2.0/src/rp2_common/hardware_i2c/i2c.c.obj
                0x1000a2f8                i2c_write_blocking
 .text.i2c_read_blocking
                0x1000a30c       0x14 CMakeFiles/MonitorAmbiental.dir/C_/Users/denis/.pico-sdk/sdk/2.2.0/src/rp2_common/hardware_i2c/i2c.c.obj
                0x1000a30c                i2c_read_blocking
 .text.pio_claim_unused_sm
                0x1000a320       0x38 CMakeFiles/MonitorAmbiental.dir/C_/Users/denis/.pico-sdk/sdk/2.2.0/src/rp2_common/hardware_pio/pio.c.obj
                0x1000a320                pio_claim_unused_sm
 .text.pio_add_program
                0x1000a358       0xf8 CMakeFiles/MonitorAmbiental.dir/C_/Users/denis/.pico-sdk/sdk/2.2.0/src/rp2_common/hardware_pio/pio.c.obj
                0x1000a358                pio_add_program
 .text.pio_sm_set_pindirs_with_mask64
                0x1000a450       0xac CMakeFiles/MonitorAmbiental.dir/C_/Users/denis/.pico-sdk/sdk/2.2.0/src/rp2_common/hardware_pio/pio.c.obj
                0x1000a450                pio_sm_set_pindirs_with_mask64
 .text.pio_sm_set_consecutive_pindirs
                0x1000a4fc       0xb4 CMakeFiles/MonitorAmbiental.dir/C_/Users/denis/.pico-sdk/sdk/2.2.0/src/rp2_common/hardware_pio/pio.c.obj
                0x1000a4fc                pio_sm_set_consecutive_pindirs
 .text.pio_sm_init
                0x1000a5b0       0x9c CMakeFiles/MonitorAmbiental.dir/C_/Users/denis/.pico-sdk/sdk/2.2.0/src/rp2_common/hardware_pio/pio.c.obj
                0x1000a5b0                pio_sm_init
 .text.pio_claim_free_sm_and_add_program_for_gpio_range
                0x1000a64c      0x184 CMakeFiles/MonitorAmbiental.dir/C_/Users/denis/.pico-sdk/sdk/2.2.0/src/rp2_common/hardware_pio/pio.c.obj
                0x1000a64c                pio_claim_free_sm_and_add_program_for_gpio_range
 .text.pio_remove_program_and_unclaim_sm
                0x1000a7d0       0x40 CMakeFiles/MonitorAmbiental.dir/C_/Users/denis/.pico-sdk/sdk/2.2.0/src/rp2_common/hardware_pio/pio.c.obj
                0x1000a7d0                pio_remove_program_and_unclaim_sm
 .text.lwip_timeout_reached
                0x1000a810        0x8 CMakeFiles/MonitorAmbiental.dir/C_/Users/denis/.pico-sdk/sdk/2.2.0/src/rp2_common/pico_lwip/lwip_nosys.c.obj
 .text.update_next_timeout
                0x1000a818       0x5c CMakeFiles/MonitorAmbiental.dir/C_/Users/denis/.pico-sdk/sdk/2.2.0/src/rp2_common/pico_lwip/lwip_nosys.c.obj
 .text.lwip_nosys_init
                0x1000a874       0x30 CMakeFiles/MonitorAmbiental.dir/C_/Users/denis/.pico-sdk/sdk/2.2.0/src/rp2_common/pico_lwip/lwip_nosys.c.obj
                0x1000a874                lwip_nosys_init
 .text.lwip_nosys_deinit
                0x1000a8a4       0x20 CMakeFiles/MonitorAmbiental.dir/C_/Users/denis/.pico-sdk/sdk/2.2.0/src/rp2_common/pico_lwip/lwip_nosys.c.obj
                0x1000a8a4                lwip_nosys_deinit
 .text.sys_arch_protect
                0x1000a8c4        0x4 CMakeFiles/MonitorAmbiental.dir/C_/Users/denis/.pico-sdk/sdk/2.2.0/src/rp2_common/pico_lwip/lwip_nosys.c.obj
                0x1000a8c4                sys_arch_protect
 .text.sys_arch_unprotect
                0x1000a8c8        0x4 CMakeFiles/MonitorAmbiental.dir/C_/Users/denis/.pico-sdk/sdk/2.2.0/src/rp2_common/pico_lwip/lwip_nosys.c.obj
                0x1000a8c8                sys_arch_unprotect
 .text.sys_now  0x1000a8cc       0x20 CMakeFiles/MonitorAmbiental.dir/C_/Users/denis/.pico-sdk/sdk/2.2.0/src/rp2_common/pico_lwip/lwip_nosys.c.obj
                0x1000a8cc                sys_now
 .text.async_context_base_add_at_time_worker
                0x1000a8ec       0x28 CMakeFiles/MonitorAmbiental.dir/C_/Users/denis/.pico-sdk/sdk/2.2.0/src/rp2_common/pico_async_context/async_context_base.c.obj
                0x1000a8ec                async_context_base_add_at_time_worker
 .text.async_context_base_remove_at_time_worker
                0x1000a914       0x24 CMakeFiles/MonitorAmbiental.dir/C_/Users/denis/.pico-sdk/sdk/2.2.0/src/rp2_common/pico_async_context/async_context_base.c.obj
                0x1000a914                async_context_base_remove_at_time_worker
 .text.async_context_base_add_when_pending_worker
                0x1000a938       0x24 CMakeFiles/MonitorAmbiental.dir/C_/Users/denis/.pico-sdk/sdk/2.2.0/src/rp2_common/pico_async_context/async_context_base.c.obj
                0x1000a938                async_context_base_add_when_pending_worker
 .text.async_context_base_remove_when_pending_worker
                0x1000a95c       0x24 CMakeFiles/MonitorAmbiental.dir/C_/Users/denis/.pico-sdk/sdk/2.2.0/src/rp2_common/pico_async_context/async_context_base.c.obj
                0x1000a95c                async_context_base_remove_when_pending_worker
 .text.async_context_base_execute_once
                0x1000a980      0x108 CMakeFiles/MonitorAmbiental.dir/C_/Users/denis/.pico-sdk/sdk/2.2.0/src/rp2_common/pico_async_context/async_context_base.c.obj
                0x1000a980                async_context_base_execute_once
 .text.splitmix64
                0x1000aa88       0x58 CMakeFiles/MonitorAmbiental.dir/C_/Users/denis/.pico-sdk/sdk/2.2.0/src/rp2_common/pico_rand/rand.c.obj
 .text.xoroshiro128ss
                0x1000aae0       0x90 CMakeFiles/MonitorAmbiental.dir/C_/Users/denis/.pico-sdk/sdk/2.2.0/src/rp2_common/pico_rand/rand.c.obj
 .text.get_rand_64
                0x1000ab70      0x47c CMakeFiles/MonitorAmbiental.dir/C_/Users/denis/.pico-sdk/sdk/2.2.0/src/rp2_common/pico_rand/rand.c.obj
                0x1000ab70                get_rand_64
 .text.get_rand_32
                0x1000afec        0x8 CMakeFiles/MonitorAmbiental.dir/C_/Users/denis/.pico-sdk/sdk/2.2.0/src/rp2_common/pico_rand/rand.c.obj
                0x1000afec                get_rand_32
 .text.lwip_init
                0x1000aff4       0x24 CMakeFiles/MonitorAmbiental.dir/C_/Users/denis/.pico-sdk/sdk/2.2.0/lib/lwip/src/core/init.c.obj
                0x1000aff4                lwip_init
 .text.lwip_htons
                0x1000b018        0x8 CMakeFiles/MonitorAmbiental.dir/C_/Users/denis/.pico-sdk/sdk/2.2.0/lib/lwip/src/core/def.c.obj
                0x1000b018                lwip_htons
 .text.lwip_htonl
                0x1000b020        0x4 CMakeFiles/MonitorAmbiental.dir/C_/Users/denis/.pico-sdk/sdk/2.2.0/lib/lwip/src/core/def.c.obj
                0x1000b020                lwip_htonl
 .text.dns_call_found
                0x1000b024      0x184 CMakeFiles/MonitorAmbiental.dir/C_/Users/denis/.pico-sdk/sdk/2.2.0/lib/lwip/src/core/dns.c.obj
 .text.dns_send.isra.0
                0x1000b1a8      0x174 CMakeFiles/MonitorAmbiental.dir/C_/Users/denis/.pico-sdk/sdk/2.2.0/lib/lwip/src/core/dns.c.obj
 .text.dns_init
                0x1000b31c        0x4 CMakeFiles/MonitorAmbiental.dir/C_/Users/denis/.pico-sdk/sdk/2.2.0/lib/lwip/src/core/dns.c.obj
                0x1000b31c                dns_init
 .text.dns_setserver
                0x1000b320       0x24 CMakeFiles/MonitorAmbiental.dir/C_/Users/denis/.pico-sdk/sdk/2.2.0/lib/lwip/src/core/dns.c.obj
                0x1000b320                dns_setserver
 .text.dns_tmr  0x1000b344      0x130 CMakeFiles/MonitorAmbiental.dir/C_/Users/denis/.pico-sdk/sdk/2.2.0/lib/lwip/src/core/dns.c.obj
                0x1000b344                dns_tmr
 .text.lwip_standard_chksum
                0x1000b474       0xf4 CMakeFiles/MonitorAmbiental.dir/C_/Users/denis/.pico-sdk/sdk/2.2.0/lib/lwip/src/core/inet_chksum.c.obj
                0x1000b474                lwip_standard_chksum
 .text.inet_chksum_pseudo
                0x1000b568       0xbc CMakeFiles/MonitorAmbiental.dir/C_/Users/denis/.pico-sdk/sdk/2.2.0/lib/lwip/src/core/inet_chksum.c.obj
                0x1000b568                inet_chksum_pseudo
 .text.ip_chksum_pseudo
                0x1000b624       0x10 CMakeFiles/MonitorAmbiental.dir/C_/Users/denis/.pico-sdk/sdk/2.2.0/lib/lwip/src/core/inet_chksum.c.obj
                0x1000b624                ip_chksum_pseudo
 .text.inet_chksum
                0x1000b634        0xc CMakeFiles/MonitorAmbiental.dir/C_/Users/denis/.pico-sdk/sdk/2.2.0/lib/lwip/src/core/inet_chksum.c.obj
                0x1000b634                inet_chksum
 .text.inet_chksum_pbuf
                0x1000b640       0x78 CMakeFiles/MonitorAmbiental.dir/C_/Users/denis/.pico-sdk/sdk/2.2.0/lib/lwip/src/core/inet_chksum.c.obj
                0x1000b640                inet_chksum_pbuf
 .text.mem_init
                0x1000b6b8       0x3c CMakeFiles/MonitorAmbiental.dir/C_/Users/denis/.pico-sdk/sdk/2.2.0/lib/lwip/src/core/mem.c.obj
                0x1000b6b8                mem_init
 .text.mem_free
                0x1000b6f4      0x13c CMakeFiles/MonitorAmbiental.dir/C_/Users/denis/.pico-sdk/sdk/2.2.0/lib/lwip/src/core/mem.c.obj
                0x1000b6f4                mem_free
 .text.mem_trim
                0x1000b830      0x104 CMakeFiles/MonitorAmbiental.dir/C_/Users/denis/.pico-sdk/sdk/2.2.0/lib/lwip/src/core/mem.c.obj
                0x1000b830                mem_trim
 .text.mem_malloc
                0x1000b934      0x130 CMakeFiles/MonitorAmbiental.dir/C_/Users/denis/.pico-sdk/sdk/2.2.0/lib/lwip/src/core/mem.c.obj
                0x1000b934                mem_malloc
 .text.memp_init
                0x1000ba64       0x6c CMakeFiles/MonitorAmbiental.dir/C_/Users/denis/.pico-sdk/sdk/2.2.0/lib/lwip/src/core/memp.c.obj
                0x1000ba64                memp_init
 .text.memp_malloc
                0x1000bad0       0x40 CMakeFiles/MonitorAmbiental.dir/C_/Users/denis/.pico-sdk/sdk/2.2.0/lib/lwip/src/core/memp.c.obj
                0x1000bad0                memp_malloc
 .text.memp_free
                0x1000bb10       0x38 CMakeFiles/MonitorAmbiental.dir/C_/Users/denis/.pico-sdk/sdk/2.2.0/lib/lwip/src/core/memp.c.obj
                0x1000bb10                memp_free
 .text.netif_null_output_ip4
                0x1000bb48        0x8 CMakeFiles/MonitorAmbiental.dir/C_/Users/denis/.pico-sdk/sdk/2.2.0/lib/lwip/src/core/netif.c.obj
 .text.netif_do_set_ipaddr.isra.0
                0x1000bb50       0x70 CMakeFiles/MonitorAmbiental.dir/C_/Users/denis/.pico-sdk/sdk/2.2.0/lib/lwip/src/core/netif.c.obj
 .text.netif_init
                0x1000bbc0        0x4 CMakeFiles/MonitorAmbiental.dir/C_/Users/denis/.pico-sdk/sdk/2.2.0/lib/lwip/src/core/netif.c.obj
                0x1000bbc0                netif_init
 .text.netif_add
                0x1000bbc4      0x174 CMakeFiles/MonitorAmbiental.dir/C_/Users/denis/.pico-sdk/sdk/2.2.0/lib/lwip/src/core/netif.c.obj
                0x1000bbc4                netif_add
 .text.netif_set_addr
                0x1000bd38       0xb8 CMakeFiles/MonitorAmbiental.dir/C_/Users/denis/.pico-sdk/sdk/2.2.0/lib/lwip/src/core/netif.c.obj
                0x1000bd38                netif_set_addr
 .text.netif_remove
                0x1000bdf0       0x94 CMakeFiles/MonitorAmbiental.dir/C_/Users/denis/.pico-sdk/sdk/2.2.0/lib/lwip/src/core/netif.c.obj
                0x1000bdf0                netif_remove
 .text.netif_set_default
                0x1000be84        0xc CMakeFiles/MonitorAmbiental.dir/C_/Users/denis/.pico-sdk/sdk/2.2.0/lib/lwip/src/core/netif.c.obj
                0x1000be84                netif_set_default
 .text.netif_set_up
                0x1000be90       0x40 CMakeFiles/MonitorAmbiental.dir/C_/Users/denis/.pico-sdk/sdk/2.2.0/lib/lwip/src/core/netif.c.obj
                0x1000be90                netif_set_up
 .text.netif_set_link_up
                0x1000bed0       0x44 CMakeFiles/MonitorAmbiental.dir/C_/Users/denis/.pico-sdk/sdk/2.2.0/lib/lwip/src/core/netif.c.obj
                0x1000bed0                netif_set_link_up
 .text.netif_set_link_down
                0x1000bf14       0x20 CMakeFiles/MonitorAmbiental.dir/C_/Users/denis/.pico-sdk/sdk/2.2.0/lib/lwip/src/core/netif.c.obj
                0x1000bf14                netif_set_link_down
 .text.netif_get_by_index
                0x1000bf34       0x2c CMakeFiles/MonitorAmbiental.dir/C_/Users/denis/.pico-sdk/sdk/2.2.0/lib/lwip/src/core/netif.c.obj
                0x1000bf34                netif_get_by_index
 .text.pbuf_free.part.0
                0x1000bf60       0x7c CMakeFiles/MonitorAmbiental.dir/C_/Users/denis/.pico-sdk/sdk/2.2.0/lib/lwip/src/core/pbuf.c.obj
 .text.pbuf_free_ooseq
                0x1000bfdc       0x34 CMakeFiles/MonitorAmbiental.dir/C_/Users/denis/.pico-sdk/sdk/2.2.0/lib/lwip/src/core/pbuf.c.obj
                0x1000bfdc                pbuf_free_ooseq
 .text.pbuf_alloc
                0x1000c010      0x134 CMakeFiles/MonitorAmbiental.dir/C_/Users/denis/.pico-sdk/sdk/2.2.0/lib/lwip/src/core/pbuf.c.obj
                0x1000c010                pbuf_alloc
 .text.pbuf_realloc
                0x1000c144       0x84 CMakeFiles/MonitorAmbiental.dir/C_/Users/denis/.pico-sdk/sdk/2.2.0/lib/lwip/src/core/pbuf.c.obj
                0x1000c144                pbuf_realloc
 .text.pbuf_add_header
                0x1000c1c8       0x54 CMakeFiles/MonitorAmbiental.dir/C_/Users/denis/.pico-sdk/sdk/2.2.0/lib/lwip/src/core/pbuf.c.obj
                0x1000c1c8                pbuf_add_header
 .text.pbuf_remove_header
                0x1000c21c       0x3c CMakeFiles/MonitorAmbiental.dir/C_/Users/denis/.pico-sdk/sdk/2.2.0/lib/lwip/src/core/pbuf.c.obj
                0x1000c21c                pbuf_remove_header
 .text.pbuf_header_force
                0x1000c258       0x68 CMakeFiles/MonitorAmbiental.dir/C_/Users/denis/.pico-sdk/sdk/2.2.0/lib/lwip/src/core/pbuf.c.obj
                0x1000c258                pbuf_header_force
 .text.pbuf_free
                0x1000c2c0       0x18 CMakeFiles/MonitorAmbiental.dir/C_/Users/denis/.pico-sdk/sdk/2.2.0/lib/lwip/src/core/pbuf.c.obj
                0x1000c2c0                pbuf_free
 .text.pbuf_clen
                0x1000c2d8       0x14 CMakeFiles/MonitorAmbiental.dir/C_/Users/denis/.pico-sdk/sdk/2.2.0/lib/lwip/src/core/pbuf.c.obj
                0x1000c2d8                pbuf_clen
 .text.pbuf_ref
                0x1000c2ec       0x28 CMakeFiles/MonitorAmbiental.dir/C_/Users/denis/.pico-sdk/sdk/2.2.0/lib/lwip/src/core/pbuf.c.obj
                0x1000c2ec                pbuf_ref
 .text.pbuf_cat
                0x1000c314       0x54 CMakeFiles/MonitorAmbiental.dir/C_/Users/denis/.pico-sdk/sdk/2.2.0/lib/lwip/src/core/pbuf.c.obj
                0x1000c314                pbuf_cat
 .text.pbuf_chain
                0x1000c368       0x70 CMakeFiles/MonitorAmbiental.dir/C_/Users/denis/.pico-sdk/sdk/2.2.0/lib/lwip/src/core/pbuf.c.obj
                0x1000c368                pbuf_chain
 .text.pbuf_copy_partial_pbuf
                0x1000c3d8      0x158 CMakeFiles/MonitorAmbiental.dir/C_/Users/denis/.pico-sdk/sdk/2.2.0/lib/lwip/src/core/pbuf.c.obj
                0x1000c3d8                pbuf_copy_partial_pbuf
 .text.pbuf_copy
                0x1000c530       0x18 CMakeFiles/MonitorAmbiental.dir/C_/Users/denis/.pico-sdk/sdk/2.2.0/lib/lwip/src/core/pbuf.c.obj
                0x1000c530                pbuf_copy
 .text.pbuf_copy_partial
                0x1000c548       0x70 CMakeFiles/MonitorAmbiental.dir/C_/Users/denis/.pico-sdk/sdk/2.2.0/lib/lwip/src/core/pbuf.c.obj
                0x1000c548                pbuf_copy_partial
 .text.pbuf_take
                0x1000c5b8       0x78 CMakeFiles/MonitorAmbiental.dir/C_/Users/denis/.pico-sdk/sdk/2.2.0/lib/lwip/src/core/pbuf.c.obj
                0x1000c5b8                pbuf_take
 .text.pbuf_take_at
                0x1000c630       0xc0 CMakeFiles/MonitorAmbiental.dir/C_/Users/denis/.pico-sdk/sdk/2.2.0/lib/lwip/src/core/pbuf.c.obj
                0x1000c630                pbuf_take_at
 .text.pbuf_clone
                0x1000c6f0       0x30 CMakeFiles/MonitorAmbiental.dir/C_/Users/denis/.pico-sdk/sdk/2.2.0/lib/lwip/src/core/pbuf.c.obj
                0x1000c6f0                pbuf_clone
 .text.pbuf_put_at
                0x1000c720       0x1c CMakeFiles/MonitorAmbiental.dir/C_/Users/denis/.pico-sdk/sdk/2.2.0/lib/lwip/src/core/pbuf.c.obj
                0x1000c720                pbuf_put_at
 .text.raw_input
                0x1000c73c      0x164 CMakeFiles/MonitorAmbiental.dir/C_/Users/denis/.pico-sdk/sdk/2.2.0/lib/lwip/src/core/raw.c.obj
                0x1000c73c                raw_input
 .text.raw_netif_ip_addr_changed
                0x1000c8a0       0x40 CMakeFiles/MonitorAmbiental.dir/C_/Users/denis/.pico-sdk/sdk/2.2.0/lib/lwip/src/core/raw.c.obj
                0x1000c8a0                raw_netif_ip_addr_changed
 .text.stats_init
                0x1000c8e0        0x4 CMakeFiles/MonitorAmbiental.dir/C_/Users/denis/.pico-sdk/sdk/2.2.0/lib/lwip/src/core/stats.c.obj
                0x1000c8e0                stats_init
 .text.tcp_close_shutdown_fin
                0x1000c8e4       0x54 CMakeFiles/MonitorAmbiental.dir/C_/Users/denis/.pico-sdk/sdk/2.2.0/lib/lwip/src/core/tcp.c.obj
 .text.tcp_pcb_purge.part.0
                0x1000c938       0xc4 CMakeFiles/MonitorAmbiental.dir/C_/Users/denis/.pico-sdk/sdk/2.2.0/lib/lwip/src/core/tcp.c.obj
 .text.tcp_init
                0x1000c9fc       0x20 CMakeFiles/MonitorAmbiental.dir/C_/Users/denis/.pico-sdk/sdk/2.2.0/lib/lwip/src/core/tcp.c.obj
                0x1000c9fc                tcp_init
 .text.tcp_free
                0x1000ca1c       0x1c CMakeFiles/MonitorAmbiental.dir/C_/Users/denis/.pico-sdk/sdk/2.2.0/lib/lwip/src/core/tcp.c.obj
                0x1000ca1c                tcp_free
 .text.tcp_bind
                0x1000ca38       0xf4 CMakeFiles/MonitorAmbiental.dir/C_/Users/denis/.pico-sdk/sdk/2.2.0/lib/lwip/src/core/tcp.c.obj
                0x1000ca38                tcp_bind
 .text.tcp_listen_with_backlog
                0x1000cb2c       0x98 CMakeFiles/MonitorAmbiental.dir/C_/Users/denis/.pico-sdk/sdk/2.2.0/lib/lwip/src/core/tcp.c.obj
                0x1000cb2c                tcp_listen_with_backlog
 .text.tcp_update_rcv_ann_wnd
                0x1000cbc4       0x58 CMakeFiles/MonitorAmbiental.dir/C_/Users/denis/.pico-sdk/sdk/2.2.0/lib/lwip/src/core/tcp.c.obj
                0x1000cbc4                tcp_update_rcv_ann_wnd
 .text.tcp_recved
                0x1000cc1c       0x98 CMakeFiles/MonitorAmbiental.dir/C_/Users/denis/.pico-sdk/sdk/2.2.0/lib/lwip/src/core/tcp.c.obj
                0x1000cc1c                tcp_recved
 .text.tcp_slowtmr
                0x1000ccb4      0x514 CMakeFiles/MonitorAmbiental.dir/C_/Users/denis/.pico-sdk/sdk/2.2.0/lib/lwip/src/core/tcp.c.obj
                0x1000ccb4                tcp_slowtmr
 .text.tcp_segs_free
                0x1000d1c8       0x38 CMakeFiles/MonitorAmbiental.dir/C_/Users/denis/.pico-sdk/sdk/2.2.0/lib/lwip/src/core/tcp.c.obj
                0x1000d1c8                tcp_segs_free
 .text.tcp_seg_free
                0x1000d200       0x1c CMakeFiles/MonitorAmbiental.dir/C_/Users/denis/.pico-sdk/sdk/2.2.0/lib/lwip/src/core/tcp.c.obj
                0x1000d200                tcp_seg_free
 .text.tcp_seg_copy